Initialized native services in: /opt/gradle/.gradle/native
Initialized jansi services in: /opt/gradle/.gradle/native
The client will now receive all logging from the daemon (pid: 517). The daemon log file: /opt/gradle/.gradle/daemon/9.3.1/daemon-517.out.log
Starting 3rd build in daemon [uptime: 5 mins 24.275 secs, performance: 99%, GC rate: 0.00/s, heap usage: 0% of 4 GiB]
Using 4 worker leases.
Operational build model parameters: {requiresToolingModels=false, parallelProjectExecution=true, configureOnDemand=false, configurationCache=true, configurationCacheParallelStore=false, configurationCacheParallelLoad=true, isolatedProjects=false, parallelProjectConfiguration=false, intermediateModelCache=false, parallelToolingApiActions=true, invalidateCoupledProjects=false, modelAsProjectDependency=false, resilientModelBuilding=false}
Invalidating in-memory cache of /app/applet/.gradle/9.3.1/fileHashes/fileHashes.bin
Invalidating in-memory cache of /app/applet/.gradle/9.3.1/fileHashes/resourceHashesCache.bin
Invalidating in-memory cache of /app/applet/.gradle/buildOutputCleanup/outputFiles.bin
Encryption key source: default Gradle keystore (pkcs12)
Invalidating in-memory cache of /opt/gradle/.gradle/caches/journal-1/file-access.bin
Calculating task graph as configuration cache cannot be reused because file 'app/build.gradle.kts' has changed.
Watching the file system is configured to be enabled if available
Unable to list file systems to check whether they can be watched. Disabling watching. Reason: Could not query file systems: could not open mount file (errno 2: No such file or directory)
File system watching is inactive
Starting Build
Resolved plugin [id: 'org.gradle.toolchains.foojay-resolver-convention', version: '1.0.0']
Settings evaluated using settings file '/app/applet/settings.gradle.kts'.
Using local directory build cache for the root build (location = /opt/gradle/.gradle/caches/build-cache-1, remove unused entries = after 7 days).
Projects loaded. Root project using build file '/app/applet/build.gradle.kts'.
Included projects: [root project 'MySchedule', project ':app']

> Configure project :
Evaluating root project 'MySchedule' using build file '/app/applet/build.gradle.kts'.
Resolved plugin [id: 'com.android.application', version: '9.1.1', apply: false]
Resolved plugin [id: 'org.jetbrains.kotlin.plugin.compose', version: '2.2.10', apply: false]
Resolved plugin [id: 'org.jetbrains.kotlin.plugin.serialization', version: '2.0.20', apply: false]
Resolved plugin [id: 'com.google.devtools.ksp', version: '2.3.5', apply: false]
Resolved plugin [id: 'io.github.takahirom.roborazzi', version: '1.59.0', apply: false]
Resolved plugin [id: 'com.google.android.libraries.mapsplatform.secrets-gradle-plugin', version: '2.0.1', apply: false]
Resolved plugin [id: 'com.google.gms.google-services', version: '4.5.0', apply: false]

> Configure project :app
Evaluating project ':app' using build file '/app/applet/app/build.gradle.kts'.
Build cache key for Kotlin DSL script compilation (Project/TopLevel/stage1) is e8a6f44222ca18243bdc46c7b02c7d26
Stored cache entry for Kotlin DSL script compilation (Project/TopLevel/stage1) with cache key e8a6f44222ca18243bdc46c7b02c7d26
Resolved plugin [id: 'com.android.application', version: '9.1.1']
Resolved plugin [id: 'org.jetbrains.kotlin.plugin.compose', version: '2.2.10']
Resolved plugin [id: 'org.jetbrains.kotlin.plugin.serialization', version: '2.0.20']
Resolved plugin [id: 'com.google.devtools.ksp', version: '2.3.5']
Resolved plugin [id: 'io.github.takahirom.roborazzi', version: '1.59.0']
Resolved plugin [id: 'com.google.android.libraries.mapsplatform.secrets-gradle-plugin', version: '2.0.1']
Resolved plugin [id: 'com.google.gms.google-services', version: '4.5.0']
Build ee673320-505a-470c-9ef3-3725d7795d71 is started
Using default execution profile
Build cache key for Kotlin DSL script compilation (Project/TopLevel/stage2) is a8361bfa647ca51378f8901f6c70184d
Stored cache entry for Kotlin DSL script compilation (Project/TopLevel/stage2) with cache key a8361bfa647ca51378f8901f6c70184d
Detected Android Gradle Plugin compose compiler configuration
Detected Android Gradle Plugin compose compiler configuration
Detected Android Gradle Plugin compose compiler configuration
Detected Android Gradle Plugin compose compiler configuration
All projects evaluated.
Task path ':app:testDebugUnitTest' matched project ':app'
Task name matched 'testDebugUnitTest'
Selected primary task 'testDebugUnitTest' from project :app
Adding -Xuse-inline-scopes-numbers Kotlin compiler flag for task :app:compileDebugKotlin
Tasks to be executed: [task ':app:preBuild', task ':app:preDebugBuild', task ':app:generateDebugBuildConfig', task ':app:generateDebugResources', task ':app:processDebugGoogleServices', task ':app:packageDebugResources', task ':app:processDebugNavigationResources', task ':app:parseDebugLocalResources', task ':app:generateDebugRFile', task ':app:kspDebugKotlin', task ':app:compileDebugKotlin', task ':app:javaPreCompileDebug', task ':app:compileDebugJavaWithJavac', task ':app:checkDebugAarMetadata', task ':app:mapDebugSourceSetPaths', task ':app:compileDebugNavigationResources', task ':app:mergeDebugResources', task ':app:createDebugCompatibleScreenManifests', task ':app:extractDeepLinksDebug', task ':app:processDebugMainManifest', task ':app:processDebugManifest', task ':app:processDebugManifestForPackage', task ':app:processDebugResources', task ':app:bundleDebugClassesToRuntimeJar', task ':app:bundleDebugClassesToCompileJar', task ':app:kspDebugUnitTestKotlin', task ':app:preDebugUnitTestBuild', task ':app:compileDebugUnitTestKotlin', task ':app:javaPreCompileDebugUnitTest', task ':app:compileDebugUnitTestJavaWithJavac', task ':app:generateDebugAssets', task ':app:mergeDebugAssets', task ':app:packageDebugUnitTestForUnitTest', task ':app:processDebugUnitTestManifest', task ':app:generateDebugUnitTestConfig', task ':app:processDebugJavaRes', task ':app:processDebugUnitTestJavaRes', task ':app:testDebugUnitTest', task ':app:finalizeTestRoborazziDebug']
Tasks that were excluded: []
Registered task dependencies: app:debugCompileClasspath
Skipping misunderstood TO dep string: androidx.compose.ui:ui-test-manifest
Skipping misunderstood TO dep string: org.jetbrains.kotlin:kotlin-stdlib
Skipping misunderstood TO dep string: org.jetbrains.kotlin:kotlin-stdlib
Skipping misunderstood TO dep string: androidx.compose.ui:ui-tooling
Skipping misunderstood TO dep string: androidx.compose.material:material-icons-core
Skipping misunderstood TO dep string: androidx.compose.material:material-icons-extended
Skipping misunderstood TO dep string: androidx.compose.material3:material3
Skipping misunderstood TO dep string: androidx.compose.ui:ui
Skipping misunderstood TO dep string: androidx.compose.ui:ui-graphics
Skipping misunderstood TO dep string: androidx.compose.ui:ui-tooling-preview
Skipping misunderstood TO dep string: org.jetbrains.kotlin:kotlin-stdlib
Skipping misunderstood TO dep string: org.jetbrains.kotlin:kotlin-stdlib
Skipping misunderstood TO dep string: org.jetbrains.kotlin:kotlin-stdlib
Skipping misunderstood TO dep string: com.google.firebase:firebase-appcheck-recaptcha
Skipping misunderstood TO dep string: com.google.firebase:firebase-appcheck-debug
Starting dependency analysis
Registered task dependencies: app:kotlinCompilerPluginClasspath
Starting dependency analysis
Registered task dependencies: app:kotlinCompilerPluginClasspathDebug
Starting dependency analysis
Registered task dependencies: app:kotlinCompilerClasspath
Starting dependency analysis
Downloading https://dl.google.com/dl/android/maven2/androidx/work/work-testing/2.9.0/work-testing-2.9.0.pom to /opt/gradle/.gradle/.tmp/gradle_download3700018448594160772bin
Downloading https://dl.google.com/dl/android/maven2/androidx/work/work-testing/2.9.0/work-testing-2.9.0.module to /opt/gradle/.gradle/.tmp/gradle_download4152137597363612978bin
Downloading https://dl.google.com/dl/android/maven2/androidx/work/work-testing/2.9.1/work-testing-2.9.1.pom to /opt/gradle/.gradle/.tmp/gradle_download16204914558692625093bin
Downloading https://dl.google.com/dl/android/maven2/androidx/work/work-testing/2.9.1/work-testing-2.9.1.module to /opt/gradle/.gradle/.tmp/gradle_download12941244964644011067bin
Registered task dependencies: app:debugUnitTestCompileClasspath
Skipping misunderstood TO dep string: androidx.compose.ui:ui-test-manifest
Skipping misunderstood TO dep string: org.jetbrains.kotlin:kotlin-stdlib
Skipping misunderstood TO dep string: org.jetbrains.kotlin:kotlin-stdlib
Skipping misunderstood TO dep string: androidx.compose.ui:ui-tooling
Skipping misunderstood TO dep string: project :app
Skipping misunderstood TO dep string: androidx.compose.material:material-icons-core
Skipping misunderstood TO dep string: androidx.compose.material:material-icons-extended
Skipping misunderstood TO dep string: androidx.compose.material3:material3
Skipping misunderstood TO dep string: androidx.compose.ui:ui
Skipping misunderstood TO dep string: androidx.compose.ui:ui-graphics
Skipping misunderstood TO dep string: androidx.compose.ui:ui-tooling-preview
Skipping misunderstood TO dep string: org.jetbrains.kotlin:kotlin-stdlib
Skipping misunderstood TO dep string: org.jetbrains.kotlin:kotlin-stdlib
Skipping misunderstood TO dep string: org.jetbrains.kotlin:kotlin-stdlib
Skipping misunderstood TO dep string: com.google.firebase:firebase-appcheck-recaptcha
Skipping misunderstood TO dep string: com.google.firebase:firebase-appcheck-debug
Skipping misunderstood TO dep string: androidx.compose.ui:ui-test-junit4
Starting dependency analysis
Downloading https://dl.google.com/dl/android/maven2/androidx/work/work-testing/2.9.1/work-testing-2.9.1.aar to /opt/gradle/.gradle/.tmp/gradle_download15308033797000937824bin
Registered task dependencies: app:kotlinCompilerPluginClasspathDebugUnitTest
Starting dependency analysis
Downloading https://dl.google.com/dl/android/maven2/androidx/lifecycle/lifecycle-livedata-core/2.5.1/lifecycle-livedata-core-2.5.1.pom to /opt/gradle/.gradle/.tmp/gradle_download2209638652892914594bin
Downloading https://dl.google.com/dl/android/maven2/androidx/work/work-runtime/2.9.0/work-runtime-2.9.0.pom to /opt/gradle/.gradle/.tmp/gradle_download2715352617761763985bin
Downloading https://dl.google.com/dl/android/maven2/androidx/lifecycle/lifecycle-livedata-core/2.5.1/lifecycle-livedata-core-2.5.1.module to /opt/gradle/.gradle/.tmp/gradle_download9283754278832714381bin
Downloading https://dl.google.com/dl/android/maven2/androidx/work/work-runtime/2.9.0/work-runtime-2.9.0.module to /opt/gradle/.gradle/.tmp/gradle_download5773069769389282727bin
Roborazzi: Set output dir file collection to test task
Roborazzi: Set output dir /app/applet/app/build/intermediates/roborazzi to test task
Roborazzi: Set output dir /app/applet/app/build/test-results/roborazzi/debug/results to test task
Roborazzi: Set output file /app/applet/app/build/test-results/roborazzi/debug/results-summary.json to test task
Roborazzi: Set output file /app/applet/app/build/reports/roborazzi/debug/index.html to test task
Build ee673320-505a-470c-9ef3-3725d7795d71 is closed
Using local directory build cache for the root build (location = /opt/gradle/.gradle/caches/build-cache-1, remove unused entries = after 7 days).
Ignoring listeners of task graph ready event, as this build (:) has already executed work.
Resolve mutations for :app:preBuild (Thread[#213,Execution worker,5,main]) started.
Resolve mutations for :app:processDebugGoogleServices (Thread[#214,Execution worker Thread 2,5,main]) started.
:app:preBuild (Thread[#213,Execution worker,5,main]) started.
:app:processDebugGoogleServices (Thread[#214,Execution worker Thread 2,5,main]) started.
Resolve mutations for :app:generateDebugAssets (Thread[#212,included builds,5,main]) started.
:app:generateDebugAssets (Thread[#212,included builds,5,main]) started.
Invalidating in-memory cache of /app/applet/.gradle/9.3.1/executionHistory/executionHistory.bin

> Task :app:preBuild UP-TO-DATE
Skipping task ':app:preBuild' as it has no actions.
Resolve mutations for :app:preDebugBuild (Thread[#213,Execution worker,5,main]) started.
:app:preDebugBuild (Thread[#213,Execution worker,5,main]) started.

> Task :app:generateDebugAssets UP-TO-DATE
Skipping task ':app:generateDebugAssets' as it has no actions.
Resolve mutations for :app:preDebugUnitTestBuild (Thread[#215,Execution worker Thread 3,5,main]) started.

> Task :app:preDebugBuild UP-TO-DATE
Skipping task ':app:preDebugBuild' as it has no actions.
:app:preDebugUnitTestBuild (Thread[#215,Execution worker Thread 3,5,main]) started.
Resolve mutations for :app:generateDebugBuildConfig (Thread[#213,Execution worker,5,main]) started.

> Task :app:preDebugUnitTestBuild UP-TO-DATE
Skipping task ':app:preDebugUnitTestBuild' as it has no actions.
Resolve mutations for :app:generateDebugResources (Thread[#212,included builds,5,main]) started.
Resolve mutations for :app:processDebugNavigationResources (Thread[#215,Execution worker Thread 3,5,main]) started.
:app:generateDebugBuildConfig (Thread[#212,included builds,5,main]) started.
:app:generateDebugResources (Thread[#215,Execution worker Thread 3,5,main]) started.
:app:processDebugNavigationResources (Thread[#213,Execution worker,5,main]) started.

> Task :app:generateDebugBuildConfig UP-TO-DATE
Build cache key for task ':app:generateDebugBuildConfig' is c78be6127bb13d8a0994244a68dd677b
Skipping task ':app:generateDebugBuildConfig' as it is up-to-date.

> Task :app:processDebugGoogleServices UP-TO-DATE
Build cache key for task ':app:processDebugGoogleServices' is cf19b083b9c472a13af4de0da7c01f9a
Skipping task ':app:processDebugGoogleServices' as it is up-to-date.
Resolve mutations for :app:kspDebugKotlin (Thread[#212,included builds,5,main]) started.
Resolve mutations for :app:javaPreCompileDebug (Thread[#214,Execution worker Thread 2,5,main]) started.
:app:javaPreCompileDebug (Thread[#214,Execution worker Thread 2,5,main]) started.
:app:kspDebugKotlin (Thread[#212,included builds,5,main]) started.

> Task :app:generateDebugResources UP-TO-DATE
Build cache key for task ':app:generateDebugResources' is 3be7cc5250631e79428331240ec97625
Skipping task ':app:generateDebugResources' as it is up-to-date.
Resolve mutations for :app:packageDebugResources (Thread[#215,Execution worker Thread 3,5,main]) started.
:app:packageDebugResources (Thread[#215,Execution worker Thread 3,5,main]) started.

> Task :app:packageDebugResources UP-TO-DATE
Build cache key for task ':app:packageDebugResources' is 357b8e0186bcbce606fd4c578c392229
Skipping task ':app:packageDebugResources' as it is up-to-date.
Resolve mutations for :app:checkDebugAarMetadata (Thread[#215,Execution worker Thread 3,5,main]) started.
:app:checkDebugAarMetadata (Thread[#215,Execution worker Thread 3,5,main]) started.

> Task :app:javaPreCompileDebug UP-TO-DATE
Build cache key for task ':app:javaPreCompileDebug' is 7b158de80091fbb025fb6cde759e1b48
Skipping task ':app:javaPreCompileDebug' as it is up-to-date.
Resolve mutations for :app:mapDebugSourceSetPaths (Thread[#214,Execution worker Thread 2,5,main]) started.
:app:mapDebugSourceSetPaths (Thread[#214,Execution worker Thread 2,5,main]) started.

> Task :app:mapDebugSourceSetPaths UP-TO-DATE
Caching disabled for task ':app:mapDebugSourceSetPaths' because:
  Caching has been disabled for the task
Skipping task ':app:mapDebugSourceSetPaths' as it is up-to-date.
Resolve mutations for :app:mergeDebugResources (Thread[#214,Execution worker Thread 2,5,main]) started.
:app:mergeDebugResources (Thread[#214,Execution worker Thread 2,5,main]) started.

> Task :app:checkDebugAarMetadata UP-TO-DATE
Caching disabled for task ':app:checkDebugAarMetadata' because:
  Caching has been disabled for the task
Skipping task ':app:checkDebugAarMetadata' as it is up-to-date.

> Task :app:mergeDebugResources UP-TO-DATE
Build cache key for task ':app:mergeDebugResources' is b2ef6e18e49f204bd33acc55c38c8b2e
Skipping task ':app:mergeDebugResources' as it is up-to-date.
Resolve mutations for :app:createDebugCompatibleScreenManifests (Thread[#215,Execution worker Thread 3,5,main]) started.
Resolve mutations for :app:extractDeepLinksDebug (Thread[#214,Execution worker Thread 2,5,main]) started.
:app:createDebugCompatibleScreenManifests (Thread[#214,Execution worker Thread 2,5,main]) started.
:app:extractDeepLinksDebug (Thread[#215,Execution worker Thread 3,5,main]) started.

> Task :app:createDebugCompatibleScreenManifests UP-TO-DATE
Caching disabled for task ':app:createDebugCompatibleScreenManifests' because:
  Caching has been disabled for the task
Skipping task ':app:createDebugCompatibleScreenManifests' as it is up-to-date.

> Task :app:extractDeepLinksDebug UP-TO-DATE
Build cache key for task ':app:extractDeepLinksDebug' is 32fc369fa5414ba2b063dedfd222134a
Skipping task ':app:extractDeepLinksDebug' as it is up-to-date.
Resolve mutations for :app:javaPreCompileDebugUnitTest (Thread[#214,Execution worker Thread 2,5,main]) started.
Resolve mutations for :app:processDebugMainManifest (Thread[#215,Execution worker Thread 3,5,main]) started.
:app:javaPreCompileDebugUnitTest (Thread[#214,Execution worker Thread 2,5,main]) started.
:app:processDebugMainManifest (Thread[#215,Execution worker Thread 3,5,main]) started.

> Task :app:javaPreCompileDebugUnitTest FROM-CACHE
Build cache key for task ':app:javaPreCompileDebugUnitTest' is 0e122e2f2c316bd1522c4c554a899b1a
Task ':app:javaPreCompileDebugUnitTest' is not up-to-date because:
  Output property 'annotationProcessorListFile' file /app/applet/app/build/intermediates/annotation_processor_list/debugUnitTest/javaPreCompileDebugUnitTest/annotationProcessors.json has been removed.
Loaded cache entry for task ':app:javaPreCompileDebugUnitTest' with cache key 0e122e2f2c316bd1522c4c554a899b1a
Resolve mutations for :app:mergeDebugAssets (Thread[#214,Execution worker Thread 2,5,main]) started.
:app:mergeDebugAssets (Thread[#214,Execution worker Thread 2,5,main]) started.

> Task :app:processDebugMainManifest UP-TO-DATE
Build cache key for task ':app:processDebugMainManifest' is 2b6c0cd3299ae7747456449c1fc5a4a8
Skipping task ':app:processDebugMainManifest' as it is up-to-date.
Resolve mutations for :app:processDebugManifest (Thread[#215,Execution worker Thread 3,5,main]) started.
:app:processDebugManifest (Thread[#215,Execution worker Thread 3,5,main]) started.

> Task :app:mergeDebugAssets UP-TO-DATE
Caching disabled for task ':app:mergeDebugAssets' because:
  Simple merging task
Skipping task ':app:mergeDebugAssets' as it is up-to-date.
work action resolve navigation.json (project :app) (Thread[#214,Execution worker Thread 2,5,main]) started.
Resolve mutations for :app:processDebugUnitTestManifest (Thread[#214,Execution worker Thread 2,5,main]) started.

> Task :app:processDebugManifest UP-TO-DATE
Build cache key for task ':app:processDebugManifest' is 6fcbec1e3d8d5fc6323cadfe81a2509b
Skipping task ':app:processDebugManifest' as it is up-to-date.
Resolve mutations for :app:processDebugManifestForPackage (Thread[#215,Execution worker Thread 3,5,main]) started.

> Task :app:processDebugNavigationResources UP-TO-DATE
Build cache key for task ':app:processDebugNavigationResources' is 263f01917fce93333dae524a0dfb05e2
Skipping task ':app:processDebugNavigationResources' as it is up-to-date.
:app:processDebugUnitTestManifest (Thread[#214,Execution worker Thread 2,5,main]) started.
Resolve mutations for :app:parseDebugLocalResources (Thread[#213,Execution worker,5,main]) started.
Resolve mutations for :app:compileDebugNavigationResources (Thread[#215,Execution worker Thread 3,5,main]) started.
:app:parseDebugLocalResources (Thread[#213,Execution worker,5,main]) started.
:app:compileDebugNavigationResources (Thread[#215,Execution worker Thread 3,5,main]) started.

> Task :app:compileDebugNavigationResources UP-TO-DATE
Build cache key for task ':app:compileDebugNavigationResources' is d8d33e62ba0f87fb90787fbd1f9b22b7
Skipping task ':app:compileDebugNavigationResources' as it is up-to-date.
:app:processDebugManifestForPackage (Thread[#215,Execution worker Thread 3,5,main]) started.

> Task :app:parseDebugLocalResources UP-TO-DATE
Build cache key for task ':app:parseDebugLocalResources' is 00dca39de2a27b60ecf38a36854204cc
Skipping task ':app:parseDebugLocalResources' as it is up-to-date.
Resolve mutations for :app:generateDebugRFile (Thread[#213,Execution worker,5,main]) started.

> Task :app:processDebugManifestForPackage UP-TO-DATE
Build cache key for task ':app:processDebugManifestForPackage' is cac7daf311deb6f79f2736e4b74d1667
Skipping task ':app:processDebugManifestForPackage' as it is up-to-date.
Resolve mutations for :app:processDebugResources (Thread[#215,Execution worker Thread 3,5,main]) started.
:app:generateDebugRFile (Thread[#213,Execution worker,5,main]) started.
:app:processDebugResources (Thread[#215,Execution worker Thread 3,5,main]) started.

> Task :app:generateDebugRFile UP-TO-DATE
Build cache key for task ':app:generateDebugRFile' is dd3bde1c555a6e46c4c9fff557c93d57
Skipping task ':app:generateDebugRFile' as it is up-to-date.

> Task :app:processDebugResources UP-TO-DATE
Build cache key for task ':app:processDebugResources' is 77cb7d155d1f7cedfc2f87f61f2b2b4a
Skipping task ':app:processDebugResources' as it is up-to-date.
Resolve mutations for :app:packageDebugUnitTestForUnitTest (Thread[#215,Execution worker Thread 3,5,main]) started.
:app:packageDebugUnitTestForUnitTest (Thread[#215,Execution worker Thread 3,5,main]) started.

> Task :app:packageDebugUnitTestForUnitTest
Caching disabled for task ':app:packageDebugUnitTestForUnitTest' because:
  Simple merging task
Task ':app:packageDebugUnitTestForUnitTest' is not up-to-date because:
  Output property 'apkForHostTest' file /app/applet/app/build/intermediates/apk_for_local_test/debugUnitTest/packageDebugUnitTestForUnitTest/apk-for-local-test.ap_ has been removed.

> Task :app:processDebugUnitTestManifest
Caching disabled for ExtractAarTransform: /opt/gradle/.gradle/caches/modules-2/files-2.1/androidx.work/work-testing/2.9.1/5689813f4ae494508ad330f588f21fca3609bec0/work-testing-2.9.1.aar because:
  Caching not enabled.
Caching disabled for AarTransform: /opt/gradle/.gradle/caches/9.3.1/transforms/468b5d6f160ed304a6f17793e8377d77/transformed/work-testing-2.9.1 because:
  Caching not enabled.
Caching disabled for AarTransform: /opt/gradle/.gradle/caches/9.3.1/transforms/468b5d6f160ed304a6f17793e8377d77/transformed/work-testing-2.9.1 because:
  Caching not enabled.
Caching disabled for task ':app:processDebugUnitTestManifest' because:
  Caching has been disabled for the task
Task ':app:processDebugUnitTestManifest' is not up-to-date because:
  Output property 'mergeBlameFile' file /app/applet/app/build/intermediates/manifest_merge_blame_file/debugUnitTest/processDebugUnitTestManifest/manifest-merger-blame-debug-test-report.txt has been removed.
  Output property 'packagedManifestOutputDirectory' file /app/applet/app/build/intermediates/packaged_manifests/debugUnitTest/processDebugUnitTestManifest has been removed.
  Output property 'packagedManifestOutputDirectory' file /app/applet/app/build/intermediates/packaged_manifests/debugUnitTest/processDebugUnitTestManifest/AndroidManifest.xml has been removed.
  and more...
Generating in /app/applet/app/build/intermediates/tmp/manifest/test/debug/tempFile1ProcessTestManifest6839002091178992033.xml
Loading library manifest /app/applet/app/build/intermediates/tmp/manifest/test/debug/tempFile1ProcessTestManifest6839002091178992033.xml
Merging main manifest /app/applet/app/src/main/AndroidManifest.xml

Merging library manifest /app/applet/app/build/intermediates/tmp/manifest/test/debug/tempFile1ProcessTestManifest6839002091178992033.xml
Merging manifest with lower tempFile1ProcessTestManifest6839002091178992033.xml:2:1-7:12
uses-sdk defined in both files...
Merging uses-sdk with lower tempFile1ProcessTestManifest6839002091178992033.xml:5:5-74
1<?xml version="1.0" encoding="utf-8"?>
2<manifest xmlns:android="http://schemas.android.com/apk/res/android"
3    xmlns:tools="http://schemas.android.com/tools"
4    package="com.aistudio.myschedule.qvxrtk" >
5
6    <uses-sdk
6-->INJECTED
7        android:minSdkVersion="26"
7-->INJECTED
8        android:targetSdkVersion="36" />
8-->INJECTED
9
10    <uses-permission android:name="android.permission.ACCESS_NOTIFICATION_POLICY" />
10-->/app/applet/app/src/main/AndroidManifest.xml:5:5-85
10-->/app/applet/app/src/main/AndroidManifest.xml:5:22-82
11    <uses-permission android:name="android.permission.POST_NOTIFICATIONS" />
11-->/app/applet/app/src/main/AndroidManifest.xml:6:5-77
11-->/app/applet/app/src/main/AndroidManifest.xml:6:22-74
12    <uses-permission android:name="android.permission.SCHEDULE_EXACT_ALARM" />
12-->/app/applet/app/src/main/AndroidManifest.xml:7:5-79
12-->/app/applet/app/src/main/AndroidManifest.xml:7:22-76
13    <uses-permission android:name="android.permission.USE_EXACT_ALARM" />
13-->/app/applet/app/src/main/AndroidManifest.xml:8:5-74
13-->/app/applet/app/src/main/AndroidManifest.xml:8:22-71
14    <uses-permission android:name="android.permission.RECEIVE_BOOT_COMPLETED" />
14-->/app/applet/app/src/main/AndroidManifest.xml:9:5-81
14-->/app/applet/app/src/main/AndroidManifest.xml:9:22-78
15    <uses-permission android:name="android.permission.VIBRATE" />
15-->/app/applet/app/src/main/AndroidManifest.xml:10:5-66
15-->/app/applet/app/src/main/AndroidManifest.xml:10:22-63
16    <uses-permission android:name="android.permission.INTERNET" />
16-->/app/applet/app/src/main/AndroidManifest.xml:11:5-67
16-->/app/applet/app/src/main/AndroidManifest.xml:11:22-64
17    <uses-permission android:name="android.permission.RECORD_AUDIO" />
17-->/app/applet/app/src/main/AndroidManifest.xml:12:5-71
17-->/app/applet/app/src/main/AndroidManifest.xml:12:22-68
18    <uses-permission
18-->/app/applet/app/src/main/AndroidManifest.xml:13:5-114
19        android:name="android.permission.PACKAGE_USAGE_STATS"
19-->/app/applet/app/src/main/AndroidManifest.xml:13:22-75
20        tools:ignore="ProtectedPermissions" />
20-->/app/applet/app/src/main/AndroidManifest.xml:13:76-111
21
22    <application
22-->/app/applet/app/src/main/AndroidManifest.xml:15:5-71:19
23        android:allowBackup="true"
23-->/app/applet/app/src/main/AndroidManifest.xml:16:9-35
24        android:dataExtractionRules="@xml/data_extraction_rules"
24-->/app/applet/app/src/main/AndroidManifest.xml:17:9-65
25        android:fullBackupContent="@xml/backup_rules"
25-->/app/applet/app/src/main/AndroidManifest.xml:18:9-54
26        android:icon="@mipmap/ic_launcher"
26-->/app/applet/app/src/main/AndroidManifest.xml:19:9-43
27        android:label="@string/app_name"
27-->/app/applet/app/src/main/AndroidManifest.xml:20:9-41
28        android:localeConfig="@xml/locales_config"
28-->/app/applet/app/src/main/AndroidManifest.xml:23:9-51
29        android:roundIcon="@mipmap/ic_launcher_round"
29-->/app/applet/app/src/main/AndroidManifest.xml:21:9-54
30        android:supportsRtl="true"
30-->/app/applet/app/src/main/AndroidManifest.xml:22:9-35
31        android:theme="@style/Theme.MyApplication" >
31-->/app/applet/app/src/main/AndroidManifest.xml:24:9-51
32        <activity
32-->/app/applet/app/src/main/AndroidManifest.xml:25:9-36:20
33            android:name="com.example.MainActivity"
33-->/app/applet/app/src/main/AndroidManifest.xml:26:13-41
34            android:exported="true"
34-->/app/applet/app/src/main/AndroidManifest.xml:27:13-36
35            android:label="@string/app_name"
35-->/app/applet/app/src/main/AndroidManifest.xml:28:13-45
36            android:theme="@style/Theme.MyApplication"
36-->/app/applet/app/src/main/AndroidManifest.xml:30:13-55
37            android:windowSoftInputMode="adjustResize" >
37-->/app/applet/app/src/main/AndroidManifest.xml:29:13-55
38            <intent-filter>
38-->/app/applet/app/src/main/AndroidManifest.xml:31:13-35:29
39                <action android:name="android.intent.action.MAIN" />
39-->/app/applet/app/src/main/AndroidManifest.xml:32:17-69
39-->/app/applet/app/src/main/AndroidManifest.xml:32:25-66
40
41                <category android:name="android.intent.category.LAUNCHER" />
41-->/app/applet/app/src/main/AndroidManifest.xml:34:17-77
41-->/app/applet/app/src/main/AndroidManifest.xml:34:27-74
42            </intent-filter>
43        </activity>
44
45        <receiver
45-->/app/applet/app/src/main/AndroidManifest.xml:38:9-40:40
46            android:name="com.example.service.NotificationActionReceiver"
46-->/app/applet/app/src/main/AndroidManifest.xml:39:13-63
47            android:exported="false" />
47-->/app/applet/app/src/main/AndroidManifest.xml:40:13-37
48        <receiver
48-->/app/applet/app/src/main/AndroidManifest.xml:42:9-52:20
49            android:name="com.example.service.ClassReminderReceiver"
49-->/app/applet/app/src/main/AndroidManifest.xml:43:13-58
50            android:exported="false" >
50-->/app/applet/app/src/main/AndroidManifest.xml:44:13-37
51            <intent-filter>
51-->/app/applet/app/src/main/AndroidManifest.xml:45:13-51:29
52                <action android:name="android.intent.action.BOOT_COMPLETED" />
52-->/app/applet/app/src/main/AndroidManifest.xml:46:17-79
52-->/app/applet/app/src/main/AndroidManifest.xml:46:25-76
53                <action android:name="android.intent.action.MY_PACKAGE_REPLACED" />
53-->/app/applet/app/src/main/AndroidManifest.xml:47:17-84
53-->/app/applet/app/src/main/AndroidManifest.xml:47:25-81
54                <action android:name="android.intent.action.TIME_SET" />
54-->/app/applet/app/src/main/AndroidManifest.xml:48:17-73
54-->/app/applet/app/src/main/AndroidManifest.xml:48:25-70
55                <action android:name="android.intent.action.TIMEZONE_CHANGED" />
55-->/app/applet/app/src/main/AndroidManifest.xml:49:17-81
55-->/app/applet/app/src/main/AndroidManifest.xml:49:25-78
56                <action android:name="com.example.ACTION_TRIGGER_CLASS_REMINDER" />
56-->/app/applet/app/src/main/AndroidManifest.xml:50:17-84
56-->/app/applet/app/src/main/AndroidManifest.xml:50:25-81
57            </intent-filter>
58        </receiver>
59
60        <provider
60-->INJECTED
61            android:name="androidx.core.content.FileProvider"
61-->/app/applet/app/src/main/AndroidManifest.xml:55:13-62
62            android:authorities="com.aistudio.myschedule.qvxrtk.fileprovider"
62-->INJECTED
63            android:exported="false"
63-->/app/applet/app/src/main/AndroidManifest.xml:57:13-37
64            android:grantUriPermissions="true" >
64-->/app/applet/app/src/main/AndroidManifest.xml:58:13-47
65            <meta-data
65-->/app/applet/app/src/main/AndroidManifest.xml:59:13-61:54
66                android:name="android.support.FILE_PROVIDER_PATHS"
66-->/app/applet/app/src/main/AndroidManifest.xml:60:17-67
67                android:resource="@xml/file_paths" />
67-->/app/applet/app/src/main/AndroidManifest.xml:61:17-51
68        </provider>
69
70        <receiver
70-->/app/applet/app/src/main/AndroidManifest.xml:63:13-70:20
71            android:name="com.example.service.DndAutomationReceiver"
71-->/app/applet/app/src/main/AndroidManifest.xml:64:13-58
72            android:exported="false" >
72-->/app/applet/app/src/main/AndroidManifest.xml:65:13-37
73            <intent-filter>
73-->/app/applet/app/src/main/AndroidManifest.xml:66:13-69:29
74                <action android:name="com.example.ACTION_DND_TURN_ON" />
74-->/app/applet/app/src/main/AndroidManifest.xml:67:17-73
74-->/app/applet/app/src/main/AndroidManifest.xml:67:25-70
75                <action android:name="com.example.ACTION_DND_TURN_OFF" />
75-->/app/applet/app/src/main/AndroidManifest.xml:68:17-74
75-->/app/applet/app/src/main/AndroidManifest.xml:68:25-71
76            </intent-filter>
77        </receiver>
78    </application>
79
80</manifest>

Merged manifest saved to /app/applet/app/build/intermediates/tmp/manifest/test/debug/tempFile2ProcessTestManifest14847370064294329178.xml
Loading library manifest /opt/gradle/.gradle/caches/9.3.1/transforms/a9e69cdc717f3099a3c72140928a8ce7/transformed/coil-compose-2.7.0/AndroidManifest.xml
Loading library manifest /opt/gradle/.gradle/caches/9.3.1/transforms/23033574747b5f512a6adae073752ca7/transformed/coil-compose-base-2.7.0/AndroidManifest.xml
Loading library manifest /opt/gradle/.gradle/caches/9.3.1/transforms/de17f10193e2c5defef574d33a3b4c2a/transformed/coil-2.7.0/AndroidManifest.xml
Loading library manifest /opt/gradle/.gradle/caches/9.3.1/transforms/8025ce4795afa126c2ae352cc25b9eaa/transformed/coil-base-2.7.0/AndroidManifest.xml
Loading library manifest /opt/gradle/.gradle/caches/9.3.1/transforms/4903e4d8706804e8c151ef3ee36f8be1/transformed/appcompat-resources-1.7.0/AndroidManifest.xml
Loading library manifest /opt/gradle/.gradle/caches/9.3.1/transforms/676ca406c33dcf44dc56595e597bee10/transformed/appcompat-1.7.0/AndroidManifest.xml
Loading library manifest /opt/gradle/.gradle/caches/9.3.1/transforms/a302ab38ca2f97451870adbaaf53021a/transformed/firebase-appcheck-debug-19.4.0/AndroidManifest.xml
Loading library manifest /opt/gradle/.gradle/caches/9.3.1/transforms/f1b037bb0c4a472913af4648e7f1da6d/transformed/firebase-appcheck-recaptcha-19.2.0/AndroidManifest.xml
Loading library manifest /opt/gradle/.gradle/caches/9.3.1/transforms/6121dc9720dd1406fbc90fe17e6158ae/transformed/firebase-appcheck-19.4.0/AndroidManifest.xml
Loading library manifest /opt/gradle/.gradle/caches/9.3.1/transforms/218220c9eccee56f76dfe63c6bb949bd/transformed/recaptcha-18.7.1/AndroidManifest.xml
Loading library manifest /opt/gradle/.gradle/caches/9.3.1/transforms/54dd9a361abe50aad17d2e3ae29c259d/transformed/firebase-appcheck-interop-17.1.0/AndroidManifest.xml
Loading library manifest /opt/gradle/.gradle/caches/9.3.1/transforms/375a4db7752f527d7ea8dade6cb95f24/transformed/play-services-recaptchabase-16.1.0/AndroidManifest.xml
Loading library manifest /opt/gradle/.gradle/caches/9.3.1/transforms/47a47316e8fbfcce234765c5c5396bbb/transformed/play-services-base-18.9.0/AndroidManifest.xml
Loading library manifest /opt/gradle/.gradle/caches/9.3.1/transforms/5a66a2a41838c48f8056f7a85c0c36db/transformed/firebase-common-22.2.0/AndroidManifest.xml
Loading library manifest /opt/gradle/.gradle/caches/9.3.1/transforms/52e09188b6856dc2b7926969b60d27dc/transformed/integrity-1.4.0/AndroidManifest.xml
Loading library manifest /opt/gradle/.gradle/caches/9.3.1/transforms/468b5d6f160ed304a6f17793e8377d77/transformed/work-testing-2.9.1/AndroidManifest.xml
Loading library manifest /opt/gradle/.gradle/caches/9.3.1/transforms/7ab727e6afd242b7c3e549dbd348fabc/transformed/work-runtime-ktx-2.9.1/AndroidManifest.xml
Loading library manifest /opt/gradle/.gradle/caches/9.3.1/transforms/e7617e5446f20b48bdfd7333f7d72100/transformed/work-runtime-2.9.1/AndroidManifest.xml
Loading library manifest /opt/gradle/.gradle/caches/9.3.1/transforms/d8e2a238cb0c04644d3f50199d65323e/transformed/room-runtime-release/AndroidManifest.xml
Loading library manifest /opt/gradle/.gradle/caches/9.3.1/transforms/4fbb1fc678c8dfd5e039ea4e6af3d6d6/transformed/room-ktx-2.7.0/AndroidManifest.xml
Loading library manifest /opt/gradle/.gradle/caches/9.3.1/transforms/c753de05a10af4dea50f50ede0ea5c26/transformed/generativeai-0.9.0/AndroidManifest.xml
Loading library manifest /opt/gradle/.gradle/caches/9.3.1/transforms/7fc88addd77fd2ea87d065e648cf58d8/transformed/loader-1.0.0/AndroidManifest.xml
Loading library manifest /opt/gradle/.gradle/caches/9.3.1/transforms/11aaa0d4ee3d19ee484b376fca6eb458/transformed/emoji2-views-helper-1.3.0/AndroidManifest.xml
Loading library manifest /opt/gradle/.gradle/caches/9.3.1/transforms/2650a78b4ec144586de5f0fa9e48bc27/transformed/material3-release/AndroidManifest.xml
Loading library manifest /opt/gradle/.gradle/caches/9.3.1/transforms/9610dc5c716c3c164188f6df7bc58a00/transformed/ui-test-junit4-release/AndroidManifest.xml
Loading library manifest /opt/gradle/.gradle/caches/9.3.1/transforms/dfc117df056728946903b8eed8de0000/transformed/material-release/AndroidManifest.xml
Loading library manifest /opt/gradle/.gradle/caches/9.3.1/transforms/69071992fc6013d1546847e59d0c28b7/transformed/animation-core-release/AndroidManifest.xml
Loading library manifest /opt/gradle/.gradle/caches/9.3.1/transforms/a78eaf162248ad3d3ee85e9493ad29d8/transformed/material-ripple-release/AndroidManifest.xml
Loading library manifest /opt/gradle/.gradle/caches/9.3.1/transforms/5c6d2aa159931934743ee81efb7a2dc3/transformed/ui-tooling-data-release/AndroidManifest.xml
Loading library manifest /opt/gradle/.gradle/caches/9.3.1/transforms/fef9627055378cc48fb33ab2bfd55111/transformed/ui-test-release/AndroidManifest.xml
Loading library manifest /opt/gradle/.gradle/caches/9.3.1/transforms/4ef97957be3e47dad1032835684d32ce/transformed/ui-unit-release/AndroidManifest.xml
Loading library manifest /opt/gradle/.gradle/caches/9.3.1/transforms/d55dc5cb9f6a4301072a3fa5bc889ea6/transformed/ui-geometry-release/AndroidManifest.xml
Loading library manifest /opt/gradle/.gradle/caches/9.3.1/transforms/76b541799c75ac37f01f82852511fe53/transformed/ui-util-release/AndroidManifest.xml
Loading library manifest /opt/gradle/.gradle/caches/9.3.1/transforms/9bed175249b8190b6391db418a581823/transformed/ui-text-release/AndroidManifest.xml
Loading library manifest /opt/gradle/.gradle/caches/9.3.1/transforms/a67533995cc9587f10cb6ae6fc2aae15/transformed/ui-tooling-preview-release/AndroidManifest.xml
Loading library manifest /opt/gradle/.gradle/caches/9.3.1/transforms/c2abf25ca2db73eb5742656f9ac25811/transformed/ui-graphics-release/AndroidManifest.xml
Loading library manifest /opt/gradle/.gradle/caches/9.3.1/transforms/dcc7b1187c4fe0bd8b80919f1598ff35/transformed/ui-tooling-release/AndroidManifest.xml
Loading library manifest /opt/gradle/.gradle/caches/9.3.1/transforms/035c7427160b5969eb18bb9647095399/transformed/animation-release/AndroidManifest.xml
Loading library manifest /opt/gradle/.gradle/caches/9.3.1/transforms/9a0fe9628295f9a204fc467f25b104f8/transformed/foundation-layout-release/AndroidManifest.xml
Loading library manifest /opt/gradle/.gradle/caches/9.3.1/transforms/f6dea46c3bff9067dbdfa9942b255d0e/transformed/foundation-release/AndroidManifest.xml
Loading library manifest /opt/gradle/.gradle/caches/9.3.1/transforms/1a61f7e15df3522e9e6ea26ed19fb04d/transformed/emoji2-1.3.0/AndroidManifest.xml
Loading library manifest /opt/gradle/.gradle/caches/9.3.1/transforms/48f87744cba7a6dd31ec21cfccb3210e/transformed/common-0.8.0/AndroidManifest.xml
Loading library manifest /opt/gradle/.gradle/caches/9.3.1/transforms/a3c0c5a527e5807f9b536f296b75e6c7/transformed/roborazzi-compose-1.59.0/AndroidManifest.xml
Loading library manifest /opt/gradle/.gradle/caches/9.3.1/transforms/6f82be5973893ecdda209db4ae5a1ab0/transformed/roborazzi-junit-rule-1.59.0/AndroidManifest.xml
Loading library manifest /opt/gradle/.gradle/caches/9.3.1/transforms/f2f47d808fdf956c205eee0251ac69bf/transformed/roborazzi-1.59.0/AndroidManifest.xml
Loading library manifest /opt/gradle/.gradle/caches/9.3.1/transforms/ed2063d78894fd0e64913139ad08488b/transformed/roborazzi-core-release/AndroidManifest.xml
Loading library manifest /opt/gradle/.gradle/caches/9.3.1/transforms/a0a5da5a2ceea00f87ac1f9feb7b222d/transformed/customview-poolingcontainer-1.0.0/AndroidManifest.xml
Loading library manifest /opt/gradle/.gradle/caches/9.3.1/transforms/2462b82c48f772838b777cc8a6e72160/transformed/core-ktx-1.18.0/AndroidManifest.xml
Loading library manifest /opt/gradle/.gradle/caches/9.3.1/transforms/f9beb9d4a31c207750e730cbee7a3a40/transformed/drawerlayout-1.0.0/AndroidManifest.xml
Loading library manifest /opt/gradle/.gradle/caches/9.3.1/transforms/ce5ce21b43fbf6b3f413ded70c624b24/transformed/vectordrawable-animated-1.1.0/AndroidManifest.xml
Loading library manifest /opt/gradle/.gradle/caches/9.3.1/transforms/7a492550659e31674b3bd3c0883196b4/transformed/vectordrawable-1.1.0/AndroidManifest.xml
Loading library manifest /opt/gradle/.gradle/caches/9.3.1/transforms/029c3b89c912caed425b8d09f554283e/transformed/viewpager-1.0.0/AndroidManifest.xml
Loading library manifest /opt/gradle/.gradle/caches/9.3.1/transforms/e22e57af2878e06150c594beba510d34/transformed/customview-1.0.0/AndroidManifest.xml
Loading library manifest /opt/gradle/.gradle/caches/9.3.1/transforms/b6febfd776155a457dd8814dacd16e7e/transformed/autofill-1.0.0/AndroidManifest.xml
Loading library manifest /opt/gradle/.gradle/caches/9.3.1/transforms/5f922f966460eb6d735c21531aeddf58/transformed/graphics-path-1.0.1/AndroidManifest.xml
Loading library manifest /opt/gradle/.gradle/caches/9.3.1/transforms/2aa02fbeaaae7ca8cf091f02bd236ab7/transformed/core-1.18.0/AndroidManifest.xml
Loading library manifest /opt/gradle/.gradle/caches/9.3.1/transforms/2722ef003b96d5953fe00ce148c70990/transformed/junit-ktx-1.2.1/AndroidManifest.xml
Loading library manifest /opt/gradle/.gradle/caches/9.3.1/transforms/eba70a8ee80065a1c2448b7fdbe932b7/transformed/junit-1.3.0/AndroidManifest.xml
Loading library manifest /opt/gradle/.gradle/caches/9.3.1/transforms/59a6f641d879c5ea87c3c7290e6ea4c7/transformed/espresso-core-3.5.1/AndroidManifest.xml
Loading library manifest /opt/gradle/.gradle/caches/9.3.1/transforms/d1e5728ab367edfc9d788818e670889a/transformed/core-1.7.0/AndroidManifest.xml
Loading library manifest /opt/gradle/.gradle/caches/9.3.1/transforms/e5b4e76a7d7107465118beea01b5726f/transformed/savedstate-ktx-1.2.1/AndroidManifest.xml
Loading library manifest /opt/gradle/.gradle/caches/9.3.1/transforms/14c984456c478ab4253dc508caf0ff81/transformed/savedstate-1.2.1/AndroidManifest.xml
Loading library manifest /opt/gradle/.gradle/caches/9.3.1/transforms/b3f699a3ecdf4e3a85e47bfad8169bc0/transformed/lifecycle-viewmodel-2.8.7/AndroidManifest.xml
Loading library manifest /opt/gradle/.gradle/caches/9.3.1/transforms/0c54641404248e87b3f7020d23babb39/transformed/lifecycle-viewmodel-release/AndroidManifest.xml
Loading library manifest /opt/gradle/.gradle/caches/9.3.1/transforms/47124c2b0404c5f4ef4b46fc356c33a6/transformed/lifecycle-livedata-core-ktx-2.8.7/AndroidManifest.xml
Loading library manifest /opt/gradle/.gradle/caches/9.3.1/transforms/80e30490d30edaf67faf65e2928210f2/transformed/lifecycle-runtime-release/AndroidManifest.xml
Loading library manifest /opt/gradle/.gradle/caches/9.3.1/transforms/d48846f47da3becbd111dd7886b8548c/transformed/lifecycle-viewmodel-savedstate-2.8.7/AndroidManifest.xml
Loading library manifest /opt/gradle/.gradle/caches/9.3.1/transforms/b3ac8401b53099802738bfc093882d3a/transformed/lifecycle-viewmodel-ktx-2.8.7/AndroidManifest.xml
Loading library manifest /opt/gradle/.gradle/caches/9.3.1/transforms/05f9fbf74fa180e46a46291dc3061815/transformed/lifecycle-service-2.8.7/AndroidManifest.xml
Loading library manifest /opt/gradle/.gradle/caches/9.3.1/transforms/13324beaee2c3606e015c11a53b0809a/transformed/lifecycle-process-2.8.7/AndroidManifest.xml
Loading library manifest /opt/gradle/.gradle/caches/9.3.1/transforms/316df0c08a42483da689d7b2a4febc1f/transformed/lifecycle-livedata-core-2.8.7/AndroidManifest.xml
Loading library manifest /opt/gradle/.gradle/caches/9.3.1/transforms/77da34f710bc4557da615dfafe950f76/transformed/lifecycle-livedata-2.8.7/AndroidManifest.xml
Loading library manifest /opt/gradle/.gradle/caches/9.3.1/transforms/e096dad8d95833ec452070e6087b96cc/transformed/lifecycle-viewmodel-compose-release/AndroidManifest.xml
Loading library manifest /opt/gradle/.gradle/caches/9.3.1/transforms/eff2f1b0a0ff9c20b8f08e901ee54404/transformed/lifecycle-runtime-compose-release/AndroidManifest.xml
Loading library manifest /opt/gradle/.gradle/caches/9.3.1/transforms/ca1a866f082097373670c10124a34a27/transformed/lifecycle-runtime-ktx-release/AndroidManifest.xml
Loading library manifest /opt/gradle/.gradle/caches/9.3.1/transforms/c3e4ab88e204d2ea3e913361c8310283/transformed/accompanist-drawablepainter-0.32.0/AndroidManifest.xml
Loading library manifest /opt/gradle/.gradle/caches/9.3.1/transforms/7c09f436958cdabbcf8646dfa608dfaa/transformed/runtime-saveable-release/AndroidManifest.xml
Loading library manifest /opt/gradle/.gradle/caches/9.3.1/transforms/34b4f2da92d090a3af2ff89d4be86f37/transformed/runtime-release/AndroidManifest.xml
Loading library manifest /opt/gradle/.gradle/caches/9.3.1/transforms/2384ea122bc398bc4cf80b1d2716b8a4/transformed/profileinstaller-1.4.0/AndroidManifest.xml
Loading library manifest /opt/gradle/.gradle/caches/9.3.1/transforms/a24e0e62caa55e0309ed567cd8b89323/transformed/datastore-core-release/AndroidManifest.xml
Loading library manifest /opt/gradle/.gradle/caches/9.3.1/transforms/66d86cdb4bc0fc751688a160cc93d2af/transformed/datastore-preferences-core-release/AndroidManifest.xml
Loading library manifest /opt/gradle/.gradle/caches/9.3.1/transforms/2a838b375cfc2fbf05e7abb9c56d8975/transformed/datastore-release/AndroidManifest.xml
Loading library manifest /opt/gradle/.gradle/caches/9.3.1/transforms/891075182bec604557136765842c4eec/transformed/datastore-preferences-release/AndroidManifest.xml
Loading library manifest /opt/gradle/.gradle/caches/9.3.1/transforms/54384391433aaa507270f3c718137400/transformed/play-services-tasks-18.4.0/AndroidManifest.xml
Loading library manifest /opt/gradle/.gradle/caches/9.3.1/transforms/f616dbc3c30c8ae5f2d298251ff1050f/transformed/play-services-basement-18.9.0/AndroidManifest.xml
Loading library manifest /opt/gradle/.gradle/caches/9.3.1/transforms/bf97c8b331c1c6ee3d62862fc376a4f4/transformed/fragment-1.5.4/AndroidManifest.xml
Loading library manifest /opt/gradle/.gradle/caches/9.3.1/transforms/87f21a30d35214a005a843f2e8f9611a/transformed/activity-1.10.1/AndroidManifest.xml
Loading library manifest /opt/gradle/.gradle/caches/9.3.1/transforms/9537605a417d41e668dafe95ab5a5d8f/transformed/activity-ktx-1.10.1/AndroidManifest.xml
Loading library manifest /opt/gradle/.gradle/caches/9.3.1/transforms/b69ba5a71752b0883ce66d00e7c66c31/transformed/activity-compose-1.10.1/AndroidManifest.xml
Loading library manifest /opt/gradle/.gradle/caches/9.3.1/transforms/a3a27c2c4e056357afa51d29b5d02102/transformed/material-icons-extended-release/AndroidManifest.xml
Loading library manifest /opt/gradle/.gradle/caches/9.3.1/transforms/f0c0961d1ec00095751d54cb394f3624/transformed/material-icons-core-release/AndroidManifest.xml
Loading library manifest /opt/gradle/.gradle/caches/9.3.1/transforms/f57e1f8ef6a67bffd57d4cf679d217c9/transformed/ui-release/AndroidManifest.xml
Loading library manifest /opt/gradle/.gradle/caches/9.3.1/transforms/5c1754041db7d77edcb59fedd08b8a3f/transformed/ui-test-manifest-1.7.0/AndroidManifest.xml
Loading library manifest /opt/gradle/.gradle/caches/9.3.1/transforms/6facbb417e5c54ceb66ce9fa0668ea1b/transformed/runner-1.5.2/AndroidManifest.xml
Loading library manifest /opt/gradle/.gradle/caches/9.3.1/transforms/a9109832737a21ea9d1ea6e34c79bd16/transformed/storage-1.6.0/AndroidManifest.xml
Loading library manifest /opt/gradle/.gradle/caches/9.3.1/transforms/b4d9042722417b07657eb1aeea8a3314/transformed/monitor-1.8.0/AndroidManifest.xml
Loading library manifest /opt/gradle/.gradle/caches/9.3.1/transforms/b14a21598ae89c3cd8836bcd9a010835/transformed/annotation-1.0.1/AndroidManifest.xml
Loading library manifest /opt/gradle/.gradle/caches/9.3.1/transforms/69d2b279724d324f6dc770737c8ef615/transformed/annotation-experimental-1.4.1/AndroidManifest.xml
Loading library manifest /opt/gradle/.gradle/caches/9.3.1/transforms/f5d78e38eb313accb5d5c3e21181c630/transformed/core-viewtree-1.0.0/AndroidManifest.xml
Loading library manifest /opt/gradle/.gradle/caches/9.3.1/transforms/b3c37dc03096b6637a385723cd9a656a/transformed/versionedparcelable-1.1.1/AndroidManifest.xml
Loading library manifest /opt/gradle/.gradle/caches/9.3.1/transforms/b959ca5a86cf6e116e4f8e80ec3c1968/transformed/security-crypto-1.1.0-alpha03/AndroidManifest.xml
Loading library manifest /opt/gradle/.gradle/caches/9.3.1/transforms/fcdc1c3767c4ab041fe97cf7896315c3/transformed/sqlite-release/AndroidManifest.xml
Loading library manifest /opt/gradle/.gradle/caches/9.3.1/transforms/0903b09d5af79e009e1b5623142d319f/transformed/sqlite-framework-release/AndroidManifest.xml
Loading library manifest /opt/gradle/.gradle/caches/9.3.1/transforms/81742f6467b58276e0afb227ae8cb40f/transformed/cursoradapter-1.0.0/AndroidManifest.xml
Loading library manifest /opt/gradle/.gradle/caches/9.3.1/transforms/5cf61061f6c732f7fdaaa7fe0431833a/transformed/startup-runtime-1.1.1/AndroidManifest.xml
Loading library manifest /opt/gradle/.gradle/caches/9.3.1/transforms/b75451529e22e82b239a72e3fae10e13/transformed/firebase-components-19.0.0/AndroidManifest.xml
Loading library manifest /opt/gradle/.gradle/caches/9.3.1/transforms/f06b7eb3ac83e399e38da9e59cc1880e/transformed/core-runtime-2.2.0/AndroidManifest.xml
Loading library manifest /opt/gradle/.gradle/caches/9.3.1/transforms/bf7d2dca93d47db8a9fabde2c5d5c16b/transformed/tracing-1.2.0/AndroidManifest.xml
Loading library manifest /opt/gradle/.gradle/caches/9.3.1/transforms/f5a85570e63f0f72f239231c4cdde100/transformed/interpolator-1.0.0/AndroidManifest.xml
Loading library manifest /opt/gradle/.gradle/caches/9.3.1/transforms/41b6fe7e82aef853acbfca9f3ec5e068/transformed/exifinterface-1.3.7/AndroidManifest.xml
Loading library manifest /opt/gradle/.gradle/caches/9.3.1/transforms/f516a3aaa4438066fad60855999fae25/transformed/espresso-idling-resource-3.7.0/AndroidManifest.xml
Loading library manifest /opt/gradle/.gradle/caches/9.3.1/transforms/187783eb789709285d35db2d656660da/transformed/core-common-2.0.4/AndroidManifest.xml
Merging main manifest /app/applet/app/build/intermediates/tmp/manifest/test/debug/tempFile2ProcessTestManifest14847370064294329178.xml

Merging library manifest /opt/gradle/.gradle/caches/9.3.1/transforms/a9e69cdc717f3099a3c72140928a8ce7/transformed/coil-compose-2.7.0/AndroidManifest.xml
Merging manifest with lower [io.coil-kt:coil-compose:2.7.0] AndroidManifest.xml:2:1-7:12
uses-sdk defined in both files...
Merging uses-sdk with lower [io.coil-kt:coil-compose:2.7.0] AndroidManifest.xml:5:5-44
Merging library manifest /opt/gradle/.gradle/caches/9.3.1/transforms/23033574747b5f512a6adae073752ca7/transformed/coil-compose-base-2.7.0/AndroidManifest.xml
Merging manifest with lower [io.coil-kt:coil-compose-base:2.7.0] AndroidManifest.xml:2:1-7:12
uses-sdk defined in both files...
Merging uses-sdk with lower [io.coil-kt:coil-compose-base:2.7.0] AndroidManifest.xml:5:5-44
Merging library manifest /opt/gradle/.gradle/caches/9.3.1/transforms/de17f10193e2c5defef574d33a3b4c2a/transformed/coil-2.7.0/AndroidManifest.xml
Merging manifest with lower [io.coil-kt:coil:2.7.0] AndroidManifest.xml:2:1-7:12
uses-sdk defined in both files...
Merging uses-sdk with lower [io.coil-kt:coil:2.7.0] AndroidManifest.xml:5:5-44
Merging library manifest /opt/gradle/.gradle/caches/9.3.1/transforms/8025ce4795afa126c2ae352cc25b9eaa/transformed/coil-base-2.7.0/AndroidManifest.xml
Merging manifest with lower [io.coil-kt:coil-base:2.7.0] AndroidManifest.xml:2:1-7:12
uses-sdk defined in both files...
Merging uses-sdk with lower [io.coil-kt:coil-base:2.7.0] AndroidManifest.xml:5:5-44
Merging library manifest /opt/gradle/.gradle/caches/9.3.1/transforms/4903e4d8706804e8c151ef3ee36f8be1/transformed/appcompat-resources-1.7.0/AndroidManifest.xml
Merging manifest with lower [androidx.appcompat:appcompat-resources:1.7.0] AndroidManifest.xml:2:1-7:12
uses-sdk defined in both files...
Merging uses-sdk with lower [androidx.appcompat:appcompat-resources:1.7.0] AndroidManifest.xml:5:5-44
Merging library manifest /opt/gradle/.gradle/caches/9.3.1/transforms/676ca406c33dcf44dc56595e597bee10/transformed/appcompat-1.7.0/AndroidManifest.xml
Merging manifest with lower [androidx.appcompat:appcompat:1.7.0] AndroidManifest.xml:2:1-7:12
uses-sdk defined in both files...
Merging uses-sdk with lower [androidx.appcompat:appcompat:1.7.0] AndroidManifest.xml:5:5-44
Merging library manifest /opt/gradle/.gradle/caches/9.3.1/transforms/a302ab38ca2f97451870adbaaf53021a/transformed/firebase-appcheck-debug-19.4.0/AndroidManifest.xml
Merging manifest with lower [com.google.firebase:firebase-appcheck-debug:19.4.0] AndroidManifest.xml:15:1-31:12
uses-sdk defined in both files...
Merging uses-sdk with lower [com.google.firebase:firebase-appcheck-debug:19.4.0] AndroidManifest.xml:18:5-44
application defined in both files...
Merging application with lower [com.google.firebase:firebase-appcheck-debug:19.4.0] AndroidManifest.xml:21:5-29:19
Adopted [service: null]
Merging library manifest /opt/gradle/.gradle/caches/9.3.1/transforms/f1b037bb0c4a472913af4648e7f1da6d/transformed/firebase-appcheck-recaptcha-19.2.0/AndroidManifest.xml
Merging manifest with lower [com.google.firebase:firebase-appcheck-recaptcha:19.2.0] AndroidManifest.xml:15:1-30:12
uses-sdk defined in both files...
Merging uses-sdk with lower [com.google.firebase:firebase-appcheck-recaptcha:19.2.0] AndroidManifest.xml:18:5-44
application defined in both files...
Merging application with lower [com.google.firebase:firebase-appcheck-recaptcha:19.2.0] AndroidManifest.xml:20:5-28:19
service#com.google.firebase.components.ComponentDiscoveryService defined in both files...
Merging service#com.google.firebase.components.ComponentDiscoveryService with lower [com.google.firebase:firebase-appcheck-recaptcha:19.2.0] AndroidManifest.xml:21:9-27:19
Adopted [meta-data: null]
Merging library manifest /opt/gradle/.gradle/caches/9.3.1/transforms/6121dc9720dd1406fbc90fe17e6158ae/transformed/firebase-appcheck-19.4.0/AndroidManifest.xml
Merging manifest with lower [com.google.firebase:firebase-appcheck:19.4.0] AndroidManifest.xml:15:1-34:12
uses-sdk defined in both files...
Merging uses-sdk with lower [com.google.firebase:firebase-appcheck:19.4.0] AndroidManifest.xml:18:5-44
application defined in both files...
Merging application with lower [com.google.firebase:firebase-appcheck:19.4.0] AndroidManifest.xml:21:5-32:19
service#com.google.firebase.components.ComponentDiscoveryService defined in both files...
Merging service#com.google.firebase.components.ComponentDiscoveryService with lower [com.google.firebase:firebase-appcheck:19.4.0] AndroidManifest.xml:22:9-31:19
Adopted [meta-data: null]
Adopted [meta-data: null]
Merging library manifest /opt/gradle/.gradle/caches/9.3.1/transforms/218220c9eccee56f76dfe63c6bb949bd/transformed/recaptcha-18.7.1/AndroidManifest.xml
Merging manifest with lower [com.google.android.recaptcha:recaptcha:18.7.1] AndroidManifest.xml:2:1-11:12
uses-sdk defined in both files...
Merging uses-sdk with lower [com.google.android.recaptcha:recaptcha:18.7.1] AndroidManifest.xml:5:5-44
uses-permission#android.permission.INTERNET defined in both files...
Merging uses-permission#android.permission.INTERNET with lower [com.google.android.recaptcha:recaptcha:18.7.1] AndroidManifest.xml:7:5-67
Adopted [uses-permission: null]
Adopted [uses-permission: null]
Merging library manifest /opt/gradle/.gradle/caches/9.3.1/transforms/54dd9a361abe50aad17d2e3ae29c259d/transformed/firebase-appcheck-interop-17.1.0/AndroidManifest.xml
Merging manifest with lower [com.google.firebase:firebase-appcheck-interop:17.1.0] AndroidManifest.xml:15:1-23:12
uses-sdk defined in both files...
Merging uses-sdk with lower [com.google.firebase:firebase-appcheck-interop:17.1.0] AndroidManifest.xml:18:5-44
application defined in both files...
Merging application with lower [com.google.firebase:firebase-appcheck-interop:17.1.0] AndroidManifest.xml:21:5-20
Merging library manifest /opt/gradle/.gradle/caches/9.3.1/transforms/375a4db7752f527d7ea8dade6cb95f24/transformed/play-services-recaptchabase-16.1.0/AndroidManifest.xml
Merging manifest with lower [com.google.android.gms:play-services-recaptchabase:16.1.0] AndroidManifest.xml:2:1-7:12
uses-sdk defined in both files...
Merging uses-sdk with lower [com.google.android.gms:play-services-recaptchabase:16.1.0] AndroidManifest.xml:5:5-44
Merging library manifest /opt/gradle/.gradle/caches/9.3.1/transforms/47a47316e8fbfcce234765c5c5396bbb/transformed/play-services-base-18.9.0/AndroidManifest.xml
Merging manifest with lower [com.google.android.gms:play-services-base:18.9.0] AndroidManifest.xml:16:1-24:12
uses-sdk defined in both files...
Merging uses-sdk with lower [com.google.android.gms:play-services-base:18.9.0] AndroidManifest.xml:18:5-43
application defined in both files...
Merging application with lower [com.google.android.gms:play-services-base:18.9.0] AndroidManifest.xml:19:5-23:19
Adopted [activity: null]
Merging library manifest /opt/gradle/.gradle/caches/9.3.1/transforms/5a66a2a41838c48f8056f7a85c0c36db/transformed/firebase-common-22.2.0/AndroidManifest.xml
Merging manifest with lower [com.google.firebase:firebase-common:22.2.0] AndroidManifest.xml:15:1-41:12
uses-sdk defined in both files...
Merging uses-sdk with lower [com.google.firebase:firebase-common:22.2.0] AndroidManifest.xml:19:5-44
application defined in both files...
Merging application with lower [com.google.firebase:firebase-common:22.2.0] AndroidManifest.xml:22:5-39:19
Adopted [provider: null]
service#com.google.firebase.components.ComponentDiscoveryService defined in both files...
Merging service#com.google.firebase.components.ComponentDiscoveryService with lower [com.google.firebase:firebase-common:22.2.0] AndroidManifest.xml:30:9-38:19
Adopted [meta-data: null]
Merging library manifest /opt/gradle/.gradle/caches/9.3.1/transforms/52e09188b6856dc2b7926969b60d27dc/transformed/integrity-1.4.0/AndroidManifest.xml
Merging manifest with lower [com.google.android.play:integrity:1.4.0] AndroidManifest.xml:2:1-7:12
uses-sdk defined in both files...
Merging uses-sdk with lower [com.google.android.play:integrity:1.4.0] AndroidManifest.xml:4:5-44
application defined in both files...
Merging application with lower [com.google.android.play:integrity:1.4.0] AndroidManifest.xml:5:5-6:19
Merging library manifest /opt/gradle/.gradle/caches/9.3.1/transforms/468b5d6f160ed304a6f17793e8377d77/transformed/work-testing-2.9.1/AndroidManifest.xml
Merging manifest with lower [androidx.work:work-testing:2.9.1] AndroidManifest.xml:17:1-22:12
uses-sdk defined in both files...
Merging uses-sdk with lower [androidx.work:work-testing:2.9.1] AndroidManifest.xml:20:5-44
Merging library manifest /opt/gradle/.gradle/caches/9.3.1/transforms/7ab727e6afd242b7c3e549dbd348fabc/transformed/work-runtime-ktx-2.9.1/AndroidManifest.xml
Merging manifest with lower [androidx.work:work-runtime-ktx:2.9.1] AndroidManifest.xml:17:1-22:12
uses-sdk defined in both files...
Merging uses-sdk with lower [androidx.work:work-runtime-ktx:2.9.1] AndroidManifest.xml:20:5-44
Merging library manifest /opt/gradle/.gradle/caches/9.3.1/transforms/e7617e5446f20b48bdfd7333f7d72100/transformed/work-runtime-2.9.1/AndroidManifest.xml
Merging manifest with lower [androidx.work:work-runtime:2.9.1] AndroidManifest.xml:17:1-145:12
uses-sdk defined in both files...
Merging uses-sdk with lower [androidx.work:work-runtime:2.9.1] AndroidManifest.xml:21:5-44
Adopted [uses-permission: null]
uses-permission#android.permission.ACCESS_NETWORK_STATE defined in both files...
Merging uses-permission#android.permission.ACCESS_NETWORK_STATE with lower [androidx.work:work-runtime:2.9.1] AndroidManifest.xml:24:5-79
uses-permission#android.permission.RECEIVE_BOOT_COMPLETED defined in both files...
Merging uses-permission#android.permission.RECEIVE_BOOT_COMPLETED with lower [androidx.work:work-runtime:2.9.1] AndroidManifest.xml:25:5-81
Adopted [uses-permission: null]
application defined in both files...
Merging application with lower [androidx.work:work-runtime:2.9.1] AndroidManifest.xml:28:5-143:19
Adopted [provider: null]
Adopted [service: null]
Adopted [service: null]
Adopted [service: null]
Adopted [receiver: null]
Adopted [receiver: null]
Adopted [receiver: null]
Adopted [receiver: null]
Adopted [receiver: null]
Adopted [receiver: null]
Adopted [receiver: null]
Adopted [receiver: null]
Merging library manifest /opt/gradle/.gradle/caches/9.3.1/transforms/d8e2a238cb0c04644d3f50199d65323e/transformed/room-runtime-release/AndroidManifest.xml
Merging manifest with lower [androidx.room:room-runtime-android:2.7.0] AndroidManifest.xml:17:1-31:12
uses-sdk defined in both files...
Merging uses-sdk with lower [androidx.room:room-runtime-android:2.7.0] AndroidManifest.xml:21:5-44
application defined in both files...
Merging application with lower [androidx.room:room-runtime-android:2.7.0] AndroidManifest.xml:23:5-29:19
Adopted [service: null]
Merging library manifest /opt/gradle/.gradle/caches/9.3.1/transforms/4fbb1fc678c8dfd5e039ea4e6af3d6d6/transformed/room-ktx-2.7.0/AndroidManifest.xml
Merging manifest with lower [androidx.room:room-ktx:2.7.0] AndroidManifest.xml:17:1-22:12
uses-sdk defined in both files...
Merging uses-sdk with lower [androidx.room:room-ktx:2.7.0] AndroidManifest.xml:20:5-44
Merging library manifest /opt/gradle/.gradle/caches/9.3.1/transforms/c753de05a10af4dea50f50ede0ea5c26/transformed/generativeai-0.9.0/AndroidManifest.xml
Merging manifest with lower [com.google.ai.client.generativeai:generativeai:0.9.0] AndroidManifest.xml:17:1-24:12
uses-sdk defined in both files...
Merging uses-sdk with lower [com.google.ai.client.generativeai:generativeai:0.9.0] AndroidManifest.xml:20:5-44
uses-permission#android.permission.INTERNET defined in both files...
Merging uses-permission#android.permission.INTERNET with lower [com.google.ai.client.generativeai:generativeai:0.9.0] AndroidManifest.xml:22:5-67
Merging library manifest /opt/gradle/.gradle/caches/9.3.1/transforms/7fc88addd77fd2ea87d065e648cf58d8/transformed/loader-1.0.0/AndroidManifest.xml
Merging manifest with lower [androidx.loader:loader:1.0.0] AndroidManifest.xml:17:1-22:12
uses-sdk defined in both files...
Merging uses-sdk with lower [androidx.loader:loader:1.0.0] AndroidManifest.xml:20:5-44
Merging library manifest /opt/gradle/.gradle/caches/9.3.1/transforms/11aaa0d4ee3d19ee484b376fca6eb458/transformed/emoji2-views-helper-1.3.0/AndroidManifest.xml
Merging manifest with lower [androidx.emoji2:emoji2-views-helper:1.3.0] AndroidManifest.xml:2:1-7:12
uses-sdk defined in both files...
Merging uses-sdk with lower [androidx.emoji2:emoji2-views-helper:1.3.0] AndroidManifest.xml:5:5-44
Merging library manifest /opt/gradle/.gradle/caches/9.3.1/transforms/2650a78b4ec144586de5f0fa9e48bc27/transformed/material3-release/AndroidManifest.xml
Merging manifest with lower [androidx.compose.material3:material3-android:1.3.0] AndroidManifest.xml:17:1-22:12
uses-sdk defined in both files...
Merging uses-sdk with lower [androidx.compose.material3:material3-android:1.3.0] AndroidManifest.xml:20:5-44
Merging library manifest /opt/gradle/.gradle/caches/9.3.1/transforms/9610dc5c716c3c164188f6df7bc58a00/transformed/ui-test-junit4-release/AndroidManifest.xml
Merging manifest with lower [androidx.compose.ui:ui-test-junit4-android:1.7.0] AndroidManifest.xml:2:1-7:12
uses-sdk defined in both files...
Merging uses-sdk with lower [androidx.compose.ui:ui-test-junit4-android:1.7.0] AndroidManifest.xml:5:5-44
Merging library manifest /opt/gradle/.gradle/caches/9.3.1/transforms/dfc117df056728946903b8eed8de0000/transformed/material-release/AndroidManifest.xml
Merging manifest with lower [androidx.compose.material:material-android:1.7.0] AndroidManifest.xml:2:1-7:12
uses-sdk defined in both files...
Merging uses-sdk with lower [androidx.compose.material:material-android:1.7.0] AndroidManifest.xml:5:5-44
Merging library manifest /opt/gradle/.gradle/caches/9.3.1/transforms/69071992fc6013d1546847e59d0c28b7/transformed/animation-core-release/AndroidManifest.xml
Merging manifest with lower [androidx.compose.animation:animation-core-android:1.7.0] AndroidManifest.xml:2:1-7:12
uses-sdk defined in both files...
Merging uses-sdk with lower [androidx.compose.animation:animation-core-android:1.7.0] AndroidManifest.xml:5:5-44
Merging library manifest /opt/gradle/.gradle/caches/9.3.1/transforms/a78eaf162248ad3d3ee85e9493ad29d8/transformed/material-ripple-release/AndroidManifest.xml
Merging manifest with lower [androidx.compose.material:material-ripple-android:1.7.0] AndroidManifest.xml:2:1-7:12
uses-sdk defined in both files...
Merging uses-sdk with lower [androidx.compose.material:material-ripple-android:1.7.0] AndroidManifest.xml:5:5-44
Merging library manifest /opt/gradle/.gradle/caches/9.3.1/transforms/5c6d2aa159931934743ee81efb7a2dc3/transformed/ui-tooling-data-release/AndroidManifest.xml
Merging manifest with lower [androidx.compose.ui:ui-tooling-data-android:1.7.0] AndroidManifest.xml:2:1-7:12
uses-sdk defined in both files...
Merging uses-sdk with lower [androidx.compose.ui:ui-tooling-data-android:1.7.0] AndroidManifest.xml:5:5-44
Merging library manifest /opt/gradle/.gradle/caches/9.3.1/transforms/fef9627055378cc48fb33ab2bfd55111/transformed/ui-test-release/AndroidManifest.xml
Merging manifest with lower [androidx.compose.ui:ui-test-android:1.7.0] AndroidManifest.xml:2:1-7:12
uses-sdk defined in both files...
Merging uses-sdk with lower [androidx.compose.ui:ui-test-android:1.7.0] AndroidManifest.xml:5:5-44
Merging library manifest /opt/gradle/.gradle/caches/9.3.1/transforms/4ef97957be3e47dad1032835684d32ce/transformed/ui-unit-release/AndroidManifest.xml
Merging manifest with lower [androidx.compose.ui:ui-unit-android:1.7.0] AndroidManifest.xml:2:1-7:12
uses-sdk defined in both files...
Merging uses-sdk with lower [androidx.compose.ui:ui-unit-android:1.7.0] AndroidManifest.xml:5:5-44
Merging library manifest /opt/gradle/.gradle/caches/9.3.1/transforms/d55dc5cb9f6a4301072a3fa5bc889ea6/transformed/ui-geometry-release/AndroidManifest.xml
Merging manifest with lower [androidx.compose.ui:ui-geometry-android:1.7.0] AndroidManifest.xml:2:1-7:12
uses-sdk defined in both files...
Merging uses-sdk with lower [androidx.compose.ui:ui-geometry-android:1.7.0] AndroidManifest.xml:5:5-44
Merging library manifest /opt/gradle/.gradle/caches/9.3.1/transforms/76b541799c75ac37f01f82852511fe53/transformed/ui-util-release/AndroidManifest.xml
Merging manifest with lower [androidx.compose.ui:ui-util-android:1.7.0] AndroidManifest.xml:2:1-7:12
uses-sdk defined in both files...
Merging uses-sdk with lower [androidx.compose.ui:ui-util-android:1.7.0] AndroidManifest.xml:5:5-44
Merging library manifest /opt/gradle/.gradle/caches/9.3.1/transforms/9bed175249b8190b6391db418a581823/transformed/ui-text-release/AndroidManifest.xml
Merging manifest with lower [androidx.compose.ui:ui-text-android:1.7.0] AndroidManifest.xml:2:1-7:12
uses-sdk defined in both files...
Merging uses-sdk with lower [androidx.compose.ui:ui-text-android:1.7.0] AndroidManifest.xml:5:5-44
Merging library manifest /opt/gradle/.gradle/caches/9.3.1/transforms/a67533995cc9587f10cb6ae6fc2aae15/transformed/ui-tooling-preview-release/AndroidManifest.xml
Merging manifest with lower [androidx.compose.ui:ui-tooling-preview-android:1.7.0] AndroidManifest.xml:17:1-22:12
uses-sdk defined in both files...
Merging uses-sdk with lower [androidx.compose.ui:ui-tooling-preview-android:1.7.0] AndroidManifest.xml:20:5-44
Merging library manifest /opt/gradle/.gradle/caches/9.3.1/transforms/c2abf25ca2db73eb5742656f9ac25811/transformed/ui-graphics-release/AndroidManifest.xml
Merging manifest with lower [androidx.compose.ui:ui-graphics-android:1.7.0] AndroidManifest.xml:2:1-7:12
uses-sdk defined in both files...
Merging uses-sdk with lower [androidx.compose.ui:ui-graphics-android:1.7.0] AndroidManifest.xml:5:5-44
Merging library manifest /opt/gradle/.gradle/caches/9.3.1/transforms/dcc7b1187c4fe0bd8b80919f1598ff35/transformed/ui-tooling-release/AndroidManifest.xml
Merging manifest with lower [androidx.compose.ui:ui-tooling-android:1.7.0] AndroidManifest.xml:17:1-28:12
uses-sdk defined in both files...
Merging uses-sdk with lower [androidx.compose.ui:ui-tooling-android:1.7.0] AndroidManifest.xml:20:5-44
application defined in both files...
Merging application with lower [androidx.compose.ui:ui-tooling-android:1.7.0] AndroidManifest.xml:22:5-26:19
Adopted [activity: null]
Merging library manifest /opt/gradle/.gradle/caches/9.3.1/transforms/035c7427160b5969eb18bb9647095399/transformed/animation-release/AndroidManifest.xml
Merging manifest with lower [androidx.compose.animation:animation-android:1.7.0] AndroidManifest.xml:2:1-7:12
uses-sdk defined in both files...
Merging uses-sdk with lower [androidx.compose.animation:animation-android:1.7.0] AndroidManifest.xml:5:5-44
Merging library manifest /opt/gradle/.gradle/caches/9.3.1/transforms/9a0fe9628295f9a204fc467f25b104f8/transformed/foundation-layout-release/AndroidManifest.xml
Merging manifest with lower [androidx.compose.foundation:foundation-layout-android:1.7.0] AndroidManifest.xml:2:1-7:12
uses-sdk defined in both files...
Merging uses-sdk with lower [androidx.compose.foundation:foundation-layout-android:1.7.0] AndroidManifest.xml:5:5-44
Merging library manifest /opt/gradle/.gradle/caches/9.3.1/transforms/f6dea46c3bff9067dbdfa9942b255d0e/transformed/foundation-release/AndroidManifest.xml
Merging manifest with lower [androidx.compose.foundation:foundation-android:1.7.0] AndroidManifest.xml:2:1-7:12
uses-sdk defined in both files...
Merging uses-sdk with lower [androidx.compose.foundation:foundation-android:1.7.0] AndroidManifest.xml:5:5-44
Merging library manifest /opt/gradle/.gradle/caches/9.3.1/transforms/1a61f7e15df3522e9e6ea26ed19fb04d/transformed/emoji2-1.3.0/AndroidManifest.xml
Merging manifest with lower [androidx.emoji2:emoji2:1.3.0] AndroidManifest.xml:17:1-35:12
uses-sdk defined in both files...
Merging uses-sdk with lower [androidx.emoji2:emoji2:1.3.0] AndroidManifest.xml:21:5-44
application defined in both files...
Merging application with lower [androidx.emoji2:emoji2:1.3.0] AndroidManifest.xml:23:5-33:19
provider#androidx.startup.InitializationProvider defined in both files...
Merging provider#androidx.startup.InitializationProvider with lower [androidx.emoji2:emoji2:1.3.0] AndroidManifest.xml:24:9-32:20
Adopted [meta-data: null]
Merging library manifest /opt/gradle/.gradle/caches/9.3.1/transforms/48f87744cba7a6dd31ec21cfccb3210e/transformed/common-0.8.0/AndroidManifest.xml
Merging manifest with lower [com.google.ai.client.generativeai:common:0.8.0] AndroidManifest.xml:17:1-24:12
uses-sdk defined in both files...
Merging uses-sdk with lower [com.google.ai.client.generativeai:common:0.8.0] AndroidManifest.xml:20:5-44
uses-permission#android.permission.INTERNET defined in both files...
Merging uses-permission#android.permission.INTERNET with lower [com.google.ai.client.generativeai:common:0.8.0] AndroidManifest.xml:22:5-67
Merging library manifest /opt/gradle/.gradle/caches/9.3.1/transforms/a3c0c5a527e5807f9b536f296b75e6c7/transformed/roborazzi-compose-1.59.0/AndroidManifest.xml
Merging manifest with lower [io.github.takahirom.roborazzi:roborazzi-compose:1.59.0] AndroidManifest.xml:2:1-10:12
uses-sdk defined in both files...
Merging uses-sdk with lower [io.github.takahirom.roborazzi:roborazzi-compose:1.59.0] AndroidManifest.xml:5:5-44
application defined in both files...
Merging application with lower [io.github.takahirom.roborazzi:roborazzi-compose:1.59.0] AndroidManifest.xml:7:5-8:19
Merging library manifest /opt/gradle/.gradle/caches/9.3.1/transforms/6f82be5973893ecdda209db4ae5a1ab0/transformed/roborazzi-junit-rule-1.59.0/AndroidManifest.xml
Merging manifest with lower [io.github.takahirom.roborazzi:roborazzi-junit-rule:1.59.0] AndroidManifest.xml:2:1-7:12
uses-sdk defined in both files...
Merging uses-sdk with lower [io.github.takahirom.roborazzi:roborazzi-junit-rule:1.59.0] AndroidManifest.xml:5:5-44
Merging library manifest /opt/gradle/.gradle/caches/9.3.1/transforms/f2f47d808fdf956c205eee0251ac69bf/transformed/roborazzi-1.59.0/AndroidManifest.xml
Merging manifest with lower [io.github.takahirom.roborazzi:roborazzi:1.59.0] AndroidManifest.xml:2:1-14:12
uses-sdk defined in both files...
Merging uses-sdk with lower [io.github.takahirom.roborazzi:roborazzi:1.59.0] AndroidManifest.xml:5:5-44
application defined in both files...
Merging application with lower [io.github.takahirom.roborazzi:roborazzi:1.59.0] AndroidManifest.xml:7:5-12:19
Adopted [activity: null]
Adopted [activity: null]
Merging library manifest /opt/gradle/.gradle/caches/9.3.1/transforms/ed2063d78894fd0e64913139ad08488b/transformed/roborazzi-core-release/AndroidManifest.xml
Merging manifest with lower [io.github.takahirom.roborazzi:roborazzi-core-android:1.59.0] AndroidManifest.xml:2:1-7:12
uses-sdk defined in both files...
Merging uses-sdk with lower [io.github.takahirom.roborazzi:roborazzi-core-android:1.59.0] AndroidManifest.xml:5:5-44
Merging library manifest /opt/gradle/.gradle/caches/9.3.1/transforms/a0a5da5a2ceea00f87ac1f9feb7b222d/transformed/customview-poolingcontainer-1.0.0/AndroidManifest.xml
Merging manifest with lower [androidx.customview:customview-poolingcontainer:1.0.0] AndroidManifest.xml:17:1-23:12
uses-sdk defined in both files...
Merging uses-sdk with lower [androidx.customview:customview-poolingcontainer:1.0.0] AndroidManifest.xml:20:5-21:38
Merging library manifest /opt/gradle/.gradle/caches/9.3.1/transforms/2462b82c48f772838b777cc8a6e72160/transformed/core-ktx-1.18.0/AndroidManifest.xml
Merging manifest with lower [androidx.core:core-ktx:1.18.0] AndroidManifest.xml:2:1-7:12
uses-sdk defined in both files...
Merging uses-sdk with lower [androidx.core:core-ktx:1.18.0] AndroidManifest.xml:5:5-44
Merging library manifest /opt/gradle/.gradle/caches/9.3.1/transforms/f9beb9d4a31c207750e730cbee7a3a40/transformed/drawerlayout-1.0.0/AndroidManifest.xml
Merging manifest with lower [androidx.drawerlayout:drawerlayout:1.0.0] AndroidManifest.xml:17:1-22:12
uses-sdk defined in both files...
Merging uses-sdk with lower [androidx.drawerlayout:drawerlayout:1.0.0] AndroidManifest.xml:20:5-44
Merging library manifest /opt/gradle/.gradle/caches/9.3.1/transforms/ce5ce21b43fbf6b3f413ded70c624b24/transformed/vectordrawable-animated-1.1.0/AndroidManifest.xml
Merging manifest with lower [androidx.vectordrawable:vectordrawable-animated:1.1.0] AndroidManifest.xml:17:1-24:12
uses-sdk defined in both files...
Merging uses-sdk with lower [androidx.vectordrawable:vectordrawable-animated:1.1.0] AndroidManifest.xml:20:5-22:41
Merging library manifest /opt/gradle/.gradle/caches/9.3.1/transforms/7a492550659e31674b3bd3c0883196b4/transformed/vectordrawable-1.1.0/AndroidManifest.xml
Merging manifest with lower [androidx.vectordrawable:vectordrawable:1.1.0] AndroidManifest.xml:17:1-24:12
uses-sdk defined in both files...
Merging uses-sdk with lower [androidx.vectordrawable:vectordrawable:1.1.0] AndroidManifest.xml:20:5-22:41
Merging library manifest /opt/gradle/.gradle/caches/9.3.1/transforms/029c3b89c912caed425b8d09f554283e/transformed/viewpager-1.0.0/AndroidManifest.xml
Merging manifest with lower [androidx.viewpager:viewpager:1.0.0] AndroidManifest.xml:17:1-22:12
uses-sdk defined in both files...
Merging uses-sdk with lower [androidx.viewpager:viewpager:1.0.0] AndroidManifest.xml:20:5-44
Merging library manifest /opt/gradle/.gradle/caches/9.3.1/transforms/e22e57af2878e06150c594beba510d34/transformed/customview-1.0.0/AndroidManifest.xml
Merging manifest with lower [androidx.customview:customview:1.0.0] AndroidManifest.xml:17:1-22:12
uses-sdk defined in both files...
Merging uses-sdk with lower [androidx.customview:customview:1.0.0] AndroidManifest.xml:20:5-44
Merging library manifest /opt/gradle/.gradle/caches/9.3.1/transforms/b6febfd776155a457dd8814dacd16e7e/transformed/autofill-1.0.0/AndroidManifest.xml
Merging manifest with lower [androidx.autofill:autofill:1.0.0] AndroidManifest.xml:17:1-24:12
uses-sdk defined in both files...
Merging uses-sdk with lower [androidx.autofill:autofill:1.0.0] AndroidManifest.xml:20:5-22:41
Merging library manifest /opt/gradle/.gradle/caches/9.3.1/transforms/5f922f966460eb6d735c21531aeddf58/transformed/graphics-path-1.0.1/AndroidManifest.xml
Merging manifest with lower [androidx.graphics:graphics-path:1.0.1] AndroidManifest.xml:2:1-7:12
uses-sdk defined in both files...
Merging uses-sdk with lower [androidx.graphics:graphics-path:1.0.1] AndroidManifest.xml:5:5-44
Merging library manifest /opt/gradle/.gradle/caches/9.3.1/transforms/2aa02fbeaaae7ca8cf091f02bd236ab7/transformed/core-1.18.0/AndroidManifest.xml
Merging manifest with lower [androidx.core:core:1.18.0] AndroidManifest.xml:17:1-30:12
uses-sdk defined in both files...
Merging uses-sdk with lower [androidx.core:core:1.18.0] AndroidManifest.xml:20:5-44
Adopted [permission: null]
Adopted [uses-permission: null]
application defined in both files...
Merging application with lower [androidx.core:core:1.18.0] AndroidManifest.xml:28:5-89
Merging library manifest /opt/gradle/.gradle/caches/9.3.1/transforms/2722ef003b96d5953fe00ce148c70990/transformed/junit-ktx-1.2.1/AndroidManifest.xml
Merging manifest with lower [androidx.test.ext:junit-ktx:1.2.1] AndroidManifest.xml:17:1-24:12
uses-sdk defined in both files...
Merging uses-sdk with lower [androidx.test.ext:junit-ktx:1.2.1] AndroidManifest.xml:20:5-22:41
Merging library manifest /opt/gradle/.gradle/caches/9.3.1/transforms/eba70a8ee80065a1c2448b7fdbe932b7/transformed/junit-1.3.0/AndroidManifest.xml
Merging manifest with lower [androidx.test.ext:junit:1.3.0] AndroidManifest.xml:17:1-24:12
uses-sdk defined in both files...
Merging uses-sdk with lower [androidx.test.ext:junit:1.3.0] AndroidManifest.xml:20:5-22:41
Merging library manifest /opt/gradle/.gradle/caches/9.3.1/transforms/59a6f641d879c5ea87c3c7290e6ea4c7/transformed/espresso-core-3.5.1/AndroidManifest.xml
Merging manifest with lower [androidx.test.espresso:espresso-core:3.5.1] AndroidManifest.xml:17:1-24:12
uses-sdk defined in both files...
Merging uses-sdk with lower [androidx.test.espresso:espresso-core:3.5.1] AndroidManifest.xml:20:5-22:41
Merging library manifest /opt/gradle/.gradle/caches/9.3.1/transforms/d1e5728ab367edfc9d788818e670889a/transformed/core-1.7.0/AndroidManifest.xml
Merging manifest with lower [androidx.test:core:1.7.0] AndroidManifest.xml:17:1-53:12
uses-sdk defined in both files...
Merging uses-sdk with lower [androidx.test:core:1.7.0] AndroidManifest.xml:20:5-22:41
Adopted [uses-permission: null]
application defined in both files...
Merging application with lower [androidx.test:core:1.7.0] AndroidManifest.xml:26:5-51:19
Adopted [activity: null]
Adopted [activity: null]
Adopted [activity: null]
Merging library manifest /opt/gradle/.gradle/caches/9.3.1/transforms/e5b4e76a7d7107465118beea01b5726f/transformed/savedstate-ktx-1.2.1/AndroidManifest.xml
Merging manifest with lower [androidx.savedstate:savedstate-ktx:1.2.1] AndroidManifest.xml:17:1-22:12
uses-sdk defined in both files...
Merging uses-sdk with lower [androidx.savedstate:savedstate-ktx:1.2.1] AndroidManifest.xml:20:5-44
Merging library manifest /opt/gradle/.gradle/caches/9.3.1/transforms/14c984456c478ab4253dc508caf0ff81/transformed/savedstate-1.2.1/AndroidManifest.xml
Merging manifest with lower [androidx.savedstate:savedstate:1.2.1] AndroidManifest.xml:17:1-22:12
uses-sdk defined in both files...
Merging uses-sdk with lower [androidx.savedstate:savedstate:1.2.1] AndroidManifest.xml:20:5-44
Merging library manifest /opt/gradle/.gradle/caches/9.3.1/transforms/b3f699a3ecdf4e3a85e47bfad8169bc0/transformed/lifecycle-viewmodel-2.8.7/AndroidManifest.xml
Merging manifest with lower [androidx.lifecycle:lifecycle-viewmodel:2.8.7] AndroidManifest.xml:2:1-5:12
uses-sdk defined in both files...
Merging uses-sdk with lower [androidx.lifecycle:lifecycle-viewmodel:2.8.7] AndroidManifest.xml:4:5-43
Merging library manifest /opt/gradle/.gradle/caches/9.3.1/transforms/0c54641404248e87b3f7020d23babb39/transformed/lifecycle-viewmodel-release/AndroidManifest.xml
Merging manifest with lower [androidx.lifecycle:lifecycle-viewmodel-android:2.8.7] AndroidManifest.xml:17:1-22:12
uses-sdk defined in both files...
Merging uses-sdk with lower [androidx.lifecycle:lifecycle-viewmodel-android:2.8.7] AndroidManifest.xml:20:5-44
Merging library manifest /opt/gradle/.gradle/caches/9.3.1/transforms/47124c2b0404c5f4ef4b46fc356c33a6/transformed/lifecycle-livedata-core-ktx-2.8.7/AndroidManifest.xml
Merging manifest with lower [androidx.lifecycle:lifecycle-livedata-core-ktx:2.8.7] AndroidManifest.xml:2:1-7:12
uses-sdk defined in both files...
Merging uses-sdk with lower [androidx.lifecycle:lifecycle-livedata-core-ktx:2.8.7] AndroidManifest.xml:5:5-44
Merging library manifest /opt/gradle/.gradle/caches/9.3.1/transforms/80e30490d30edaf67faf65e2928210f2/transformed/lifecycle-runtime-release/AndroidManifest.xml
Merging manifest with lower [androidx.lifecycle:lifecycle-runtime-android:2.8.7] AndroidManifest.xml:17:1-22:12
uses-sdk defined in both files...
Merging uses-sdk with lower [androidx.lifecycle:lifecycle-runtime-android:2.8.7] AndroidManifest.xml:20:5-44
Merging library manifest /opt/gradle/.gradle/caches/9.3.1/transforms/d48846f47da3becbd111dd7886b8548c/transformed/lifecycle-viewmodel-savedstate-2.8.7/AndroidManifest.xml
Merging manifest with lower [androidx.lifecycle:lifecycle-viewmodel-savedstate:2.8.7] AndroidManifest.xml:17:1-22:12
uses-sdk defined in both files...
Merging uses-sdk with lower [androidx.lifecycle:lifecycle-viewmodel-savedstate:2.8.7] AndroidManifest.xml:20:5-44
Merging library manifest /opt/gradle/.gradle/caches/9.3.1/transforms/b3ac8401b53099802738bfc093882d3a/transformed/lifecycle-viewmodel-ktx-2.8.7/AndroidManifest.xml
Merging manifest with lower [androidx.lifecycle:lifecycle-viewmodel-ktx:2.8.7] AndroidManifest.xml:2:1-7:12
uses-sdk defined in both files...
Merging uses-sdk with lower [androidx.lifecycle:lifecycle-viewmodel-ktx:2.8.7] AndroidManifest.xml:5:5-44
Merging library manifest /opt/gradle/.gradle/caches/9.3.1/transforms/05f9fbf74fa180e46a46291dc3061815/transformed/lifecycle-service-2.8.7/AndroidManifest.xml
Merging manifest with lower [androidx.lifecycle:lifecycle-service:2.8.7] AndroidManifest.xml:2:1-7:12
uses-sdk defined in both files...
Merging uses-sdk with lower [androidx.lifecycle:lifecycle-service:2.8.7] AndroidManifest.xml:5:5-44
Merging library manifest /opt/gradle/.gradle/caches/9.3.1/transforms/13324beaee2c3606e015c11a53b0809a/transformed/lifecycle-process-2.8.7/AndroidManifest.xml
Merging manifest with lower [androidx.lifecycle:lifecycle-process:2.8.7] AndroidManifest.xml:17:1-35:12
uses-sdk defined in both files...
Merging uses-sdk with lower [androidx.lifecycle:lifecycle-process:2.8.7] AndroidManifest.xml:21:5-44
application defined in both files...
Merging application with lower [androidx.lifecycle:lifecycle-process:2.8.7] AndroidManifest.xml:23:5-33:19
provider#androidx.startup.InitializationProvider defined in both files...
Merging provider#androidx.startup.InitializationProvider with lower [androidx.lifecycle:lifecycle-process:2.8.7] AndroidManifest.xml:24:9-32:20
Adopted [meta-data: null]
Merging library manifest /opt/gradle/.gradle/caches/9.3.1/transforms/316df0c08a42483da689d7b2a4febc1f/transformed/lifecycle-livedata-core-2.8.7/AndroidManifest.xml
Merging manifest with lower [androidx.lifecycle:lifecycle-livedata-core:2.8.7] AndroidManifest.xml:17:1-22:12
uses-sdk defined in both files...
Merging uses-sdk with lower [androidx.lifecycle:lifecycle-livedata-core:2.8.7] AndroidManifest.xml:20:5-44
Merging library manifest /opt/gradle/.gradle/caches/9.3.1/transforms/77da34f710bc4557da615dfafe950f76/transformed/lifecycle-livedata-2.8.7/AndroidManifest.xml
Merging manifest with lower [androidx.lifecycle:lifecycle-livedata:2.8.7] AndroidManifest.xml:17:1-22:12
uses-sdk defined in both files...
Merging uses-sdk with lower [androidx.lifecycle:lifecycle-livedata:2.8.7] AndroidManifest.xml:20:5-44
Merging library manifest /opt/gradle/.gradle/caches/9.3.1/transforms/e096dad8d95833ec452070e6087b96cc/transformed/lifecycle-viewmodel-compose-release/AndroidManifest.xml
Merging manifest with lower [androidx.lifecycle:lifecycle-viewmodel-compose-android:2.8.7] AndroidManifest.xml:2:1-7:12
uses-sdk defined in both files...
Merging uses-sdk with lower [androidx.lifecycle:lifecycle-viewmodel-compose-android:2.8.7] AndroidManifest.xml:5:5-44
Merging library manifest /opt/gradle/.gradle/caches/9.3.1/transforms/eff2f1b0a0ff9c20b8f08e901ee54404/transformed/lifecycle-runtime-compose-release/AndroidManifest.xml
Merging manifest with lower [androidx.lifecycle:lifecycle-runtime-compose-android:2.8.7] AndroidManifest.xml:2:1-7:12
uses-sdk defined in both files...
Merging uses-sdk with lower [androidx.lifecycle:lifecycle-runtime-compose-android:2.8.7] AndroidManifest.xml:5:5-44
Merging library manifest /opt/gradle/.gradle/caches/9.3.1/transforms/ca1a866f082097373670c10124a34a27/transformed/lifecycle-runtime-ktx-release/AndroidManifest.xml
Merging manifest with lower [androidx.lifecycle:lifecycle-runtime-ktx-android:2.8.7] AndroidManifest.xml:2:1-7:12
uses-sdk defined in both files...
Merging uses-sdk with lower [androidx.lifecycle:lifecycle-runtime-ktx-android:2.8.7] AndroidManifest.xml:5:5-44
Merging library manifest /opt/gradle/.gradle/caches/9.3.1/transforms/c3e4ab88e204d2ea3e913361c8310283/transformed/accompanist-drawablepainter-0.32.0/AndroidManifest.xml
Merging manifest with lower [com.google.accompanist:accompanist-drawablepainter:0.32.0] AndroidManifest.xml:17:1-23:12
uses-sdk defined in both files...
Merging uses-sdk with lower [com.google.accompanist:accompanist-drawablepainter:0.32.0] AndroidManifest.xml:21:5-44
Merging library manifest /opt/gradle/.gradle/caches/9.3.1/transforms/7c09f436958cdabbcf8646dfa608dfaa/transformed/runtime-saveable-release/AndroidManifest.xml
Merging manifest with lower [androidx.compose.runtime:runtime-saveable-android:1.7.1] AndroidManifest.xml:2:1-7:12
uses-sdk defined in both files...
Merging uses-sdk with lower [androidx.compose.runtime:runtime-saveable-android:1.7.1] AndroidManifest.xml:5:5-44
Merging library manifest /opt/gradle/.gradle/caches/9.3.1/transforms/34b4f2da92d090a3af2ff89d4be86f37/transformed/runtime-release/AndroidManifest.xml
Merging manifest with lower [androidx.compose.runtime:runtime-android:1.7.1] AndroidManifest.xml:2:1-7:12
uses-sdk defined in both files...
Merging uses-sdk with lower [androidx.compose.runtime:runtime-android:1.7.1] AndroidManifest.xml:5:5-44
Merging library manifest /opt/gradle/.gradle/caches/9.3.1/transforms/2384ea122bc398bc4cf80b1d2716b8a4/transformed/profileinstaller-1.4.0/AndroidManifest.xml
Merging manifest with lower [androidx.profileinstaller:profileinstaller:1.4.0] AndroidManifest.xml:17:1-55:12
uses-sdk defined in both files...
Merging uses-sdk with lower [androidx.profileinstaller:profileinstaller:1.4.0] AndroidManifest.xml:21:5-44
application defined in both files...
Merging application with lower [androidx.profileinstaller:profileinstaller:1.4.0] AndroidManifest.xml:23:5-53:19
provider#androidx.startup.InitializationProvider defined in both files...
Merging provider#androidx.startup.InitializationProvider with lower [androidx.profileinstaller:profileinstaller:1.4.0] AndroidManifest.xml:24:9-32:20
Adopted [meta-data: null]
Adopted [receiver: null]
Merging library manifest /opt/gradle/.gradle/caches/9.3.1/transforms/a24e0e62caa55e0309ed567cd8b89323/transformed/datastore-core-release/AndroidManifest.xml
Merging manifest with lower [androidx.datastore:datastore-core-android:1.1.7] AndroidManifest.xml:2:1-7:12
uses-sdk defined in both files...
Merging uses-sdk with lower [androidx.datastore:datastore-core-android:1.1.7] AndroidManifest.xml:5:5-44
Merging library manifest /opt/gradle/.gradle/caches/9.3.1/transforms/66d86cdb4bc0fc751688a160cc93d2af/transformed/datastore-preferences-core-release/AndroidManifest.xml
Merging manifest with lower [androidx.datastore:datastore-preferences-core-android:1.1.7] AndroidManifest.xml:2:1-7:12
uses-sdk defined in both files...
Merging uses-sdk with lower [androidx.datastore:datastore-preferences-core-android:1.1.7] AndroidManifest.xml:5:5-44
Merging library manifest /opt/gradle/.gradle/caches/9.3.1/transforms/2a838b375cfc2fbf05e7abb9c56d8975/transformed/datastore-release/AndroidManifest.xml
Merging manifest with lower [androidx.datastore:datastore-android:1.1.7] AndroidManifest.xml:17:1-22:12
uses-sdk defined in both files...
Merging uses-sdk with lower [androidx.datastore:datastore-android:1.1.7] AndroidManifest.xml:20:5-44
Merging library manifest /opt/gradle/.gradle/caches/9.3.1/transforms/891075182bec604557136765842c4eec/transformed/datastore-preferences-release/AndroidManifest.xml
Merging manifest with lower [androidx.datastore:datastore-preferences-android:1.1.7] AndroidManifest.xml:17:1-22:12
uses-sdk defined in both files...
Merging uses-sdk with lower [androidx.datastore:datastore-preferences-android:1.1.7] AndroidManifest.xml:20:5-44
Merging library manifest /opt/gradle/.gradle/caches/9.3.1/transforms/54384391433aaa507270f3c718137400/transformed/play-services-tasks-18.4.0/AndroidManifest.xml
Merging manifest with lower [com.google.android.gms:play-services-tasks:18.4.0] AndroidManifest.xml:2:1-6:12
uses-sdk defined in both files...
Merging uses-sdk with lower [com.google.android.gms:play-services-tasks:18.4.0] AndroidManifest.xml:4:5-43
application defined in both files...
Merging application with lower [com.google.android.gms:play-services-tasks:18.4.0] AndroidManifest.xml:5:5-20
Merging library manifest /opt/gradle/.gradle/caches/9.3.1/transforms/f616dbc3c30c8ae5f2d298251ff1050f/transformed/play-services-basement-18.9.0/AndroidManifest.xml
Merging manifest with lower [com.google.android.gms:play-services-basement:18.9.0] AndroidManifest.xml:16:1-26:12
uses-sdk defined in both files...
Merging uses-sdk with lower [com.google.android.gms:play-services-basement:18.9.0] AndroidManifest.xml:18:5-43
application defined in both files...
Merging application with lower [com.google.android.gms:play-services-basement:18.9.0] AndroidManifest.xml:20:5-24:19
Adopted [meta-data: null]
Merging library manifest /opt/gradle/.gradle/caches/9.3.1/transforms/bf97c8b331c1c6ee3d62862fc376a4f4/transformed/fragment-1.5.4/AndroidManifest.xml
Merging manifest with lower [androidx.fragment:fragment:1.5.4] AndroidManifest.xml:17:1-24:12
uses-sdk defined in both files...
Merging uses-sdk with lower [androidx.fragment:fragment:1.5.4] AndroidManifest.xml:20:5-22:41
Merging library manifest /opt/gradle/.gradle/caches/9.3.1/transforms/87f21a30d35214a005a843f2e8f9611a/transformed/activity-1.10.1/AndroidManifest.xml
Merging manifest with lower [androidx.activity:activity:1.10.1] AndroidManifest.xml:17:1-22:12
uses-sdk defined in both files...
Merging uses-sdk with lower [androidx.activity:activity:1.10.1] AndroidManifest.xml:20:5-44
Merging library manifest /opt/gradle/.gradle/caches/9.3.1/transforms/9537605a417d41e668dafe95ab5a5d8f/transformed/activity-ktx-1.10.1/AndroidManifest.xml
Merging manifest with lower [androidx.activity:activity-ktx:1.10.1] AndroidManifest.xml:2:1-7:12
uses-sdk defined in both files...
Merging uses-sdk with lower [androidx.activity:activity-ktx:1.10.1] AndroidManifest.xml:5:5-44
Merging library manifest /opt/gradle/.gradle/caches/9.3.1/transforms/b69ba5a71752b0883ce66d00e7c66c31/transformed/activity-compose-1.10.1/AndroidManifest.xml
Merging manifest with lower [androidx.activity:activity-compose:1.10.1] AndroidManifest.xml:2:1-7:12
uses-sdk defined in both files...
Merging uses-sdk with lower [androidx.activity:activity-compose:1.10.1] AndroidManifest.xml:5:5-44
Merging library manifest /opt/gradle/.gradle/caches/9.3.1/transforms/a3a27c2c4e056357afa51d29b5d02102/transformed/material-icons-extended-release/AndroidManifest.xml
Merging manifest with lower [androidx.compose.material:material-icons-extended-android:1.7.0] AndroidManifest.xml:2:1-7:12
uses-sdk defined in both files...
Merging uses-sdk with lower [androidx.compose.material:material-icons-extended-android:1.7.0] AndroidManifest.xml:5:5-44
Merging library manifest /opt/gradle/.gradle/caches/9.3.1/transforms/f0c0961d1ec00095751d54cb394f3624/transformed/material-icons-core-release/AndroidManifest.xml
Merging manifest with lower [androidx.compose.material:material-icons-core-android:1.7.0] AndroidManifest.xml:2:1-7:12
uses-sdk defined in both files...
Merging uses-sdk with lower [androidx.compose.material:material-icons-core-android:1.7.0] AndroidManifest.xml:5:5-44
Merging library manifest /opt/gradle/.gradle/caches/9.3.1/transforms/f57e1f8ef6a67bffd57d4cf679d217c9/transformed/ui-release/AndroidManifest.xml
Merging manifest with lower [androidx.compose.ui:ui-android:1.7.0] AndroidManifest.xml:2:1-7:12
uses-sdk defined in both files...
Merging uses-sdk with lower [androidx.compose.ui:ui-android:1.7.0] AndroidManifest.xml:5:5-44
Merging library manifest /opt/gradle/.gradle/caches/9.3.1/transforms/5c1754041db7d77edcb59fedd08b8a3f/transformed/ui-test-manifest-1.7.0/AndroidManifest.xml
Merging manifest with lower [androidx.compose.ui:ui-test-manifest:1.7.0] AndroidManifest.xml:17:1-28:12
uses-sdk defined in both files...
Merging uses-sdk with lower [androidx.compose.ui:ui-test-manifest:1.7.0] AndroidManifest.xml:20:5-44
application defined in both files...
Merging application with lower [androidx.compose.ui:ui-test-manifest:1.7.0] AndroidManifest.xml:22:5-26:19
Adopted [activity: null]
Merging library manifest /opt/gradle/.gradle/caches/9.3.1/transforms/6facbb417e5c54ceb66ce9fa0668ea1b/transformed/runner-1.5.2/AndroidManifest.xml
Merging manifest with lower [androidx.test:runner:1.5.2] AndroidManifest.xml:17:1-32:12
uses-sdk defined in both files...
Merging uses-sdk with lower [androidx.test:runner:1.5.2] AndroidManifest.xml:20:5-22:41
Adopted [queries: null]
application defined in both files...
Merging application with lower [androidx.test:runner:1.5.2] AndroidManifest.xml:30:5-20
Merging library manifest /opt/gradle/.gradle/caches/9.3.1/transforms/a9109832737a21ea9d1ea6e34c79bd16/transformed/storage-1.6.0/AndroidManifest.xml
Merging manifest with lower [androidx.test.services:storage:1.6.0] AndroidManifest.xml:17:1-24:12
uses-sdk defined in both files...
Merging uses-sdk with lower [androidx.test.services:storage:1.6.0] AndroidManifest.xml:20:5-22:41
Merging library manifest /opt/gradle/.gradle/caches/9.3.1/transforms/b4d9042722417b07657eb1aeea8a3314/transformed/monitor-1.8.0/AndroidManifest.xml
Merging manifest with lower [androidx.test:monitor:1.8.0] AndroidManifest.xml:17:1-24:12
uses-sdk defined in both files...
Merging uses-sdk with lower [androidx.test:monitor:1.8.0] AndroidManifest.xml:20:5-22:41
Merging library manifest /opt/gradle/.gradle/caches/9.3.1/transforms/b14a21598ae89c3cd8836bcd9a010835/transformed/annotation-1.0.1/AndroidManifest.xml
Merging manifest with lower [androidx.test:annotation:1.0.1] AndroidManifest.xml:17:1-24:12
uses-sdk defined in both files...
Merging uses-sdk with lower [androidx.test:annotation:1.0.1] AndroidManifest.xml:20:5-22:41
Merging library manifest /opt/gradle/.gradle/caches/9.3.1/transforms/69d2b279724d324f6dc770737c8ef615/transformed/annotation-experimental-1.4.1/AndroidManifest.xml
Merging manifest with lower [androidx.annotation:annotation-experimental:1.4.1] AndroidManifest.xml:2:1-7:12
uses-sdk defined in both files...
Merging uses-sdk with lower [androidx.annotation:annotation-experimental:1.4.1] AndroidManifest.xml:5:5-44
Merging library manifest /opt/gradle/.gradle/caches/9.3.1/transforms/f5d78e38eb313accb5d5c3e21181c630/transformed/core-viewtree-1.0.0/AndroidManifest.xml
Merging manifest with lower [androidx.core:core-viewtree:1.0.0] AndroidManifest.xml:2:1-7:12
uses-sdk defined in both files...
Merging uses-sdk with lower [androidx.core:core-viewtree:1.0.0] AndroidManifest.xml:5:5-44
Merging library manifest /opt/gradle/.gradle/caches/9.3.1/transforms/b3c37dc03096b6637a385723cd9a656a/transformed/versionedparcelable-1.1.1/AndroidManifest.xml
Merging manifest with lower [androidx.versionedparcelable:versionedparcelable:1.1.1] AndroidManifest.xml:17:1-27:12
uses-sdk defined in both files...
Merging uses-sdk with lower [androidx.versionedparcelable:versionedparcelable:1.1.1] AndroidManifest.xml:20:5-22:41
application defined in both files...
Merging application with lower [androidx.versionedparcelable:versionedparcelable:1.1.1] AndroidManifest.xml:24:5-25:19
Merging library manifest /opt/gradle/.gradle/caches/9.3.1/transforms/b959ca5a86cf6e116e4f8e80ec3c1968/transformed/security-crypto-1.1.0-alpha03/AndroidManifest.xml
Merging manifest with lower [androidx.security:security-crypto:1.1.0-alpha03] AndroidManifest.xml:17:1-24:12
uses-sdk defined in both files...
Merging uses-sdk with lower [androidx.security:security-crypto:1.1.0-alpha03] AndroidManifest.xml:20:5-22:41
Merging library manifest /opt/gradle/.gradle/caches/9.3.1/transforms/fcdc1c3767c4ab041fe97cf7896315c3/transformed/sqlite-release/AndroidManifest.xml
Merging manifest with lower [androidx.sqlite:sqlite-android:2.5.0] AndroidManifest.xml:17:1-22:12
uses-sdk defined in both files...
Merging uses-sdk with lower [androidx.sqlite:sqlite-android:2.5.0] AndroidManifest.xml:20:5-44
Merging library manifest /opt/gradle/.gradle/caches/9.3.1/transforms/0903b09d5af79e009e1b5623142d319f/transformed/sqlite-framework-release/AndroidManifest.xml
Merging manifest with lower [androidx.sqlite:sqlite-framework-android:2.5.0] AndroidManifest.xml:17:1-22:12
uses-sdk defined in both files...
Merging uses-sdk with lower [androidx.sqlite:sqlite-framework-android:2.5.0] AndroidManifest.xml:20:5-44
Merging library manifest /opt/gradle/.gradle/caches/9.3.1/transforms/81742f6467b58276e0afb227ae8cb40f/transformed/cursoradapter-1.0.0/AndroidManifest.xml
Merging manifest with lower [androidx.cursoradapter:cursoradapter:1.0.0] AndroidManifest.xml:17:1-22:12
uses-sdk defined in both files...
Merging uses-sdk with lower [androidx.cursoradapter:cursoradapter:1.0.0] AndroidManifest.xml:20:5-44
Merging library manifest /opt/gradle/.gradle/caches/9.3.1/transforms/5cf61061f6c732f7fdaaa7fe0431833a/transformed/startup-runtime-1.1.1/AndroidManifest.xml
Merging manifest with lower [androidx.startup:startup-runtime:1.1.1] AndroidManifest.xml:17:1-33:12
uses-sdk defined in both files...
Merging uses-sdk with lower [androidx.startup:startup-runtime:1.1.1] AndroidManifest.xml:21:5-23:41
application defined in both files...
Merging application with lower [androidx.startup:startup-runtime:1.1.1] AndroidManifest.xml:25:5-31:19
provider#androidx.startup.InitializationProvider defined in both files...
Merging provider#androidx.startup.InitializationProvider with lower [androidx.startup:startup-runtime:1.1.1] AndroidManifest.xml:26:9-30:34
Merging library manifest /opt/gradle/.gradle/caches/9.3.1/transforms/b75451529e22e82b239a72e3fae10e13/transformed/firebase-components-19.0.0/AndroidManifest.xml
Merging manifest with lower [com.google.firebase:firebase-components:19.0.0] AndroidManifest.xml:15:1-20:12
uses-sdk defined in both files...
Merging uses-sdk with lower [com.google.firebase:firebase-components:19.0.0] AndroidManifest.xml:18:5-44
Merging library manifest /opt/gradle/.gradle/caches/9.3.1/transforms/f06b7eb3ac83e399e38da9e59cc1880e/transformed/core-runtime-2.2.0/AndroidManifest.xml
Merging manifest with lower [androidx.arch.core:core-runtime:2.2.0] AndroidManifest.xml:17:1-22:12
uses-sdk defined in both files...
Merging uses-sdk with lower [androidx.arch.core:core-runtime:2.2.0] AndroidManifest.xml:20:5-44
Merging library manifest /opt/gradle/.gradle/caches/9.3.1/transforms/bf7d2dca93d47db8a9fabde2c5d5c16b/transformed/tracing-1.2.0/AndroidManifest.xml
Merging manifest with lower [androidx.tracing:tracing:1.2.0] AndroidManifest.xml:17:1-22:12
uses-sdk defined in both files...
Merging uses-sdk with lower [androidx.tracing:tracing:1.2.0] AndroidManifest.xml:20:5-44
Merging library manifest /opt/gradle/.gradle/caches/9.3.1/transforms/f5a85570e63f0f72f239231c4cdde100/transformed/interpolator-1.0.0/AndroidManifest.xml
Merging manifest with lower [androidx.interpolator:interpolator:1.0.0] AndroidManifest.xml:17:1-22:12
uses-sdk defined in both files...
Merging uses-sdk with lower [androidx.interpolator:interpolator:1.0.0] AndroidManifest.xml:20:5-44
Merging library manifest /opt/gradle/.gradle/caches/9.3.1/transforms/41b6fe7e82aef853acbfca9f3ec5e068/transformed/exifinterface-1.3.7/AndroidManifest.xml
Merging manifest with lower [androidx.exifinterface:exifinterface:1.3.7] AndroidManifest.xml:17:1-24:12
uses-sdk defined in both files...
Merging uses-sdk with lower [androidx.exifinterface:exifinterface:1.3.7] AndroidManifest.xml:20:5-22:41
Merging library manifest /opt/gradle/.gradle/caches/9.3.1/transforms/f516a3aaa4438066fad60855999fae25/transformed/espresso-idling-resource-3.7.0/AndroidManifest.xml
Merging manifest with lower [androidx.test.espresso:espresso-idling-resource:3.7.0] AndroidManifest.xml:17:1-24:12
uses-sdk defined in both files...
Merging uses-sdk with lower [androidx.test.espresso:espresso-idling-resource:3.7.0] AndroidManifest.xml:20:5-22:41
Merging library manifest /opt/gradle/.gradle/caches/9.3.1/transforms/187783eb789709285d35db2d656660da/transformed/core-common-2.0.4/AndroidManifest.xml
Merging manifest with lower [com.google.android.play:core-common:2.0.4] AndroidManifest.xml:2:1-21:12
uses-sdk defined in both files...
Merging uses-sdk with lower [com.google.android.play:core-common:2.0.4] AndroidManifest.xml:7:5-9:41
application defined in both files...
Merging application with lower [com.google.android.play:core-common:2.0.4] AndroidManifest.xml:11:5-19:19
Adopted [activity: null]
1<?xml version="1.0" encoding="utf-8"?>
2<manifest xmlns:android="http://schemas.android.com/apk/res/android"
3    package="com.aistudio.myschedule.qvxrtk" >
4
5    <uses-sdk
5-->/app/applet/app/build/intermediates/tmp/manifest/test/debug/tempFile2ProcessTestManifest14847370064294329178.xml:6:5-8:41
6        android:minSdkVersion="26"
6-->/app/applet/app/build/intermediates/tmp/manifest/test/debug/tempFile2ProcessTestManifest14847370064294329178.xml:7:9-35
7        android:targetSdkVersion="36" />
7-->/app/applet/app/build/intermediates/tmp/manifest/test/debug/tempFile2ProcessTestManifest14847370064294329178.xml:8:9-38
8
9    <uses-permission android:name="android.permission.ACCESS_NOTIFICATION_POLICY" />
9-->/app/applet/app/build/intermediates/tmp/manifest/test/debug/tempFile2ProcessTestManifest14847370064294329178.xml:10:5-85
9-->/app/applet/app/build/intermediates/tmp/manifest/test/debug/tempFile2ProcessTestManifest14847370064294329178.xml:10:22-82
10    <uses-permission android:name="android.permission.POST_NOTIFICATIONS" />
10-->/app/applet/app/build/intermediates/tmp/manifest/test/debug/tempFile2ProcessTestManifest14847370064294329178.xml:11:5-77
10-->/app/applet/app/build/intermediates/tmp/manifest/test/debug/tempFile2ProcessTestManifest14847370064294329178.xml:11:22-74
11    <uses-permission android:name="android.permission.SCHEDULE_EXACT_ALARM" />
11-->/app/applet/app/build/intermediates/tmp/manifest/test/debug/tempFile2ProcessTestManifest14847370064294329178.xml:12:5-79
11-->/app/applet/app/build/intermediates/tmp/manifest/test/debug/tempFile2ProcessTestManifest14847370064294329178.xml:12:22-76
12    <uses-permission android:name="android.permission.USE_EXACT_ALARM" />
12-->/app/applet/app/build/intermediates/tmp/manifest/test/debug/tempFile2ProcessTestManifest14847370064294329178.xml:13:5-74
12-->/app/applet/app/build/intermediates/tmp/manifest/test/debug/tempFile2ProcessTestManifest14847370064294329178.xml:13:22-71
13    <uses-permission android:name="android.permission.RECEIVE_BOOT_COMPLETED" />
13-->/app/applet/app/build/intermediates/tmp/manifest/test/debug/tempFile2ProcessTestManifest14847370064294329178.xml:14:5-81
13-->/app/applet/app/build/intermediates/tmp/manifest/test/debug/tempFile2ProcessTestManifest14847370064294329178.xml:14:22-78
14    <uses-permission android:name="android.permission.VIBRATE" />
14-->/app/applet/app/build/intermediates/tmp/manifest/test/debug/tempFile2ProcessTestManifest14847370064294329178.xml:15:5-66
14-->/app/applet/app/build/intermediates/tmp/manifest/test/debug/tempFile2ProcessTestManifest14847370064294329178.xml:15:22-63
15    <uses-permission android:name="android.permission.INTERNET" />
15-->/app/applet/app/build/intermediates/tmp/manifest/test/debug/tempFile2ProcessTestManifest14847370064294329178.xml:16:5-67
15-->/app/applet/app/build/intermediates/tmp/manifest/test/debug/tempFile2ProcessTestManifest14847370064294329178.xml:16:22-64
16    <uses-permission android:name="android.permission.RECORD_AUDIO" />
16-->/app/applet/app/build/intermediates/tmp/manifest/test/debug/tempFile2ProcessTestManifest14847370064294329178.xml:17:5-71
16-->/app/applet/app/build/intermediates/tmp/manifest/test/debug/tempFile2ProcessTestManifest14847370064294329178.xml:17:22-68
17    <uses-permission android:name="android.permission.PACKAGE_USAGE_STATS" />
17-->/app/applet/app/build/intermediates/tmp/manifest/test/debug/tempFile2ProcessTestManifest14847370064294329178.xml:18:5-20:47
17-->/app/applet/app/build/intermediates/tmp/manifest/test/debug/tempFile2ProcessTestManifest14847370064294329178.xml:19:9-62
18    <uses-permission android:name="android.permission.ACCESS_NETWORK_STATE" />
18-->[com.google.android.recaptcha:recaptcha:18.7.1] /opt/gradle/.gradle/caches/9.3.1/transforms/218220c9eccee56f76dfe63c6bb949bd/transformed/recaptcha-18.7.1/AndroidManifest.xml:8:5-79
18-->[com.google.android.recaptcha:recaptcha:18.7.1] /opt/gradle/.gradle/caches/9.3.1/transforms/218220c9eccee56f76dfe63c6bb949bd/transformed/recaptcha-18.7.1/AndroidManifest.xml:8:22-76
19    <uses-permission android:name="com.google.android.providers.gsf.permission.READ_GSERVICES" />
19-->[com.google.android.recaptcha:recaptcha:18.7.1] /opt/gradle/.gradle/caches/9.3.1/transforms/218220c9eccee56f76dfe63c6bb949bd/transformed/recaptcha-18.7.1/AndroidManifest.xml:9:5-98
19-->[com.google.android.recaptcha:recaptcha:18.7.1] /opt/gradle/.gradle/caches/9.3.1/transforms/218220c9eccee56f76dfe63c6bb949bd/transformed/recaptcha-18.7.1/AndroidManifest.xml:9:22-95
20    <uses-permission android:name="android.permission.WAKE_LOCK" />
20-->[androidx.work:work-runtime:2.9.1] /opt/gradle/.gradle/caches/9.3.1/transforms/e7617e5446f20b48bdfd7333f7d72100/transformed/work-runtime-2.9.1/AndroidManifest.xml:23:5-68
20-->[androidx.work:work-runtime:2.9.1] /opt/gradle/.gradle/caches/9.3.1/transforms/e7617e5446f20b48bdfd7333f7d72100/transformed/work-runtime-2.9.1/AndroidManifest.xml:23:22-65
21    <uses-permission android:name="android.permission.FOREGROUND_SERVICE" />
21-->[androidx.work:work-runtime:2.9.1] /opt/gradle/.gradle/caches/9.3.1/transforms/e7617e5446f20b48bdfd7333f7d72100/transformed/work-runtime-2.9.1/AndroidManifest.xml:26:5-77
21-->[androidx.work:work-runtime:2.9.1] /opt/gradle/.gradle/caches/9.3.1/transforms/e7617e5446f20b48bdfd7333f7d72100/transformed/work-runtime-2.9.1/AndroidManifest.xml:26:22-74
22
23    <permission
23-->[androidx.core:core:1.18.0] /opt/gradle/.gradle/caches/9.3.1/transforms/2aa02fbeaaae7ca8cf091f02bd236ab7/transformed/core-1.18.0/AndroidManifest.xml:22:5-24:47
24        android:name="com.aistudio.myschedule.qvxrtk.DYNAMIC_RECEIVER_NOT_EXPORTED_PERMISSION"
24-->[androidx.core:core:1.18.0] /opt/gradle/.gradle/caches/9.3.1/transforms/2aa02fbeaaae7ca8cf091f02bd236ab7/transformed/core-1.18.0/AndroidManifest.xml:23:9-81
25        android:protectionLevel="signature" />
25-->[androidx.core:core:1.18.0] /opt/gradle/.gradle/caches/9.3.1/transforms/2aa02fbeaaae7ca8cf091f02bd236ab7/transformed/core-1.18.0/AndroidManifest.xml:24:9-44
26
27    <uses-permission android:name="com.aistudio.myschedule.qvxrtk.DYNAMIC_RECEIVER_NOT_EXPORTED_PERMISSION" />
27-->[androidx.core:core:1.18.0] /opt/gradle/.gradle/caches/9.3.1/transforms/2aa02fbeaaae7ca8cf091f02bd236ab7/transformed/core-1.18.0/AndroidManifest.xml:26:5-97
27-->[androidx.core:core:1.18.0] /opt/gradle/.gradle/caches/9.3.1/transforms/2aa02fbeaaae7ca8cf091f02bd236ab7/transformed/core-1.18.0/AndroidManifest.xml:26:22-94
28    <uses-permission android:name="android.permission.REORDER_TASKS" />
28-->[androidx.test:core:1.7.0] /opt/gradle/.gradle/caches/9.3.1/transforms/d1e5728ab367edfc9d788818e670889a/transformed/core-1.7.0/AndroidManifest.xml:24:5-72
28-->[androidx.test:core:1.7.0] /opt/gradle/.gradle/caches/9.3.1/transforms/d1e5728ab367edfc9d788818e670889a/transformed/core-1.7.0/AndroidManifest.xml:24:22-69
29
30    <queries>
30-->[androidx.test:runner:1.5.2] /opt/gradle/.gradle/caches/9.3.1/transforms/6facbb417e5c54ceb66ce9fa0668ea1b/transformed/runner-1.5.2/AndroidManifest.xml:24:5-28:15
31        <package android:name="androidx.test.orchestrator" />
31-->[androidx.test:runner:1.5.2] /opt/gradle/.gradle/caches/9.3.1/transforms/6facbb417e5c54ceb66ce9fa0668ea1b/transformed/runner-1.5.2/AndroidManifest.xml:25:9-62
31-->[androidx.test:runner:1.5.2] /opt/gradle/.gradle/caches/9.3.1/transforms/6facbb417e5c54ceb66ce9fa0668ea1b/transformed/runner-1.5.2/AndroidManifest.xml:25:18-59
32        <package android:name="androidx.test.services" />
32-->[androidx.test:runner:1.5.2] /opt/gradle/.gradle/caches/9.3.1/transforms/6facbb417e5c54ceb66ce9fa0668ea1b/transformed/runner-1.5.2/AndroidManifest.xml:26:9-58
32-->[androidx.test:runner:1.5.2] /opt/gradle/.gradle/caches/9.3.1/transforms/6facbb417e5c54ceb66ce9fa0668ea1b/transformed/runner-1.5.2/AndroidManifest.xml:26:18-55
33        <package android:name="com.google.android.apps.common.testing.services" />
33-->[androidx.test:runner:1.5.2] /opt/gradle/.gradle/caches/9.3.1/transforms/6facbb417e5c54ceb66ce9fa0668ea1b/transformed/runner-1.5.2/AndroidManifest.xml:27:9-83
33-->[androidx.test:runner:1.5.2] /opt/gradle/.gradle/caches/9.3.1/transforms/6facbb417e5c54ceb66ce9fa0668ea1b/transformed/runner-1.5.2/AndroidManifest.xml:27:18-80
34    </queries>
35
36    <application
36-->/app/applet/app/build/intermediates/tmp/manifest/test/debug/tempFile2ProcessTestManifest14847370064294329178.xml:22:5-78:19
37        android:allowBackup="true"
37-->/app/applet/app/build/intermediates/tmp/manifest/test/debug/tempFile2ProcessTestManifest14847370064294329178.xml:23:9-35
38        android:appComponentFactory="androidx.core.app.CoreComponentFactory"
38-->[androidx.core:core:1.18.0] /opt/gradle/.gradle/caches/9.3.1/transforms/2aa02fbeaaae7ca8cf091f02bd236ab7/transformed/core-1.18.0/AndroidManifest.xml:28:18-86
39        android:dataExtractionRules="@xml/data_extraction_rules"
39-->/app/applet/app/build/intermediates/tmp/manifest/test/debug/tempFile2ProcessTestManifest14847370064294329178.xml:24:9-65
40        android:debuggable="true"
41        android:fullBackupContent="@xml/backup_rules"
41-->/app/applet/app/build/intermediates/tmp/manifest/test/debug/tempFile2ProcessTestManifest14847370064294329178.xml:25:9-54
42        android:icon="@mipmap/ic_launcher"
42-->/app/applet/app/build/intermediates/tmp/manifest/test/debug/tempFile2ProcessTestManifest14847370064294329178.xml:26:9-43
43        android:label="@string/app_name"
43-->/app/applet/app/build/intermediates/tmp/manifest/test/debug/tempFile2ProcessTestManifest14847370064294329178.xml:27:9-41
44        android:localeConfig="@xml/locales_config"
44-->/app/applet/app/build/intermediates/tmp/manifest/test/debug/tempFile2ProcessTestManifest14847370064294329178.xml:28:9-51
45        android:roundIcon="@mipmap/ic_launcher_round"
45-->/app/applet/app/build/intermediates/tmp/manifest/test/debug/tempFile2ProcessTestManifest14847370064294329178.xml:29:9-54
46        android:supportsRtl="true"
46-->/app/applet/app/build/intermediates/tmp/manifest/test/debug/tempFile2ProcessTestManifest14847370064294329178.xml:30:9-35
47        android:theme="@style/Theme.MyApplication" >
47-->/app/applet/app/build/intermediates/tmp/manifest/test/debug/tempFile2ProcessTestManifest14847370064294329178.xml:31:9-51
48        <activity
48-->/app/applet/app/build/intermediates/tmp/manifest/test/debug/tempFile2ProcessTestManifest14847370064294329178.xml:32:9-43:20
49            android:name="com.example.MainActivity"
49-->/app/applet/app/build/intermediates/tmp/manifest/test/debug/tempFile2ProcessTestManifest14847370064294329178.xml:33:13-52
50            android:exported="true"
50-->/app/applet/app/build/intermediates/tmp/manifest/test/debug/tempFile2ProcessTestManifest14847370064294329178.xml:34:13-36
51            android:label="@string/app_name"
51-->/app/applet/app/build/intermediates/tmp/manifest/test/debug/tempFile2ProcessTestManifest14847370064294329178.xml:35:13-45
52            android:theme="@style/Theme.MyApplication"
52-->/app/applet/app/build/intermediates/tmp/manifest/test/debug/tempFile2ProcessTestManifest14847370064294329178.xml:36:13-55
53            android:windowSoftInputMode="adjustResize" >
53-->/app/applet/app/build/intermediates/tmp/manifest/test/debug/tempFile2ProcessTestManifest14847370064294329178.xml:37:13-55
54            <intent-filter>
54-->/app/applet/app/build/intermediates/tmp/manifest/test/debug/tempFile2ProcessTestManifest14847370064294329178.xml:38:13-42:29
55                <action android:name="android.intent.action.MAIN" />
55-->/app/applet/app/build/intermediates/tmp/manifest/test/debug/tempFile2ProcessTestManifest14847370064294329178.xml:39:17-69
55-->/app/applet/app/build/intermediates/tmp/manifest/test/debug/tempFile2ProcessTestManifest14847370064294329178.xml:39:25-66
56
57                <category android:name="android.intent.category.LAUNCHER" />
57-->/app/applet/app/build/intermediates/tmp/manifest/test/debug/tempFile2ProcessTestManifest14847370064294329178.xml:41:17-77
57-->/app/applet/app/build/intermediates/tmp/manifest/test/debug/tempFile2ProcessTestManifest14847370064294329178.xml:41:27-74
58            </intent-filter>
59        </activity>
60
61        <receiver
61-->/app/applet/app/build/intermediates/tmp/manifest/test/debug/tempFile2ProcessTestManifest14847370064294329178.xml:45:9-47:40
62            android:name="com.example.service.NotificationActionReceiver"
62-->/app/applet/app/build/intermediates/tmp/manifest/test/debug/tempFile2ProcessTestManifest14847370064294329178.xml:46:13-74
63            android:exported="false" />
63-->/app/applet/app/build/intermediates/tmp/manifest/test/debug/tempFile2ProcessTestManifest14847370064294329178.xml:47:13-37
64        <receiver
64-->/app/applet/app/build/intermediates/tmp/manifest/test/debug/tempFile2ProcessTestManifest14847370064294329178.xml:48:9-58:20
65            android:name="com.example.service.ClassReminderReceiver"
65-->/app/applet/app/build/intermediates/tmp/manifest/test/debug/tempFile2ProcessTestManifest14847370064294329178.xml:49:13-69
66            android:exported="false" >
66-->/app/applet/app/build/intermediates/tmp/manifest/test/debug/tempFile2ProcessTestManifest14847370064294329178.xml:50:13-37
67            <intent-filter>
67-->/app/applet/app/build/intermediates/tmp/manifest/test/debug/tempFile2ProcessTestManifest14847370064294329178.xml:51:13-57:29
68                <action android:name="android.intent.action.BOOT_COMPLETED" />
68-->/app/applet/app/build/intermediates/tmp/manifest/test/debug/tempFile2ProcessTestManifest14847370064294329178.xml:52:17-79
68-->/app/applet/app/build/intermediates/tmp/manifest/test/debug/tempFile2ProcessTestManifest14847370064294329178.xml:52:25-76
69                <action android:name="android.intent.action.MY_PACKAGE_REPLACED" />
69-->/app/applet/app/build/intermediates/tmp/manifest/test/debug/tempFile2ProcessTestManifest14847370064294329178.xml:53:17-84
69-->/app/applet/app/build/intermediates/tmp/manifest/test/debug/tempFile2ProcessTestManifest14847370064294329178.xml:53:25-81
70                <action android:name="android.intent.action.TIME_SET" />
70-->/app/applet/app/build/intermediates/tmp/manifest/test/debug/tempFile2ProcessTestManifest14847370064294329178.xml:54:17-73
70-->/app/applet/app/build/intermediates/tmp/manifest/test/debug/tempFile2ProcessTestManifest14847370064294329178.xml:54:25-70
71                <action android:name="android.intent.action.TIMEZONE_CHANGED" />
71-->/app/applet/app/build/intermediates/tmp/manifest/test/debug/tempFile2ProcessTestManifest14847370064294329178.xml:55:17-81
71-->/app/applet/app/build/intermediates/tmp/manifest/test/debug/tempFile2ProcessTestManifest14847370064294329178.xml:55:25-78
72                <action android:name="com.example.ACTION_TRIGGER_CLASS_REMINDER" />
72-->/app/applet/app/build/intermediates/tmp/manifest/test/debug/tempFile2ProcessTestManifest14847370064294329178.xml:56:17-84
72-->/app/applet/app/build/intermediates/tmp/manifest/test/debug/tempFile2ProcessTestManifest14847370064294329178.xml:56:25-81
73            </intent-filter>
74        </receiver>
75
76        <provider
76-->/app/applet/app/build/intermediates/tmp/manifest/test/debug/tempFile2ProcessTestManifest14847370064294329178.xml:60:9-68:20
77            android:name="androidx.core.content.FileProvider"
77-->/app/applet/app/build/intermediates/tmp/manifest/test/debug/tempFile2ProcessTestManifest14847370064294329178.xml:61:13-62
78            android:authorities="com.aistudio.myschedule.qvxrtk.fileprovider"
78-->/app/applet/app/build/intermediates/tmp/manifest/test/debug/tempFile2ProcessTestManifest14847370064294329178.xml:62:13-78
79            android:exported="false"
79-->/app/applet/app/build/intermediates/tmp/manifest/test/debug/tempFile2ProcessTestManifest14847370064294329178.xml:63:13-37
80            android:grantUriPermissions="true" >
80-->/app/applet/app/build/intermediates/tmp/manifest/test/debug/tempFile2ProcessTestManifest14847370064294329178.xml:64:13-47
81            <meta-data
81-->/app/applet/app/build/intermediates/tmp/manifest/test/debug/tempFile2ProcessTestManifest14847370064294329178.xml:65:13-67:54
82                android:name="android.support.FILE_PROVIDER_PATHS"
82-->/app/applet/app/build/intermediates/tmp/manifest/test/debug/tempFile2ProcessTestManifest14847370064294329178.xml:66:17-67
83                android:resource="@xml/file_paths" />
83-->/app/applet/app/build/intermediates/tmp/manifest/test/debug/tempFile2ProcessTestManifest14847370064294329178.xml:67:17-51
84        </provider>
85
86        <receiver
86-->/app/applet/app/build/intermediates/tmp/manifest/test/debug/tempFile2ProcessTestManifest14847370064294329178.xml:70:9-77:20
87            android:name="com.example.service.DndAutomationReceiver"
87-->/app/applet/app/build/intermediates/tmp/manifest/test/debug/tempFile2ProcessTestManifest14847370064294329178.xml:71:13-69
88            android:exported="false" >
88-->/app/applet/app/build/intermediates/tmp/manifest/test/debug/tempFile2ProcessTestManifest14847370064294329178.xml:72:13-37
89            <intent-filter>
89-->/app/applet/app/build/intermediates/tmp/manifest/test/debug/tempFile2ProcessTestManifest14847370064294329178.xml:73:13-76:29
90                <action android:name="com.example.ACTION_DND_TURN_ON" />
90-->/app/applet/app/build/intermediates/tmp/manifest/test/debug/tempFile2ProcessTestManifest14847370064294329178.xml:74:17-73
90-->/app/applet/app/build/intermediates/tmp/manifest/test/debug/tempFile2ProcessTestManifest14847370064294329178.xml:74:25-70
91                <action android:name="com.example.ACTION_DND_TURN_OFF" />
91-->/app/applet/app/build/intermediates/tmp/manifest/test/debug/tempFile2ProcessTestManifest14847370064294329178.xml:75:17-74
91-->/app/applet/app/build/intermediates/tmp/manifest/test/debug/tempFile2ProcessTestManifest14847370064294329178.xml:75:25-71
92            </intent-filter>
93        </receiver>
94
95        <service
95-->[com.google.firebase:firebase-appcheck-debug:19.4.0] /opt/gradle/.gradle/caches/9.3.1/transforms/a302ab38ca2f97451870adbaaf53021a/transformed/firebase-appcheck-debug-19.4.0/AndroidManifest.xml:22:9-28:19
96            android:name="com.google.firebase.components.ComponentDiscoveryService"
96-->[com.google.firebase:firebase-appcheck-debug:19.4.0] /opt/gradle/.gradle/caches/9.3.1/transforms/a302ab38ca2f97451870adbaaf53021a/transformed/firebase-appcheck-debug-19.4.0/AndroidManifest.xml:23:13-84
97            android:directBootAware="true"
97-->[com.google.firebase:firebase-common:22.2.0] /opt/gradle/.gradle/caches/9.3.1/transforms/5a66a2a41838c48f8056f7a85c0c36db/transformed/firebase-common-22.2.0/AndroidManifest.xml:32:13-43
98            android:exported="false" >
98-->[com.google.firebase:firebase-appcheck-debug:19.4.0] /opt/gradle/.gradle/caches/9.3.1/transforms/a302ab38ca2f97451870adbaaf53021a/transformed/firebase-appcheck-debug-19.4.0/AndroidManifest.xml:24:13-37
99            <meta-data
99-->[com.google.firebase:firebase-appcheck-debug:19.4.0] /opt/gradle/.gradle/caches/9.3.1/transforms/a302ab38ca2f97451870adbaaf53021a/transformed/firebase-appcheck-debug-19.4.0/AndroidManifest.xml:25:13-27:85
100                android:name="com.google.firebase.components:com.google.firebase.appcheck.debug.FirebaseAppCheckDebugRegistrar"
100-->[com.google.firebase:firebase-appcheck-debug:19.4.0] /opt/gradle/.gradle/caches/9.3.1/transforms/a302ab38ca2f97451870adbaaf53021a/transformed/firebase-appcheck-debug-19.4.0/AndroidManifest.xml:26:17-128
101                android:value="com.google.firebase.components.ComponentRegistrar" />
101-->[com.google.firebase:firebase-appcheck-debug:19.4.0] /opt/gradle/.gradle/caches/9.3.1/transforms/a302ab38ca2f97451870adbaaf53021a/transformed/firebase-appcheck-debug-19.4.0/AndroidManifest.xml:27:17-82
102            <meta-data
102-->[com.google.firebase:firebase-appcheck-recaptcha:19.2.0] /opt/gradle/.gradle/caches/9.3.1/transforms/f1b037bb0c4a472913af4648e7f1da6d/transformed/firebase-appcheck-recaptcha-19.2.0/AndroidManifest.xml:24:13-26:85
103                android:name="com.google.firebase.components:com.google.firebase.appcheck.recaptcha.FirebaseAppCheckRecaptchaRegistrar"
103-->[com.google.firebase:firebase-appcheck-recaptcha:19.2.0] /opt/gradle/.gradle/caches/9.3.1/transforms/f1b037bb0c4a472913af4648e7f1da6d/transformed/firebase-appcheck-recaptcha-19.2.0/AndroidManifest.xml:25:17-136
104                android:value="com.google.firebase.components.ComponentRegistrar" />
104-->[com.google.firebase:firebase-appcheck-recaptcha:19.2.0] /opt/gradle/.gradle/caches/9.3.1/transforms/f1b037bb0c4a472913af4648e7f1da6d/transformed/firebase-appcheck-recaptcha-19.2.0/AndroidManifest.xml:26:17-82
105            <meta-data
105-->[com.google.firebase:firebase-appcheck:19.4.0] /opt/gradle/.gradle/caches/9.3.1/transforms/6121dc9720dd1406fbc90fe17e6158ae/transformed/firebase-appcheck-19.4.0/AndroidManifest.xml:25:13-27:85
106                android:name="com.google.firebase.components:com.google.firebase.appcheck.FirebaseAppCheckKtxRegistrar"
106-->[com.google.firebase:firebase-appcheck:19.4.0] /opt/gradle/.gradle/caches/9.3.1/transforms/6121dc9720dd1406fbc90fe17e6158ae/transformed/firebase-appcheck-19.4.0/AndroidManifest.xml:26:17-120
107                android:value="com.google.firebase.components.ComponentRegistrar" />
107-->[com.google.firebase:firebase-appcheck:19.4.0] /opt/gradle/.gradle/caches/9.3.1/transforms/6121dc9720dd1406fbc90fe17e6158ae/transformed/firebase-appcheck-19.4.0/AndroidManifest.xml:27:17-82
108            <meta-data
108-->[com.google.firebase:firebase-appcheck:19.4.0] /opt/gradle/.gradle/caches/9.3.1/transforms/6121dc9720dd1406fbc90fe17e6158ae/transformed/firebase-appcheck-19.4.0/AndroidManifest.xml:28:13-30:85
109                android:name="com.google.firebase.components:com.google.firebase.appcheck.FirebaseAppCheckRegistrar"
109-->[com.google.firebase:firebase-appcheck:19.4.0] /opt/gradle/.gradle/caches/9.3.1/transforms/6121dc9720dd1406fbc90fe17e6158ae/transformed/firebase-appcheck-19.4.0/AndroidManifest.xml:29:17-117
110                android:value="com.google.firebase.components.ComponentRegistrar" />
110-->[com.google.firebase:firebase-appcheck:19.4.0] /opt/gradle/.gradle/caches/9.3.1/transforms/6121dc9720dd1406fbc90fe17e6158ae/transformed/firebase-appcheck-19.4.0/AndroidManifest.xml:30:17-82
111            <meta-data
111-->[com.google.firebase:firebase-common:22.2.0] /opt/gradle/.gradle/caches/9.3.1/transforms/5a66a2a41838c48f8056f7a85c0c36db/transformed/firebase-common-22.2.0/AndroidManifest.xml:35:13-37:85
112                android:name="com.google.firebase.components:com.google.firebase.FirebaseCommonKtxRegistrar"
112-->[com.google.firebase:firebase-common:22.2.0] /opt/gradle/.gradle/caches/9.3.1/transforms/5a66a2a41838c48f8056f7a85c0c36db/transformed/firebase-common-22.2.0/AndroidManifest.xml:36:17-109
113                android:value="com.google.firebase.components.ComponentRegistrar" />
113-->[com.google.firebase:firebase-common:22.2.0] /opt/gradle/.gradle/caches/9.3.1/transforms/5a66a2a41838c48f8056f7a85c0c36db/transformed/firebase-common-22.2.0/AndroidManifest.xml:37:17-82
114        </service>
115
116        <activity
116-->[com.google.android.gms:play-services-base:18.9.0] /opt/gradle/.gradle/caches/9.3.1/transforms/47a47316e8fbfcce234765c5c5396bbb/transformed/play-services-base-18.9.0/AndroidManifest.xml:20:9-22:45
117            android:name="com.google.android.gms.common.api.GoogleApiActivity"
117-->[com.google.android.gms:play-services-base:18.9.0] /opt/gradle/.gradle/caches/9.3.1/transforms/47a47316e8fbfcce234765c5c5396bbb/transformed/play-services-base-18.9.0/AndroidManifest.xml:20:19-85
118            android:exported="false"
118-->[com.google.android.gms:play-services-base:18.9.0] /opt/gradle/.gradle/caches/9.3.1/transforms/47a47316e8fbfcce234765c5c5396bbb/transformed/play-services-base-18.9.0/AndroidManifest.xml:22:19-43
119            android:theme="@android:style/Theme.Translucent.NoTitleBar" />
119-->[com.google.android.gms:play-services-base:18.9.0] /opt/gradle/.gradle/caches/9.3.1/transforms/47a47316e8fbfcce234765c5c5396bbb/transformed/play-services-base-18.9.0/AndroidManifest.xml:21:19-78
120
121        <provider
121-->[com.google.firebase:firebase-common:22.2.0] /opt/gradle/.gradle/caches/9.3.1/transforms/5a66a2a41838c48f8056f7a85c0c36db/transformed/firebase-common-22.2.0/AndroidManifest.xml:23:9-28:39
122            android:name="com.google.firebase.provider.FirebaseInitProvider"
122-->[com.google.firebase:firebase-common:22.2.0] /opt/gradle/.gradle/caches/9.3.1/transforms/5a66a2a41838c48f8056f7a85c0c36db/transformed/firebase-common-22.2.0/AndroidManifest.xml:24:13-77
123            android:authorities="com.aistudio.myschedule.qvxrtk.firebaseinitprovider"
123-->[com.google.firebase:firebase-common:22.2.0] /opt/gradle/.gradle/caches/9.3.1/transforms/5a66a2a41838c48f8056f7a85c0c36db/transformed/firebase-common-22.2.0/AndroidManifest.xml:25:13-72
124            android:directBootAware="true"
124-->[com.google.firebase:firebase-common:22.2.0] /opt/gradle/.gradle/caches/9.3.1/transforms/5a66a2a41838c48f8056f7a85c0c36db/transformed/firebase-common-22.2.0/AndroidManifest.xml:26:13-43
125            android:exported="false"
125-->[com.google.firebase:firebase-common:22.2.0] /opt/gradle/.gradle/caches/9.3.1/transforms/5a66a2a41838c48f8056f7a85c0c36db/transformed/firebase-common-22.2.0/AndroidManifest.xml:27:13-37
126            android:initOrder="100" />
126-->[com.google.firebase:firebase-common:22.2.0] /opt/gradle/.gradle/caches/9.3.1/transforms/5a66a2a41838c48f8056f7a85c0c36db/transformed/firebase-common-22.2.0/AndroidManifest.xml:28:13-36
127        <provider
127-->[androidx.work:work-runtime:2.9.1] /opt/gradle/.gradle/caches/9.3.1/transforms/e7617e5446f20b48bdfd7333f7d72100/transformed/work-runtime-2.9.1/AndroidManifest.xml:29:9-37:20
128            android:name="androidx.startup.InitializationProvider"
128-->[androidx.work:work-runtime:2.9.1] /opt/gradle/.gradle/caches/9.3.1/transforms/e7617e5446f20b48bdfd7333f7d72100/transformed/work-runtime-2.9.1/AndroidManifest.xml:30:13-67
129            android:authorities="com.aistudio.myschedule.qvxrtk.androidx-startup"
129-->[androidx.work:work-runtime:2.9.1] /opt/gradle/.gradle/caches/9.3.1/transforms/e7617e5446f20b48bdfd7333f7d72100/transformed/work-runtime-2.9.1/AndroidManifest.xml:31:13-68
130            android:exported="false" >
130-->[androidx.work:work-runtime:2.9.1] /opt/gradle/.gradle/caches/9.3.1/transforms/e7617e5446f20b48bdfd7333f7d72100/transformed/work-runtime-2.9.1/AndroidManifest.xml:32:13-37
131            <meta-data
131-->[androidx.work:work-runtime:2.9.1] /opt/gradle/.gradle/caches/9.3.1/transforms/e7617e5446f20b48bdfd7333f7d72100/transformed/work-runtime-2.9.1/AndroidManifest.xml:34:13-36:52
132                android:name="androidx.work.WorkManagerInitializer"
132-->[androidx.work:work-runtime:2.9.1] /opt/gradle/.gradle/caches/9.3.1/transforms/e7617e5446f20b48bdfd7333f7d72100/transformed/work-runtime-2.9.1/AndroidManifest.xml:35:17-68
133                android:value="androidx.startup" />
133-->[androidx.work:work-runtime:2.9.1] /opt/gradle/.gradle/caches/9.3.1/transforms/e7617e5446f20b48bdfd7333f7d72100/transformed/work-runtime-2.9.1/AndroidManifest.xml:36:17-49
134            <meta-data
134-->[androidx.emoji2:emoji2:1.3.0] /opt/gradle/.gradle/caches/9.3.1/transforms/1a61f7e15df3522e9e6ea26ed19fb04d/transformed/emoji2-1.3.0/AndroidManifest.xml:29:13-31:52
135                android:name="androidx.emoji2.text.EmojiCompatInitializer"
135-->[androidx.emoji2:emoji2:1.3.0] /opt/gradle/.gradle/caches/9.3.1/transforms/1a61f7e15df3522e9e6ea26ed19fb04d/transformed/emoji2-1.3.0/AndroidManifest.xml:30:17-75
136                android:value="androidx.startup" />
136-->[androidx.emoji2:emoji2:1.3.0] /opt/gradle/.gradle/caches/9.3.1/transforms/1a61f7e15df3522e9e6ea26ed19fb04d/transformed/emoji2-1.3.0/AndroidManifest.xml:31:17-49
137            <meta-data
137-->[androidx.lifecycle:lifecycle-process:2.8.7] /opt/gradle/.gradle/caches/9.3.1/transforms/13324beaee2c3606e015c11a53b0809a/transformed/lifecycle-process-2.8.7/AndroidManifest.xml:29:13-31:52
138                android:name="androidx.lifecycle.ProcessLifecycleInitializer"
138-->[androidx.lifecycle:lifecycle-process:2.8.7] /opt/gradle/.gradle/caches/9.3.1/transforms/13324beaee2c3606e015c11a53b0809a/transformed/lifecycle-process-2.8.7/AndroidManifest.xml:30:17-78
139                android:value="androidx.startup" />
139-->[androidx.lifecycle:lifecycle-process:2.8.7] /opt/gradle/.gradle/caches/9.3.1/transforms/13324beaee2c3606e015c11a53b0809a/transformed/lifecycle-process-2.8.7/AndroidManifest.xml:31:17-49
140            <meta-data
140-->[androidx.profileinstaller:profileinstaller:1.4.0] /opt/gradle/.gradle/caches/9.3.1/transforms/2384ea122bc398bc4cf80b1d2716b8a4/transformed/profileinstaller-1.4.0/AndroidManifest.xml:29:13-31:52
141                android:name="androidx.profileinstaller.ProfileInstallerInitializer"
141-->[androidx.profileinstaller:profileinstaller:1.4.0] /opt/gradle/.gradle/caches/9.3.1/transforms/2384ea122bc398bc4cf80b1d2716b8a4/transformed/profileinstaller-1.4.0/AndroidManifest.xml:30:17-85
142                android:value="androidx.startup" />
142-->[androidx.profileinstaller:profileinstaller:1.4.0] /opt/gradle/.gradle/caches/9.3.1/transforms/2384ea122bc398bc4cf80b1d2716b8a4/transformed/profileinstaller-1.4.0/AndroidManifest.xml:31:17-49
143        </provider>
144
145        <service
145-->[androidx.work:work-runtime:2.9.1] /opt/gradle/.gradle/caches/9.3.1/transforms/e7617e5446f20b48bdfd7333f7d72100/transformed/work-runtime-2.9.1/AndroidManifest.xml:39:9-45:35
146            android:name="androidx.work.impl.background.systemalarm.SystemAlarmService"
146-->[androidx.work:work-runtime:2.9.1] /opt/gradle/.gradle/caches/9.3.1/transforms/e7617e5446f20b48bdfd7333f7d72100/transformed/work-runtime-2.9.1/AndroidManifest.xml:40:13-88
147            android:directBootAware="false"
147-->[androidx.work:work-runtime:2.9.1] /opt/gradle/.gradle/caches/9.3.1/transforms/e7617e5446f20b48bdfd7333f7d72100/transformed/work-runtime-2.9.1/AndroidManifest.xml:41:13-44
148            android:enabled="@bool/enable_system_alarm_service_default"
148-->[androidx.work:work-runtime:2.9.1] /opt/gradle/.gradle/caches/9.3.1/transforms/e7617e5446f20b48bdfd7333f7d72100/transformed/work-runtime-2.9.1/AndroidManifest.xml:42:13-72
149            android:exported="false" />
149-->[androidx.work:work-runtime:2.9.1] /opt/gradle/.gradle/caches/9.3.1/transforms/e7617e5446f20b48bdfd7333f7d72100/transformed/work-runtime-2.9.1/AndroidManifest.xml:43:13-37
150        <service
150-->[androidx.work:work-runtime:2.9.1] /opt/gradle/.gradle/caches/9.3.1/transforms/e7617e5446f20b48bdfd7333f7d72100/transformed/work-runtime-2.9.1/AndroidManifest.xml:46:9-52:35
151            android:name="androidx.work.impl.background.systemjob.SystemJobService"
151-->[androidx.work:work-runtime:2.9.1] /opt/gradle/.gradle/caches/9.3.1/transforms/e7617e5446f20b48bdfd7333f7d72100/transformed/work-runtime-2.9.1/AndroidManifest.xml:47:13-84
152            android:directBootAware="false"
152-->[androidx.work:work-runtime:2.9.1] /opt/gradle/.gradle/caches/9.3.1/transforms/e7617e5446f20b48bdfd7333f7d72100/transformed/work-runtime-2.9.1/AndroidManifest.xml:48:13-44
153            android:enabled="@bool/enable_system_job_service_default"
153-->[androidx.work:work-runtime:2.9.1] /opt/gradle/.gradle/caches/9.3.1/transforms/e7617e5446f20b48bdfd7333f7d72100/transformed/work-runtime-2.9.1/AndroidManifest.xml:49:13-70
154            android:exported="true"
154-->[androidx.work:work-runtime:2.9.1] /opt/gradle/.gradle/caches/9.3.1/transforms/e7617e5446f20b48bdfd7333f7d72100/transformed/work-runtime-2.9.1/AndroidManifest.xml:50:13-36
155            android:permission="android.permission.BIND_JOB_SERVICE" />
155-->[androidx.work:work-runtime:2.9.1] /opt/gradle/.gradle/caches/9.3.1/transforms/e7617e5446f20b48bdfd7333f7d72100/transformed/work-runtime-2.9.1/AndroidManifest.xml:51:13-69
156        <service
156-->[androidx.work:work-runtime:2.9.1] /opt/gradle/.gradle/caches/9.3.1/transforms/e7617e5446f20b48bdfd7333f7d72100/transformed/work-runtime-2.9.1/AndroidManifest.xml:53:9-59:35
157            android:name="androidx.work.impl.foreground.SystemForegroundService"
157-->[androidx.work:work-runtime:2.9.1] /opt/gradle/.gradle/caches/9.3.1/transforms/e7617e5446f20b48bdfd7333f7d72100/transformed/work-runtime-2.9.1/AndroidManifest.xml:54:13-81
158            android:directBootAware="false"
158-->[androidx.work:work-runtime:2.9.1] /opt/gradle/.gradle/caches/9.3.1/transforms/e7617e5446f20b48bdfd7333f7d72100/transformed/work-runtime-2.9.1/AndroidManifest.xml:55:13-44
159            android:enabled="@bool/enable_system_foreground_service_default"
159-->[androidx.work:work-runtime:2.9.1] /opt/gradle/.gradle/caches/9.3.1/transforms/e7617e5446f20b48bdfd7333f7d72100/transformed/work-runtime-2.9.1/AndroidManifest.xml:56:13-77
160            android:exported="false" />
160-->[androidx.work:work-runtime:2.9.1] /opt/gradle/.gradle/caches/9.3.1/transforms/e7617e5446f20b48bdfd7333f7d72100/transformed/work-runtime-2.9.1/AndroidManifest.xml:57:13-37
161
162        <receiver
162-->[androidx.work:work-runtime:2.9.1] /opt/gradle/.gradle/caches/9.3.1/transforms/e7617e5446f20b48bdfd7333f7d72100/transformed/work-runtime-2.9.1/AndroidManifest.xml:61:9-66:35
163            android:name="androidx.work.impl.utils.ForceStopRunnable$BroadcastReceiver"
163-->[androidx.work:work-runtime:2.9.1] /opt/gradle/.gradle/caches/9.3.1/transforms/e7617e5446f20b48bdfd7333f7d72100/transformed/work-runtime-2.9.1/AndroidManifest.xml:62:13-88
164            android:directBootAware="false"
164-->[androidx.work:work-runtime:2.9.1] /opt/gradle/.gradle/caches/9.3.1/transforms/e7617e5446f20b48bdfd7333f7d72100/transformed/work-runtime-2.9.1/AndroidManifest.xml:63:13-44
165            android:enabled="true"
165-->[androidx.work:work-runtime:2.9.1] /opt/gradle/.gradle/caches/9.3.1/transforms/e7617e5446f20b48bdfd7333f7d72100/transformed/work-runtime-2.9.1/AndroidManifest.xml:64:13-35
166            android:exported="false" />
166-->[androidx.work:work-runtime:2.9.1] /opt/gradle/.gradle/caches/9.3.1/transforms/e7617e5446f20b48bdfd7333f7d72100/transformed/work-runtime-2.9.1/AndroidManifest.xml:65:13-37
167        <receiver
167-->[androidx.work:work-runtime:2.9.1] /opt/gradle/.gradle/caches/9.3.1/transforms/e7617e5446f20b48bdfd7333f7d72100/transformed/work-runtime-2.9.1/AndroidManifest.xml:67:9-77:20
168            android:name="androidx.work.impl.background.systemalarm.ConstraintProxy$BatteryChargingProxy"
168-->[androidx.work:work-runtime:2.9.1] /opt/gradle/.gradle/caches/9.3.1/transforms/e7617e5446f20b48bdfd7333f7d72100/transformed/work-runtime-2.9.1/AndroidManifest.xml:68:13-106
169            android:directBootAware="false"
169-->[androidx.work:work-runtime:2.9.1] /opt/gradle/.gradle/caches/9.3.1/transforms/e7617e5446f20b48bdfd7333f7d72100/transformed/work-runtime-2.9.1/AndroidManifest.xml:69:13-44
170            android:enabled="false"
170-->[androidx.work:work-runtime:2.9.1] /opt/gradle/.gradle/caches/9.3.1/transforms/e7617e5446f20b48bdfd7333f7d72100/transformed/work-runtime-2.9.1/AndroidManifest.xml:70:13-36
171            android:exported="false" >
171-->[androidx.work:work-runtime:2.9.1] /opt/gradle/.gradle/caches/9.3.1/transforms/e7617e5446f20b48bdfd7333f7d72100/transformed/work-runtime-2.9.1/AndroidManifest.xml:71:13-37
172            <intent-filter>
172-->[androidx.work:work-runtime:2.9.1] /opt/gradle/.gradle/caches/9.3.1/transforms/e7617e5446f20b48bdfd7333f7d72100/transformed/work-runtime-2.9.1/AndroidManifest.xml:73:13-76:29
173                <action android:name="android.intent.action.ACTION_POWER_CONNECTED" />
173-->[androidx.work:work-runtime:2.9.1] /opt/gradle/.gradle/caches/9.3.1/transforms/e7617e5446f20b48bdfd7333f7d72100/transformed/work-runtime-2.9.1/AndroidManifest.xml:74:17-87
173-->[androidx.work:work-runtime:2.9.1] /opt/gradle/.gradle/caches/9.3.1/transforms/e7617e5446f20b48bdfd7333f7d72100/transformed/work-runtime-2.9.1/AndroidManifest.xml:74:25-84
174                <action android:name="android.intent.action.ACTION_POWER_DISCONNECTED" />
174-->[androidx.work:work-runtime:2.9.1] /opt/gradle/.gradle/caches/9.3.1/transforms/e7617e5446f20b48bdfd7333f7d72100/transformed/work-runtime-2.9.1/AndroidManifest.xml:75:17-90
174-->[androidx.work:work-runtime:2.9.1] /opt/gradle/.gradle/caches/9.3.1/transforms/e7617e5446f20b48bdfd7333f7d72100/transformed/work-runtime-2.9.1/AndroidManifest.xml:75:25-87
175            </intent-filter>
176        </receiver>
177        <receiver
177-->[androidx.work:work-runtime:2.9.1] /opt/gradle/.gradle/caches/9.3.1/transforms/e7617e5446f20b48bdfd7333f7d72100/transformed/work-runtime-2.9.1/AndroidManifest.xml:78:9-88:20
178            android:name="androidx.work.impl.background.systemalarm.ConstraintProxy$BatteryNotLowProxy"
178-->[androidx.work:work-runtime:2.9.1] /opt/gradle/.gradle/caches/9.3.1/transforms/e7617e5446f20b48bdfd7333f7d72100/transformed/work-runtime-2.9.1/AndroidManifest.xml:79:13-104
179            android:directBootAware="false"
179-->[androidx.work:work-runtime:2.9.1] /opt/gradle/.gradle/caches/9.3.1/transforms/e7617e5446f20b48bdfd7333f7d72100/transformed/work-runtime-2.9.1/AndroidManifest.xml:80:13-44
180            android:enabled="false"
180-->[androidx.work:work-runtime:2.9.1] /opt/gradle/.gradle/caches/9.3.1/transforms/e7617e5446f20b48bdfd7333f7d72100/transformed/work-runtime-2.9.1/AndroidManifest.xml:81:13-36
181            android:exported="false" >
181-->[androidx.work:work-runtime:2.9.1] /opt/gradle/.gradle/caches/9.3.1/transforms/e7617e5446f20b48bdfd7333f7d72100/transformed/work-runtime-2.9.1/AndroidManifest.xml:82:13-37
182            <intent-filter>
182-->[androidx.work:work-runtime:2.9.1] /opt/gradle/.gradle/caches/9.3.1/transforms/e7617e5446f20b48bdfd7333f7d72100/transformed/work-runtime-2.9.1/AndroidManifest.xml:84:13-87:29
183                <action android:name="android.intent.action.BATTERY_OKAY" />
183-->[androidx.work:work-runtime:2.9.1] /opt/gradle/.gradle/caches/9.3.1/transforms/e7617e5446f20b48bdfd7333f7d72100/transformed/work-runtime-2.9.1/AndroidManifest.xml:85:17-77
183-->[androidx.work:work-runtime:2.9.1] /opt/gradle/.gradle/caches/9.3.1/transforms/e7617e5446f20b48bdfd7333f7d72100/transformed/work-runtime-2.9.1/AndroidManifest.xml:85:25-74
184                <action android:name="android.intent.action.BATTERY_LOW" />
184-->[androidx.work:work-runtime:2.9.1] /opt/gradle/.gradle/caches/9.3.1/transforms/e7617e5446f20b48bdfd7333f7d72100/transformed/work-runtime-2.9.1/AndroidManifest.xml:86:17-76
184-->[androidx.work:work-runtime:2.9.1] /opt/gradle/.gradle/caches/9.3.1/transforms/e7617e5446f20b48bdfd7333f7d72100/transformed/work-runtime-2.9.1/AndroidManifest.xml:86:25-73
185            </intent-filter>
186        </receiver>
187        <receiver
187-->[androidx.work:work-runtime:2.9.1] /opt/gradle/.gradle/caches/9.3.1/transforms/e7617e5446f20b48bdfd7333f7d72100/transformed/work-runtime-2.9.1/AndroidManifest.xml:89:9-99:20
188            android:name="androidx.work.impl.background.systemalarm.ConstraintProxy$StorageNotLowProxy"
188-->[androidx.work:work-runtime:2.9.1] /opt/gradle/.gradle/caches/9.3.1/transforms/e7617e5446f20b48bdfd7333f7d72100/transformed/work-runtime-2.9.1/AndroidManifest.xml:90:13-104
189            android:directBootAware="false"
189-->[androidx.work:work-runtime:2.9.1] /opt/gradle/.gradle/caches/9.3.1/transforms/e7617e5446f20b48bdfd7333f7d72100/transformed/work-runtime-2.9.1/AndroidManifest.xml:91:13-44
190            android:enabled="false"
190-->[androidx.work:work-runtime:2.9.1] /opt/gradle/.gradle/caches/9.3.1/transforms/e7617e5446f20b48bdfd7333f7d72100/transformed/work-runtime-2.9.1/AndroidManifest.xml:92:13-36
191            android:exported="false" >
191-->[androidx.work:work-runtime:2.9.1] /opt/gradle/.gradle/caches/9.3.1/transforms/e7617e5446f20b48bdfd7333f7d72100/transformed/work-runtime-2.9.1/AndroidManifest.xml:93:13-37
192            <intent-filter>
192-->[androidx.work:work-runtime:2.9.1] /opt/gradle/.gradle/caches/9.3.1/transforms/e7617e5446f20b48bdfd7333f7d72100/transformed/work-runtime-2.9.1/AndroidManifest.xml:95:13-98:29
193                <action android:name="android.intent.action.DEVICE_STORAGE_LOW" />
193-->[androidx.work:work-runtime:2.9.1] /opt/gradle/.gradle/caches/9.3.1/transforms/e7617e5446f20b48bdfd7333f7d72100/transformed/work-runtime-2.9.1/AndroidManifest.xml:96:17-83
193-->[androidx.work:work-runtime:2.9.1] /opt/gradle/.gradle/caches/9.3.1/transforms/e7617e5446f20b48bdfd7333f7d72100/transformed/work-runtime-2.9.1/AndroidManifest.xml:96:25-80
194                <action android:name="android.intent.action.DEVICE_STORAGE_OK" />
194-->[androidx.work:work-runtime:2.9.1] /opt/gradle/.gradle/caches/9.3.1/transforms/e7617e5446f20b48bdfd7333f7d72100/transformed/work-runtime-2.9.1/AndroidManifest.xml:97:17-82
194-->[androidx.work:work-runtime:2.9.1] /opt/gradle/.gradle/caches/9.3.1/transforms/e7617e5446f20b48bdfd7333f7d72100/transformed/work-runtime-2.9.1/AndroidManifest.xml:97:25-79
195            </intent-filter>
196        </receiver>
197        <receiver
197-->[androidx.work:work-runtime:2.9.1] /opt/gradle/.gradle/caches/9.3.1/transforms/e7617e5446f20b48bdfd7333f7d72100/transformed/work-runtime-2.9.1/AndroidManifest.xml:100:9-109:20
198            android:name="androidx.work.impl.background.systemalarm.ConstraintProxy$NetworkStateProxy"
198-->[androidx.work:work-runtime:2.9.1] /opt/gradle/.gradle/caches/9.3.1/transforms/e7617e5446f20b48bdfd7333f7d72100/transformed/work-runtime-2.9.1/AndroidManifest.xml:101:13-103
199            android:directBootAware="false"
199-->[androidx.work:work-runtime:2.9.1] /opt/gradle/.gradle/caches/9.3.1/transforms/e7617e5446f20b48bdfd7333f7d72100/transformed/work-runtime-2.9.1/AndroidManifest.xml:102:13-44
200            android:enabled="false"
200-->[androidx.work:work-runtime:2.9.1] /opt/gradle/.gradle/caches/9.3.1/transforms/e7617e5446f20b48bdfd7333f7d72100/transformed/work-runtime-2.9.1/AndroidManifest.xml:103:13-36
201            android:exported="false" >
201-->[androidx.work:work-runtime:2.9.1] /opt/gradle/.gradle/caches/9.3.1/transforms/e7617e5446f20b48bdfd7333f7d72100/transformed/work-runtime-2.9.1/AndroidManifest.xml:104:13-37
202            <intent-filter>
202-->[androidx.work:work-runtime:2.9.1] /opt/gradle/.gradle/caches/9.3.1/transforms/e7617e5446f20b48bdfd7333f7d72100/transformed/work-runtime-2.9.1/AndroidManifest.xml:106:13-108:29
203                <action android:name="android.net.conn.CONNECTIVITY_CHANGE" />
203-->[androidx.work:work-runtime:2.9.1] /opt/gradle/.gradle/caches/9.3.1/transforms/e7617e5446f20b48bdfd7333f7d72100/transformed/work-runtime-2.9.1/AndroidManifest.xml:107:17-79
203-->[androidx.work:work-runtime:2.9.1] /opt/gradle/.gradle/caches/9.3.1/transforms/e7617e5446f20b48bdfd7333f7d72100/transformed/work-runtime-2.9.1/AndroidManifest.xml:107:25-76
204            </intent-filter>
205        </receiver>
206        <receiver
206-->[androidx.work:work-runtime:2.9.1] /opt/gradle/.gradle/caches/9.3.1/transforms/e7617e5446f20b48bdfd7333f7d72100/transformed/work-runtime-2.9.1/AndroidManifest.xml:110:9-121:20
207            android:name="androidx.work.impl.background.systemalarm.RescheduleReceiver"
207-->[androidx.work:work-runtime:2.9.1] /opt/gradle/.gradle/caches/9.3.1/transforms/e7617e5446f20b48bdfd7333f7d72100/transformed/work-runtime-2.9.1/AndroidManifest.xml:111:13-88
208            android:directBootAware="false"
208-->[androidx.work:work-runtime:2.9.1] /opt/gradle/.gradle/caches/9.3.1/transforms/e7617e5446f20b48bdfd7333f7d72100/transformed/work-runtime-2.9.1/AndroidManifest.xml:112:13-44
209            android:enabled="false"
209-->[androidx.work:work-runtime:2.9.1] /opt/gradle/.gradle/caches/9.3.1/transforms/e7617e5446f20b48bdfd7333f7d72100/transformed/work-runtime-2.9.1/AndroidManifest.xml:113:13-36
210            android:exported="false" >
210-->[androidx.work:work-runtime:2.9.1] /opt/gradle/.gradle/caches/9.3.1/transforms/e7617e5446f20b48bdfd7333f7d72100/transformed/work-runtime-2.9.1/AndroidManifest.xml:114:13-37
211            <intent-filter>
211-->[androidx.work:work-runtime:2.9.1] /opt/gradle/.gradle/caches/9.3.1/transforms/e7617e5446f20b48bdfd7333f7d72100/transformed/work-runtime-2.9.1/AndroidManifest.xml:116:13-120:29
212                <action android:name="android.intent.action.BOOT_COMPLETED" />
212-->/app/applet/app/build/intermediates/tmp/manifest/test/debug/tempFile2ProcessTestManifest14847370064294329178.xml:52:17-79
212-->/app/applet/app/build/intermediates/tmp/manifest/test/debug/tempFile2ProcessTestManifest14847370064294329178.xml:52:25-76
213                <action android:name="android.intent.action.TIME_SET" />
213-->/app/applet/app/build/intermediates/tmp/manifest/test/debug/tempFile2ProcessTestManifest14847370064294329178.xml:54:17-73
213-->/app/applet/app/build/intermediates/tmp/manifest/test/debug/tempFile2ProcessTestManifest14847370064294329178.xml:54:25-70
214                <action android:name="android.intent.action.TIMEZONE_CHANGED" />
214-->/app/applet/app/build/intermediates/tmp/manifest/test/debug/tempFile2ProcessTestManifest14847370064294329178.xml:55:17-81
214-->/app/applet/app/build/intermediates/tmp/manifest/test/debug/tempFile2ProcessTestManifest14847370064294329178.xml:55:25-78
215            </intent-filter>
216        </receiver>
217        <receiver
217-->[androidx.work:work-runtime:2.9.1] /opt/gradle/.gradle/caches/9.3.1/transforms/e7617e5446f20b48bdfd7333f7d72100/transformed/work-runtime-2.9.1/AndroidManifest.xml:122:9-131:20
218            android:name="androidx.work.impl.background.systemalarm.ConstraintProxyUpdateReceiver"
218-->[androidx.work:work-runtime:2.9.1] /opt/gradle/.gradle/caches/9.3.1/transforms/e7617e5446f20b48bdfd7333f7d72100/transformed/work-runtime-2.9.1/AndroidManifest.xml:123:13-99
219            android:directBootAware="false"
219-->[androidx.work:work-runtime:2.9.1] /opt/gradle/.gradle/caches/9.3.1/transforms/e7617e5446f20b48bdfd7333f7d72100/transformed/work-runtime-2.9.1/AndroidManifest.xml:124:13-44
220            android:enabled="@bool/enable_system_alarm_service_default"
220-->[androidx.work:work-runtime:2.9.1] /opt/gradle/.gradle/caches/9.3.1/transforms/e7617e5446f20b48bdfd7333f7d72100/transformed/work-runtime-2.9.1/AndroidManifest.xml:125:13-72
221            android:exported="false" >
221-->[androidx.work:work-runtime:2.9.1] /opt/gradle/.gradle/caches/9.3.1/transforms/e7617e5446f20b48bdfd7333f7d72100/transformed/work-runtime-2.9.1/AndroidManifest.xml:126:13-37
222            <intent-filter>
222-->[androidx.work:work-runtime:2.9.1] /opt/gradle/.gradle/caches/9.3.1/transforms/e7617e5446f20b48bdfd7333f7d72100/transformed/work-runtime-2.9.1/AndroidManifest.xml:128:13-130:29
223                <action android:name="androidx.work.impl.background.systemalarm.UpdateProxies" />
223-->[androidx.work:work-runtime:2.9.1] /opt/gradle/.gradle/caches/9.3.1/transforms/e7617e5446f20b48bdfd7333f7d72100/transformed/work-runtime-2.9.1/AndroidManifest.xml:129:17-98
223-->[androidx.work:work-runtime:2.9.1] /opt/gradle/.gradle/caches/9.3.1/transforms/e7617e5446f20b48bdfd7333f7d72100/transformed/work-runtime-2.9.1/AndroidManifest.xml:129:25-95
224            </intent-filter>
225        </receiver>
226        <receiver
226-->[androidx.work:work-runtime:2.9.1] /opt/gradle/.gradle/caches/9.3.1/transforms/e7617e5446f20b48bdfd7333f7d72100/transformed/work-runtime-2.9.1/AndroidManifest.xml:132:9-142:20
227            android:name="androidx.work.impl.diagnostics.DiagnosticsReceiver"
227-->[androidx.work:work-runtime:2.9.1] /opt/gradle/.gradle/caches/9.3.1/transforms/e7617e5446f20b48bdfd7333f7d72100/transformed/work-runtime-2.9.1/AndroidManifest.xml:133:13-78
228            android:directBootAware="false"
228-->[androidx.work:work-runtime:2.9.1] /opt/gradle/.gradle/caches/9.3.1/transforms/e7617e5446f20b48bdfd7333f7d72100/transformed/work-runtime-2.9.1/AndroidManifest.xml:134:13-44
229            android:enabled="true"
229-->[androidx.work:work-runtime:2.9.1] /opt/gradle/.gradle/caches/9.3.1/transforms/e7617e5446f20b48bdfd7333f7d72100/transformed/work-runtime-2.9.1/AndroidManifest.xml:135:13-35
230            android:exported="true"
230-->[androidx.work:work-runtime:2.9.1] /opt/gradle/.gradle/caches/9.3.1/transforms/e7617e5446f20b48bdfd7333f7d72100/transformed/work-runtime-2.9.1/AndroidManifest.xml:136:13-36
231            android:permission="android.permission.DUMP" >
231-->[androidx.work:work-runtime:2.9.1] /opt/gradle/.gradle/caches/9.3.1/transforms/e7617e5446f20b48bdfd7333f7d72100/transformed/work-runtime-2.9.1/AndroidManifest.xml:137:13-57
232            <intent-filter>
232-->[androidx.work:work-runtime:2.9.1] /opt/gradle/.gradle/caches/9.3.1/transforms/e7617e5446f20b48bdfd7333f7d72100/transformed/work-runtime-2.9.1/AndroidManifest.xml:139:13-141:29
233                <action android:name="androidx.work.diagnostics.REQUEST_DIAGNOSTICS" />
233-->[androidx.work:work-runtime:2.9.1] /opt/gradle/.gradle/caches/9.3.1/transforms/e7617e5446f20b48bdfd7333f7d72100/transformed/work-runtime-2.9.1/AndroidManifest.xml:140:17-88
233-->[androidx.work:work-runtime:2.9.1] /opt/gradle/.gradle/caches/9.3.1/transforms/e7617e5446f20b48bdfd7333f7d72100/transformed/work-runtime-2.9.1/AndroidManifest.xml:140:25-85
234            </intent-filter>
235        </receiver>
236
237        <service
237-->[androidx.room:room-runtime-android:2.7.0] /opt/gradle/.gradle/caches/9.3.1/transforms/d8e2a238cb0c04644d3f50199d65323e/transformed/room-runtime-release/AndroidManifest.xml:24:9-28:63
238            android:name="androidx.room.MultiInstanceInvalidationService"
238-->[androidx.room:room-runtime-android:2.7.0] /opt/gradle/.gradle/caches/9.3.1/transforms/d8e2a238cb0c04644d3f50199d65323e/transformed/room-runtime-release/AndroidManifest.xml:25:13-74
239            android:directBootAware="true"
239-->[androidx.room:room-runtime-android:2.7.0] /opt/gradle/.gradle/caches/9.3.1/transforms/d8e2a238cb0c04644d3f50199d65323e/transformed/room-runtime-release/AndroidManifest.xml:26:13-43
240            android:exported="false" />
240-->[androidx.room:room-runtime-android:2.7.0] /opt/gradle/.gradle/caches/9.3.1/transforms/d8e2a238cb0c04644d3f50199d65323e/transformed/room-runtime-release/AndroidManifest.xml:27:13-37
241
242        <activity
242-->[androidx.compose.ui:ui-tooling-android:1.7.0] /opt/gradle/.gradle/caches/9.3.1/transforms/dcc7b1187c4fe0bd8b80919f1598ff35/transformed/ui-tooling-release/AndroidManifest.xml:23:9-25:39
243            android:name="androidx.compose.ui.tooling.PreviewActivity"
243-->[androidx.compose.ui:ui-tooling-android:1.7.0] /opt/gradle/.gradle/caches/9.3.1/transforms/dcc7b1187c4fe0bd8b80919f1598ff35/transformed/ui-tooling-release/AndroidManifest.xml:24:13-71
244            android:exported="true" />
244-->[androidx.compose.ui:ui-tooling-android:1.7.0] /opt/gradle/.gradle/caches/9.3.1/transforms/dcc7b1187c4fe0bd8b80919f1598ff35/transformed/ui-tooling-release/AndroidManifest.xml:25:13-36
245        <activity
245-->[io.github.takahirom.roborazzi:roborazzi:1.59.0] /opt/gradle/.gradle/caches/9.3.1/transforms/f2f47d808fdf956c205eee0251ac69bf/transformed/roborazzi-1.59.0/AndroidManifest.xml:8:9-10:64
246            android:name="com.github.takahirom.roborazzi.RoborazziTransparentActivity"
246-->[io.github.takahirom.roborazzi:roborazzi:1.59.0] /opt/gradle/.gradle/caches/9.3.1/transforms/f2f47d808fdf956c205eee0251ac69bf/transformed/roborazzi-1.59.0/AndroidManifest.xml:9:13-87
247            android:theme="@style/RoborazziTransparentTheme" />
247-->[io.github.takahirom.roborazzi:roborazzi:1.59.0] /opt/gradle/.gradle/caches/9.3.1/transforms/f2f47d808fdf956c205eee0251ac69bf/transformed/roborazzi-1.59.0/AndroidManifest.xml:10:13-61
248        <activity android:name="com.github.takahirom.roborazzi.RoborazziActivity" />
248-->[io.github.takahirom.roborazzi:roborazzi:1.59.0] /opt/gradle/.gradle/caches/9.3.1/transforms/f2f47d808fdf956c205eee0251ac69bf/transformed/roborazzi-1.59.0/AndroidManifest.xml:11:9-85
248-->[io.github.takahirom.roborazzi:roborazzi:1.59.0] /opt/gradle/.gradle/caches/9.3.1/transforms/f2f47d808fdf956c205eee0251ac69bf/transformed/roborazzi-1.59.0/AndroidManifest.xml:11:19-82
249        <activity
249-->[androidx.test:core:1.7.0] /opt/gradle/.gradle/caches/9.3.1/transforms/d1e5728ab367edfc9d788818e670889a/transformed/core-1.7.0/AndroidManifest.xml:27:9-34:20
250            android:name="androidx.test.core.app.InstrumentationActivityInvoker$BootstrapActivity"
250-->[androidx.test:core:1.7.0] /opt/gradle/.gradle/caches/9.3.1/transforms/d1e5728ab367edfc9d788818e670889a/transformed/core-1.7.0/AndroidManifest.xml:28:13-99
251            android:exported="true"
251-->[androidx.test:core:1.7.0] /opt/gradle/.gradle/caches/9.3.1/transforms/d1e5728ab367edfc9d788818e670889a/transformed/core-1.7.0/AndroidManifest.xml:29:13-36
252            android:theme="@style/WhiteBackgroundTheme" >
252-->[androidx.test:core:1.7.0] /opt/gradle/.gradle/caches/9.3.1/transforms/d1e5728ab367edfc9d788818e670889a/transformed/core-1.7.0/AndroidManifest.xml:30:13-56
253            <intent-filter android:priority="-100" >
253-->[androidx.test:core:1.7.0] /opt/gradle/.gradle/caches/9.3.1/transforms/d1e5728ab367edfc9d788818e670889a/transformed/core-1.7.0/AndroidManifest.xml:31:13-33:29
253-->[androidx.test:core:1.7.0] /opt/gradle/.gradle/caches/9.3.1/transforms/d1e5728ab367edfc9d788818e670889a/transformed/core-1.7.0/AndroidManifest.xml:31:28-51
254                <category android:name="android.intent.category.LAUNCHER" />
254-->/app/applet/app/build/intermediates/tmp/manifest/test/debug/tempFile2ProcessTestManifest14847370064294329178.xml:41:17-77
254-->/app/applet/app/build/intermediates/tmp/manifest/test/debug/tempFile2ProcessTestManifest14847370064294329178.xml:41:27-74
255            </intent-filter>
256        </activity>
257        <activity
257-->[androidx.test:core:1.7.0] /opt/gradle/.gradle/caches/9.3.1/transforms/d1e5728ab367edfc9d788818e670889a/transformed/core-1.7.0/AndroidManifest.xml:35:9-42:20
258            android:name="androidx.test.core.app.InstrumentationActivityInvoker$EmptyActivity"
258-->[androidx.test:core:1.7.0] /opt/gradle/.gradle/caches/9.3.1/transforms/d1e5728ab367edfc9d788818e670889a/transformed/core-1.7.0/AndroidManifest.xml:36:13-95
259            android:exported="true"
259-->[androidx.test:core:1.7.0] /opt/gradle/.gradle/caches/9.3.1/transforms/d1e5728ab367edfc9d788818e670889a/transformed/core-1.7.0/AndroidManifest.xml:37:13-36
260            android:theme="@style/WhiteBackgroundTheme" >
260-->[androidx.test:core:1.7.0] /opt/gradle/.gradle/caches/9.3.1/transforms/d1e5728ab367edfc9d788818e670889a/transformed/core-1.7.0/AndroidManifest.xml:38:13-56
261            <intent-filter android:priority="-100" >
261-->[androidx.test:core:1.7.0] /opt/gradle/.gradle/caches/9.3.1/transforms/d1e5728ab367edfc9d788818e670889a/transformed/core-1.7.0/AndroidManifest.xml:31:13-33:29
261-->[androidx.test:core:1.7.0] /opt/gradle/.gradle/caches/9.3.1/transforms/d1e5728ab367edfc9d788818e670889a/transformed/core-1.7.0/AndroidManifest.xml:31:28-51
262                <category android:name="android.intent.category.LAUNCHER" />
262-->/app/applet/app/build/intermediates/tmp/manifest/test/debug/tempFile2ProcessTestManifest14847370064294329178.xml:41:17-77
262-->/app/applet/app/build/intermediates/tmp/manifest/test/debug/tempFile2ProcessTestManifest14847370064294329178.xml:41:27-74
263            </intent-filter>
264        </activity>
265        <activity
265-->[androidx.test:core:1.7.0] /opt/gradle/.gradle/caches/9.3.1/transforms/d1e5728ab367edfc9d788818e670889a/transformed/core-1.7.0/AndroidManifest.xml:43:9-50:20
266            android:name="androidx.test.core.app.InstrumentationActivityInvoker$EmptyFloatingActivity"
266-->[androidx.test:core:1.7.0] /opt/gradle/.gradle/caches/9.3.1/transforms/d1e5728ab367edfc9d788818e670889a/transformed/core-1.7.0/AndroidManifest.xml:44:13-103
267            android:exported="true"
267-->[androidx.test:core:1.7.0] /opt/gradle/.gradle/caches/9.3.1/transforms/d1e5728ab367edfc9d788818e670889a/transformed/core-1.7.0/AndroidManifest.xml:45:13-36
268            android:theme="@style/WhiteBackgroundDialogTheme" >
268-->[androidx.test:core:1.7.0] /opt/gradle/.gradle/caches/9.3.1/transforms/d1e5728ab367edfc9d788818e670889a/transformed/core-1.7.0/AndroidManifest.xml:46:13-62
269            <intent-filter android:priority="-100" >
269-->[androidx.test:core:1.7.0] /opt/gradle/.gradle/caches/9.3.1/transforms/d1e5728ab367edfc9d788818e670889a/transformed/core-1.7.0/AndroidManifest.xml:31:13-33:29
269-->[androidx.test:core:1.7.0] /opt/gradle/.gradle/caches/9.3.1/transforms/d1e5728ab367edfc9d788818e670889a/transformed/core-1.7.0/AndroidManifest.xml:31:28-51
270                <category android:name="android.intent.category.LAUNCHER" />
270-->/app/applet/app/build/intermediates/tmp/manifest/test/debug/tempFile2ProcessTestManifest14847370064294329178.xml:41:17-77
270-->/app/applet/app/build/intermediates/tmp/manifest/test/debug/tempFile2ProcessTestManifest14847370064294329178.xml:41:27-74
271            </intent-filter>
272        </activity>
273
274        <receiver
274-->[androidx.profileinstaller:profileinstaller:1.4.0] /opt/gradle/.gradle/caches/9.3.1/transforms/2384ea122bc398bc4cf80b1d2716b8a4/transformed/profileinstaller-1.4.0/AndroidManifest.xml:34:9-52:20
275            android:name="androidx.profileinstaller.ProfileInstallReceiver"
275-->[androidx.profileinstaller:profileinstaller:1.4.0] /opt/gradle/.gradle/caches/9.3.1/transforms/2384ea122bc398bc4cf80b1d2716b8a4/transformed/profileinstaller-1.4.0/AndroidManifest.xml:35:13-76
276            android:directBootAware="false"
276-->[androidx.profileinstaller:profileinstaller:1.4.0] /opt/gradle/.gradle/caches/9.3.1/transforms/2384ea122bc398bc4cf80b1d2716b8a4/transformed/profileinstaller-1.4.0/AndroidManifest.xml:36:13-44
277            android:enabled="true"
277-->[androidx.profileinstaller:profileinstaller:1.4.0] /opt/gradle/.gradle/caches/9.3.1/transforms/2384ea122bc398bc4cf80b1d2716b8a4/transformed/profileinstaller-1.4.0/AndroidManifest.xml:37:13-35
278            android:exported="true"
278-->[androidx.profileinstaller:profileinstaller:1.4.0] /opt/gradle/.gradle/caches/9.3.1/transforms/2384ea122bc398bc4cf80b1d2716b8a4/transformed/profileinstaller-1.4.0/AndroidManifest.xml:38:13-36
279            android:permission="android.permission.DUMP" >
279-->[androidx.profileinstaller:profileinstaller:1.4.0] /opt/gradle/.gradle/caches/9.3.1/transforms/2384ea122bc398bc4cf80b1d2716b8a4/transformed/profileinstaller-1.4.0/AndroidManifest.xml:39:13-57
280            <intent-filter>
280-->[androidx.profileinstaller:profileinstaller:1.4.0] /opt/gradle/.gradle/caches/9.3.1/transforms/2384ea122bc398bc4cf80b1d2716b8a4/transformed/profileinstaller-1.4.0/AndroidManifest.xml:40:13-42:29
281                <action android:name="androidx.profileinstaller.action.INSTALL_PROFILE" />
281-->[androidx.profileinstaller:profileinstaller:1.4.0] /opt/gradle/.gradle/caches/9.3.1/transforms/2384ea122bc398bc4cf80b1d2716b8a4/transformed/profileinstaller-1.4.0/AndroidManifest.xml:41:17-91
281-->[androidx.profileinstaller:profileinstaller:1.4.0] /opt/gradle/.gradle/caches/9.3.1/transforms/2384ea122bc398bc4cf80b1d2716b8a4/transformed/profileinstaller-1.4.0/AndroidManifest.xml:41:25-88
282            </intent-filter>
283            <intent-filter>
283-->[androidx.profileinstaller:profileinstaller:1.4.0] /opt/gradle/.gradle/caches/9.3.1/transforms/2384ea122bc398bc4cf80b1d2716b8a4/transformed/profileinstaller-1.4.0/AndroidManifest.xml:43:13-45:29
284                <action android:name="androidx.profileinstaller.action.SKIP_FILE" />
284-->[androidx.profileinstaller:profileinstaller:1.4.0] /opt/gradle/.gradle/caches/9.3.1/transforms/2384ea122bc398bc4cf80b1d2716b8a4/transformed/profileinstaller-1.4.0/AndroidManifest.xml:44:17-85
284-->[androidx.profileinstaller:profileinstaller:1.4.0] /opt/gradle/.gradle/caches/9.3.1/transforms/2384ea122bc398bc4cf80b1d2716b8a4/transformed/profileinstaller-1.4.0/AndroidManifest.xml:44:25-82
285            </intent-filter>
286            <intent-filter>
286-->[androidx.profileinstaller:profileinstaller:1.4.0] /opt/gradle/.gradle/caches/9.3.1/transforms/2384ea122bc398bc4cf80b1d2716b8a4/transformed/profileinstaller-1.4.0/AndroidManifest.xml:46:13-48:29
287                <action android:name="androidx.profileinstaller.action.SAVE_PROFILE" />
287-->[androidx.profileinstaller:profileinstaller:1.4.0] /opt/gradle/.gradle/caches/9.3.1/transforms/2384ea122bc398bc4cf80b1d2716b8a4/transformed/profileinstaller-1.4.0/AndroidManifest.xml:47:17-88
287-->[androidx.profileinstaller:profileinstaller:1.4.0] /opt/gradle/.gradle/caches/9.3.1/transforms/2384ea122bc398bc4cf80b1d2716b8a4/transformed/profileinstaller-1.4.0/AndroidManifest.xml:47:25-85
288            </intent-filter>
289            <intent-filter>
289-->[androidx.profileinstaller:profileinstaller:1.4.0] /opt/gradle/.gradle/caches/9.3.1/transforms/2384ea122bc398bc4cf80b1d2716b8a4/transformed/profileinstaller-1.4.0/AndroidManifest.xml:49:13-51:29
290                <action android:name="androidx.profileinstaller.action.BENCHMARK_OPERATION" />
290-->[androidx.profileinstaller:profileinstaller:1.4.0] /opt/gradle/.gradle/caches/9.3.1/transforms/2384ea122bc398bc4cf80b1d2716b8a4/transformed/profileinstaller-1.4.0/AndroidManifest.xml:50:17-95
290-->[androidx.profileinstaller:profileinstaller:1.4.0] /opt/gradle/.gradle/caches/9.3.1/transforms/2384ea122bc398bc4cf80b1d2716b8a4/transformed/profileinstaller-1.4.0/AndroidManifest.xml:50:25-92
291            </intent-filter>
292        </receiver>
293
294        <meta-data
294-->[com.google.android.gms:play-services-basement:18.9.0] /opt/gradle/.gradle/caches/9.3.1/transforms/f616dbc3c30c8ae5f2d298251ff1050f/transformed/play-services-basement-18.9.0/AndroidManifest.xml:21:9-23:69
295            android:name="com.google.android.gms.version"
295-->[com.google.android.gms:play-services-basement:18.9.0] /opt/gradle/.gradle/caches/9.3.1/transforms/f616dbc3c30c8ae5f2d298251ff1050f/transformed/play-services-basement-18.9.0/AndroidManifest.xml:22:13-58
296            android:value="@integer/google_play_services_version" />
296-->[com.google.android.gms:play-services-basement:18.9.0] /opt/gradle/.gradle/caches/9.3.1/transforms/f616dbc3c30c8ae5f2d298251ff1050f/transformed/play-services-basement-18.9.0/AndroidManifest.xml:23:13-66
297
298        <activity
298-->[androidx.compose.ui:ui-test-manifest:1.7.0] /opt/gradle/.gradle/caches/9.3.1/transforms/5c1754041db7d77edcb59fedd08b8a3f/transformed/ui-test-manifest-1.7.0/AndroidManifest.xml:23:9-25:39
299            android:name="androidx.activity.ComponentActivity"
299-->[androidx.compose.ui:ui-test-manifest:1.7.0] /opt/gradle/.gradle/caches/9.3.1/transforms/5c1754041db7d77edcb59fedd08b8a3f/transformed/ui-test-manifest-1.7.0/AndroidManifest.xml:24:13-63
300            android:exported="true" /> <!-- The activities will be merged into the manifest of the hosting app. -->
300-->[androidx.compose.ui:ui-test-manifest:1.7.0] /opt/gradle/.gradle/caches/9.3.1/transforms/5c1754041db7d77edcb59fedd08b8a3f/transformed/ui-test-manifest-1.7.0/AndroidManifest.xml:25:13-36
301        <activity
301-->[com.google.android.play:core-common:2.0.4] /opt/gradle/.gradle/caches/9.3.1/transforms/187783eb789709285d35db2d656660da/transformed/core-common-2.0.4/AndroidManifest.xml:14:9-18:65
302            android:name="com.google.android.play.core.common.PlayCoreDialogWrapperActivity"
302-->[com.google.android.play:core-common:2.0.4] /opt/gradle/.gradle/caches/9.3.1/transforms/187783eb789709285d35db2d656660da/transformed/core-common-2.0.4/AndroidManifest.xml:15:13-93
303            android:exported="false"
303-->[com.google.android.play:core-common:2.0.4] /opt/gradle/.gradle/caches/9.3.1/transforms/187783eb789709285d35db2d656660da/transformed/core-common-2.0.4/AndroidManifest.xml:16:13-37
304            android:stateNotNeeded="true"
304-->[com.google.android.play:core-common:2.0.4] /opt/gradle/.gradle/caches/9.3.1/transforms/187783eb789709285d35db2d656660da/transformed/core-common-2.0.4/AndroidManifest.xml:17:13-42
305            android:theme="@style/Theme.PlayCore.Transparent" />
305-->[com.google.android.play:core-common:2.0.4] /opt/gradle/.gradle/caches/9.3.1/transforms/187783eb789709285d35db2d656660da/transformed/core-common-2.0.4/AndroidManifest.xml:18:13-62
306    </application>
307
308</manifest>

Merged manifest saved to /app/applet/app/build/intermediates/packaged_manifests/debugUnitTest/processDebugUnitTestManifest/AndroidManifest.xml
Resolve mutations for :app:generateDebugUnitTestConfig (Thread[#214,Execution worker Thread 2,5,main]) started.
:app:generateDebugUnitTestConfig (Thread[#214,Execution worker Thread 2,5,main]) started.

> Task :app:generateDebugUnitTestConfig
Caching disabled for task ':app:generateDebugUnitTestConfig' because:
  Caching has been disabled for the task
Task ':app:generateDebugUnitTestConfig' is not up-to-date because:
  Output property 'outputDirectory' file /app/applet/app/build/intermediates/unit_test_config_directory/debugUnitTest/generateDebugUnitTestConfig/out has been removed.
  Output property 'outputDirectory' file /app/applet/app/build/intermediates/unit_test_config_directory/debugUnitTest/generateDebugUnitTestConfig/out/com has been removed.
  Output property 'outputDirectory' file /app/applet/app/build/intermediates/unit_test_config_directory/debugUnitTest/generateDebugUnitTestConfig/out/com/android has been removed.
  and more...

> Task :app:kspDebugKotlin
Build cache key for task ':app:kspDebugKotlin' is 9afdd15f8e363240b7c1d1c0ae7eb9c5
Task ':app:kspDebugKotlin' is not up-to-date because:
  Value of input property 'kspConfig.logLevel' has changed for task ':app:kspDebugKotlin'
The input changes require a full rebuild for incremental task ':app:kspDebugKotlin'.
i: [ksp] loaded provider(s): [androidx.room.RoomKspProcessor$Provider, com.squareup.moshi.kotlin.codegen.ksp.JsonClassSymbolProcessorProvider]
Stored cache entry for task ':app:kspDebugKotlin' with cache key 9afdd15f8e363240b7c1d1c0ae7eb9c5
Resolve mutations for :app:compileDebugKotlin (Thread[#212,included builds,5,main]) started.
:app:compileDebugKotlin (Thread[#212,included builds,5,main]) started.

> Task :app:compileDebugKotlin UP-TO-DATE
file or directory '/app/applet/app/src/main/kotlin', not found
file or directory '/app/applet/app/src/debug/java', not found
file or directory '/app/applet/app/src/debug/kotlin', not found
file or directory '/app/applet/app/src/debug/java', not found
file or directory '/app/applet/app/src/main/kotlin', not found
file or directory '/app/applet/app/src/debug/java', not found
file or directory '/app/applet/app/src/debug/kotlin', not found
file or directory '/app/applet/app/src/debug/java', not found
file or directory '/app/applet/app/src/main/kotlin', not found
file or directory '/app/applet/app/src/debug/java', not found
file or directory '/app/applet/app/src/debug/kotlin', not found
file or directory '/app/applet/app/src/debug/java', not found
Build cache key for task ':app:compileDebugKotlin' is 82b67ce9a9912736c84d2ff9bb29f355
Skipping task ':app:compileDebugKotlin' as it is up-to-date.
Resolve mutations for :app:compileDebugJavaWithJavac (Thread[#212,included builds,5,main]) started.
Resolve mutations for :app:processDebugJavaRes (Thread[#214,Execution worker Thread 2,5,main]) started.
:app:processDebugJavaRes (Thread[#214,Execution worker Thread 2,5,main]) started.
:app:compileDebugJavaWithJavac (Thread[#212,included builds,5,main]) started.

> Task :app:processDebugJavaRes UP-TO-DATE
file or directory '/app/applet/app/src/main/resources', not found
file or directory '/app/applet/app/src/debug/resources', not found
Caching disabled for task ':app:processDebugJavaRes' because:
  Caching has been disabled for the task
Skipping task ':app:processDebugJavaRes' as it is up-to-date.
work action resolve out (project :app) (Thread[#214,Execution worker Thread 2,5,main]) started.

> Task :app:compileDebugJavaWithJavac UP-TO-DATE
Build cache key for task ':app:compileDebugJavaWithJavac' is 2f5b0341719d8db18e13a176cbe85e1f
Skipping task ':app:compileDebugJavaWithJavac' as it is up-to-date.
No compile result for :app:compileDebugJavaWithJavac
Resolve mutations for :app:bundleDebugClassesToRuntimeJar (Thread[#212,included builds,5,main]) started.
Resolve mutations for :app:bundleDebugClassesToCompileJar (Thread[#214,Execution worker Thread 2,5,main]) started.
:app:bundleDebugClassesToCompileJar (Thread[#214,Execution worker Thread 2,5,main]) started.
:app:bundleDebugClassesToRuntimeJar (Thread[#212,included builds,5,main]) started.

> Task :app:bundleDebugClassesToRuntimeJar
Caching disabled for task ':app:bundleDebugClassesToRuntimeJar' because:
  Caching has been disabled for the task
Task ':app:bundleDebugClassesToRuntimeJar' is not up-to-date because:
  Input property 'inputDirs' file /app/applet/app/build/intermediates/javac/debug/compileDebugJavaWithJavac/classes/com/example/BuildConfig.class has been removed.
work action resolve classes.jar (project :app) (Thread[#212,included builds,5,main]) started.

> Task :app:bundleDebugClassesToCompileJar
Caching disabled for task ':app:bundleDebugClassesToCompileJar' because:
  Caching has been disabled for the task
Task ':app:bundleDebugClassesToCompileJar' is not up-to-date because:
  Input property 'inputDirs' file /app/applet/app/build/intermediates/javac/debug/compileDebugJavaWithJavac/classes/com/example/BuildConfig.class has been removed.
file or directory '/app/applet/app/build/generated/ksp/debug/resources', not found
file or directory '/app/applet/app/build/generated/ksp/debug/classes', not found
work action resolve classes.jar (project :app) (Thread[#214,Execution worker Thread 2,5,main]) started.
Resolve mutations for :app:kspDebugUnitTestKotlin (Thread[#214,Execution worker Thread 2,5,main]) started.
:app:kspDebugUnitTestKotlin (Thread[#214,Execution worker Thread 2,5,main]) started.

> Task :app:kspDebugUnitTestKotlin
Caching disabled for AarToClassTransform: /opt/gradle/.gradle/caches/modules-2/files-2.1/androidx.work/work-testing/2.9.1/5689813f4ae494508ad330f588f21fca3609bec0/work-testing-2.9.1.aar because:
  Caching not enabled.
Build cache key for StructureTransformAction: /opt/gradle/.gradle/caches/9.3.1/transforms/69f48e2c043b23ada74b152f8686ed27/transformed/work-testing-2.9.1-api.jar is 7bc5b3828ca0a8f67b239cc587951f30
Build cache key for StructureTransformAction: /app/applet/app/build/intermediates/compile_app_classes_jar/debug/bundleDebugClassesToCompileJar/classes.jar is bb7c22dcefea9719aab3d1566fb2083f
Stored cache entry for StructureTransformAction: /opt/gradle/.gradle/caches/9.3.1/transforms/69f48e2c043b23ada74b152f8686ed27/transformed/work-testing-2.9.1-api.jar with cache key 7bc5b3828ca0a8f67b239cc587951f30
Stored cache entry for StructureTransformAction: /app/applet/app/build/intermediates/compile_app_classes_jar/debug/bundleDebugClassesToCompileJar/classes.jar with cache key bb7c22dcefea9719aab3d1566fb2083f
Build cache key for task ':app:kspDebugUnitTestKotlin' is cc629b9e1efc2c5ada3eead20ddc29c9
Task ':app:kspDebugUnitTestKotlin' is not up-to-date because:
  Input property 'kspConfig.classpathStructure' file /opt/gradle/.gradle/caches/9.3.1/transforms/c420f5e139bd3c473b4762b84f8ff9de/transformed/output.bin has been added.
  Input property 'kspConfig.classpathStructure' file /opt/gradle/.gradle/caches/9.3.1/transforms/ad862f0401cdf9b9ac8e718ea222b4a1/transformed/output.bin has been added.
  Input property 'kspConfig.classpathStructure' file /opt/gradle/.gradle/caches/9.3.1/transforms/0a1218fbcc3fde9c097459b6e3f04bb6/transformed/output.bin has been removed.
  and more...
i: [ksp] loaded provider(s): [androidx.room.RoomKspProcessor$Provider, com.squareup.moshi.kotlin.codegen.ksp.JsonClassSymbolProcessorProvider]
Stored cache entry for task ':app:kspDebugUnitTestKotlin' with cache key cc629b9e1efc2c5ada3eead20ddc29c9
Resolve mutations for :app:compileDebugUnitTestKotlin (Thread[#214,Execution worker Thread 2,5,main]) started.
:app:compileDebugUnitTestKotlin (Thread[#214,Execution worker Thread 2,5,main]) started.

> Task :app:compileDebugUnitTestKotlin
file or directory '/app/applet/app/src/test/kotlin', not found
file or directory '/app/applet/app/src/testDebug/java', not found
file or directory '/app/applet/app/src/testDebug/kotlin', not found
file or directory '/app/applet/app/src/testDebug/java', not found
file or directory '/app/applet/app/src/test/kotlin', not found
file or directory '/app/applet/app/src/testDebug/java', not found
file or directory '/app/applet/app/src/testDebug/kotlin', not found
file or directory '/app/applet/app/src/testDebug/java', not found
Build cache key for BuildToolsApiClasspathEntrySnapshotTransform: /opt/gradle/.gradle/caches/9.3.1/transforms/69f48e2c043b23ada74b152f8686ed27/transformed/work-testing-2.9.1-api.jar is cc52e7ac5532955640e5ebf06a552f35
Build cache key for BuildToolsApiClasspathEntrySnapshotTransform: /app/applet/app/build/intermediates/compile_app_classes_jar/debug/bundleDebugClassesToCompileJar/classes.jar is 8c8f72fe94194adae9fa54f74967e75e
Stored cache entry for BuildToolsApiClasspathEntrySnapshotTransform: /opt/gradle/.gradle/caches/9.3.1/transforms/69f48e2c043b23ada74b152f8686ed27/transformed/work-testing-2.9.1-api.jar with cache key cc52e7ac5532955640e5ebf06a552f35
Stored cache entry for BuildToolsApiClasspathEntrySnapshotTransform: /app/applet/app/build/intermediates/compile_app_classes_jar/debug/bundleDebugClassesToCompileJar/classes.jar with cache key 8c8f72fe94194adae9fa54f74967e75e
file or directory '/app/applet/app/src/test/kotlin', not found
file or directory '/app/applet/app/src/testDebug/java', not found
file or directory '/app/applet/app/src/testDebug/kotlin', not found
file or directory '/app/applet/app/src/testDebug/java', not found
Build cache key for task ':app:compileDebugUnitTestKotlin' is 06f8773ae056f0f1567db5f555c2b110
Task ':app:compileDebugUnitTestKotlin' is not up-to-date because:
  Input property 'classpathSnapshotProperties.classpathSnapshot' file /opt/gradle/.gradle/caches/9.3.1/transforms/5de24269e21148a9d7e3f26f3c2716b3/transformed/classes_jar-snapshot.bin has been removed.
  Input property 'classpathSnapshotProperties.classpathSnapshot' file /opt/gradle/.gradle/caches/9.3.1/transforms/26478c966c91714277e2a4760cc5d68b/transformed/classes_jar-snapshot.bin has been added.
  Input property 'classpathSnapshotProperties.classpathSnapshot' file /opt/gradle/.gradle/caches/9.3.1/transforms/211c8dcac8cad599e62f910d97a6d980/transformed/work-testing-2_9_1-api_jar-snapshot.bin has been added.
  and more...
file or directory '/app/applet/app/src/test/kotlin', not found
file or directory '/app/applet/app/src/test/kotlin', not found
file or directory '/app/applet/app/src/testDebug/java', not found
file or directory '/app/applet/app/src/testDebug/java', not found
file or directory '/app/applet/app/src/testDebug/kotlin', not found
file or directory '/app/applet/app/src/testDebug/kotlin', not found
file or directory '/app/applet/app/src/testDebug/java', not found
file or directory '/app/applet/app/src/testDebug/java', not found
file or directory '/app/applet/app/build/generated/ksp/debugUnitTest/java', not found
file or directory '/app/applet/app/build/generated/ksp/debugUnitTest/kotlin', not found
file or directory '/app/applet/app/src/test/kotlin', not found
file or directory '/app/applet/app/src/test/kotlin', not found
file or directory '/app/applet/app/src/testDebug/java', not found
file or directory '/app/applet/app/src/testDebug/java', not found
file or directory '/app/applet/app/src/testDebug/kotlin', not found
file or directory '/app/applet/app/src/testDebug/kotlin', not found
file or directory '/app/applet/app/src/testDebug/java', not found
file or directory '/app/applet/app/src/testDebug/java', not found
file or directory '/app/applet/app/build/generated/ksp/debugUnitTest/java', not found
file or directory '/app/applet/app/build/generated/ksp/debugUnitTest/kotlin', not found
file or directory '/app/applet/app/src/test/kotlin', not found
file or directory '/app/applet/app/src/test/kotlin', not found
file or directory '/app/applet/app/src/testDebug/java', not found
file or directory '/app/applet/app/src/testDebug/java', not found
file or directory '/app/applet/app/src/testDebug/kotlin', not found
file or directory '/app/applet/app/src/testDebug/kotlin', not found
file or directory '/app/applet/app/src/testDebug/java', not found
file or directory '/app/applet/app/src/testDebug/java', not found
file or directory '/app/applet/app/build/generated/ksp/debugUnitTest/java', not found
file or directory '/app/applet/app/build/generated/ksp/debugUnitTest/kotlin', not found
file or directory '/app/applet/app/src/test/kotlin', not found
file or directory '/app/applet/app/src/test/kotlin', not found
file or directory '/app/applet/app/src/testDebug/java', not found
file or directory '/app/applet/app/src/testDebug/java', not found
file or directory '/app/applet/app/src/testDebug/kotlin', not found
file or directory '/app/applet/app/src/testDebug/kotlin', not found
file or directory '/app/applet/app/src/testDebug/java', not found
file or directory '/app/applet/app/src/testDebug/java', not found
file or directory '/app/applet/app/build/generated/ksp/debugUnitTest/java', not found
file or directory '/app/applet/app/build/generated/ksp/debugUnitTest/kotlin', not found
Kotlin source files: /app/applet/app/src/test/java/com/example/GreetingScreenshotTest.kt, /app/applet/app/src/test/java/com/example/domain/ScheduleTranslationEngineTest.kt, /app/applet/app/src/test/java/com/example/domain/WeeklySummaryEngineTest.kt, /app/applet/app/src/test/java/com/example/domain/ScheduleEngineTest.kt, /app/applet/app/src/test/java/com/example/domain/CourseConflictDetectorTest.kt, /app/applet/app/src/test/java/com/example/ExampleUnitTest.kt, /app/applet/app/src/test/java/com/example/ExampleRobolectricTest.kt, /app/applet/app/src/test/java/com/example/ViewModelCrashTest.kt
Java source files: 
Script source files: 
Script file extensions: 
Using Kotlin/JVM incremental compilation
[KOTLIN] Kotlin compilation 'jdkHome' argument: /usr/lib/jvm/temurin-21-jdk-amd64
Finished executing kotlin compiler using IN_PROCESS strategy
Stored cache entry for task ':app:compileDebugUnitTestKotlin' with cache key 06f8773ae056f0f1567db5f555c2b110
Resolve mutations for :app:compileDebugUnitTestJavaWithJavac (Thread[#214,Execution worker Thread 2,5,main]) started.
Resolve mutations for :app:processDebugUnitTestJavaRes (Thread[#213,Execution worker,5,main]) started.
:app:processDebugUnitTestJavaRes (Thread[#212,included builds,5,main]) started.
:app:compileDebugUnitTestJavaWithJavac (Thread[#214,Execution worker Thread 2,5,main]) started.

> Task :app:compileDebugUnitTestJavaWithJavac NO-SOURCE
Skipping task ':app:compileDebugUnitTestJavaWithJavac' as it has no source files and no previous output files.

> Task :app:processDebugUnitTestJavaRes UP-TO-DATE
file or directory '/app/applet/app/src/test/resources', not found
file or directory '/app/applet/app/src/testDebug/resources', not found
Caching disabled for task ':app:processDebugUnitTestJavaRes' because:
  Caching has been disabled for the task
Skipping task ':app:processDebugUnitTestJavaRes' as it is up-to-date.
Resolve mutations for :app:testDebugUnitTest (Thread[#214,Execution worker Thread 2,5,main]) started.
:app:testDebugUnitTest (Thread[#214,Execution worker Thread 2,5,main]) started.
Gradle Test Executor 2 started executing tests.

> Task :app:testDebugUnitTest
Caching disabled for AarToClassTransform: /opt/gradle/.gradle/caches/modules-2/files-2.1/androidx.work/work-testing/2.9.1/5689813f4ae494508ad330f588f21fca3609bec0/work-testing-2.9.1.aar because:
  Caching not enabled.
Caching disabled for AarTransform: /opt/gradle/.gradle/caches/9.3.1/transforms/468b5d6f160ed304a6f17793e8377d77/transformed/work-testing-2.9.1 because:
  Caching not enabled.
Build cache key for task ':app:testDebugUnitTest' is 61bfc65b5879974ccd75b51f1bb296c6
Task ':app:testDebugUnitTest' is not up-to-date because:
  Input property 'candidateClassFiles' file /app/applet/app/build/intermediates/built_in_kotlinc/debugUnitTest/compileDebugUnitTestKotlin/classes/com/example/ViewModelCrashTest$testViewModelInit$1.class has changed.
  Input property 'candidateClassFiles' file /app/applet/app/build/intermediates/built_in_kotlinc/debugUnitTest/compileDebugUnitTestKotlin/classes/com/example/ViewModelCrashTest.class has changed.
  Input property 'stableClasspath' file /app/applet/app/build/intermediates/unit_test_config_directory/debugUnitTest/generateDebugUnitTestConfig/out/com/android/tools/test_config.properties has changed.
  and more...
file or directory '/app/applet/app/build/generated/ksp/debugUnitTest/resources', not found
file or directory '/app/applet/app/build/generated/ksp/debugUnitTest/classes', not found
file or directory '/app/applet/app/build/intermediates/javac/debugUnitTest/compileDebugUnitTestJavaWithJavac/classes', not found
Starting process 'Gradle Test Executor 2'. Working directory: /app/applet/app Command: /usr/lib/jvm/temurin-21-jdk-amd64/bin/java -Djava.awt.headless=true -Djava.library.path=/usr/java/packages/lib:/usr/lib64:/lib64:/lib:/usr/lib:/app/applet/app/src/testDebug/jniLibs:/app/applet/app/src/test/jniLibs -Dorg.gradle.internal.worker.tmpdir=/app/applet/app/build/tmp/testDebugUnitTest/work --add-opens=java.base/java.io=ALL-UNNAMED @/opt/gradle/.gradle/.tmp/gradle-worker-classpath3434451862791866238txt -Xmx512m -Dfile.encoding=UTF-8 -Duser.country=US -Duser.language=en -Duser.variant -ea worker.org.gradle.process.internal.worker.GradleWorkerMain 'Gradle Test Executor 2'
Successfully started process 'Gradle Test Executor 2'

Gradle Test Executor 2 finished executing tests.

> Task :app:testDebugUnitTest
Generating HTML test report...
Finished generating test html results (0.008 secs) into: /app/applet/app/build/reports/tests/testDebugUnitTest
Finished generating test XML results (0.001 secs) into: /app/applet/app/build/test-results/testDebugUnitTest
Stored cache entry for task ':app:testDebugUnitTest' with cache key 61bfc65b5879974ccd75b51f1bb296c6
Resolve mutations for :app:finalizeTestRoborazziDebug (Thread[#214,Execution worker Thread 2,5,main]) started.
:app:finalizeTestRoborazziDebug (Thread[#214,Execution worker Thread 2,5,main]) started.

> Task :app:finalizeTestRoborazziDebug SKIPPED
Roborazzi: roborazziTestFinalizer.onlyIf doesRoborazziRun false
Skipping task ':app:finalizeTestRoborazziDebug' as task onlyIf 'Task satisfies onlyIf spec' is false.
Build a6e749ee-d363-410e-b7f2-7053972cf5cc is started
Build a6e749ee-d363-410e-b7f2-7053972cf5cc is closed

See the complete report at file:///app/applet/build/reports/configuration-cache/b8akbpd7bvymddburd2m5zcy4/yf02izrqalcfb7ja6w4a79kg/configuration-cache-report.html

BUILD SUCCESSFUL in 53s
33 actionable tasks: 9 executed, 1 from cache, 23 up-to-date
Configuration cache entry stored.
Configuration Cache (/app/applet/.gradle/configuration-cache) [subdir: /app/applet/.gradle/configuration-cache/23abe53f-252e-4588-bc6b-3ee6e6be22fd] cleanup deleted 8 files/directories.
